Archive member included because of file (symbol)

../../wlan_bsp_cpu_low/mb_low/lib\libxil.a(xil_printf.o)
                              ./wlan_platform_low/w3_low.o (xil_printf)
../../wlan_bsp_cpu_low/mb_low/lib\libxil.a(_exception_handler.o)
                              c:/xilinx/14.4/ise_ds/edk/gnu/microblaze/nt64/bin/../lib/gcc/microblaze-xilinx-elf/4.6.2/../../../../microblaze-xilinx-elf/lib/bs/m/le/crt0.o (_exception_handler)
../../wlan_bsp_cpu_low/mb_low/lib\libxil.a(_program_clean.o)
                              c:/xilinx/14.4/ise_ds/edk/gnu/microblaze/nt64/bin/../lib/gcc/microblaze-xilinx-elf/4.6.2/../../../../microblaze-xilinx-elf/lib/bs/m/le/crtinit.o (_program_clean)
../../wlan_bsp_cpu_low/mb_low/lib\libxil.a(_program_init.o)
                              c:/xilinx/14.4/ise_ds/edk/gnu/microblaze/nt64/bin/../lib/gcc/microblaze-xilinx-elf/4.6.2/../../../../microblaze-xilinx-elf/lib/bs/m/le/crtinit.o (_program_init)
../../wlan_bsp_cpu_low/mb_low/lib\libxil.a(hw_exception_handler.o)
                              c:/xilinx/14.4/ise_ds/edk/gnu/microblaze/nt64/bin/../lib/gcc/microblaze-xilinx-elf/4.6.2/../../../../microblaze-xilinx-elf/lib/bs/m/le/crt0.o (_hw_exception_handler)
../../wlan_bsp_cpu_low/mb_low/lib\libxil.a(microblaze_enable_exceptions.o)
                              ./src/wlan_mac_dcf.o (microblaze_enable_exceptions)
../../wlan_bsp_cpu_low/mb_low/lib\libxil.a(microblaze_interrupt_handler.o)
                              c:/xilinx/14.4/ise_ds/edk/gnu/microblaze/nt64/bin/../lib/gcc/microblaze-xilinx-elf/4.6.2/../../../../microblaze-xilinx-elf/lib/bs/m/le/crt0.o (_interrupt_handler)
../../wlan_bsp_cpu_low/mb_low/lib\libxil.a(microblaze_interrupts_g.o)
                              ../../wlan_bsp_cpu_low/mb_low/lib\libxil.a(microblaze_interrupt_handler.o) (MB_InterruptVectorTable)
../../wlan_bsp_cpu_low/mb_low/lib\libxil.a(outbyte.o)
                              ../../wlan_bsp_cpu_low/mb_low/lib\libxil.a(xil_printf.o) (outbyte)
../../wlan_bsp_cpu_low/mb_low/lib\libxil.a(xil_cache.o)
                              ./src/wlan_mac_dcf.o (Xil_DCacheDisable)
../../wlan_bsp_cpu_low/mb_low/lib\libxil.a(xuartlite_l.o)
                              ../../wlan_bsp_cpu_low/mb_low/lib\libxil.a(outbyte.o) (XUartLite_SendByte)
../../wlan_bsp_cpu_low/mb_low/lib\libxil.a(xmbox.o)
                              ./wlan_mac_common_framework/wlan_mac_mailbox_util.o (XMbox_CfgInitialize)
../../wlan_bsp_cpu_low/mb_low/lib\libxil.a(xmbox_sinit.o)
                              ./wlan_mac_common_framework/wlan_mac_mailbox_util.o (XMbox_LookupConfig)
../../wlan_bsp_cpu_low/mb_low/lib\libxil.a(xmutex.o)
                              ./wlan_mac_common_framework/wlan_mac_pkt_buf_util.o (XMutex_CfgInitialize)
../../wlan_bsp_cpu_low/mb_low/lib\libxil.a(xmutex_sinit.o)
                              ./wlan_mac_common_framework/wlan_mac_pkt_buf_util.o (XMutex_LookupConfig)
../../wlan_bsp_cpu_low/mb_low/lib\libxil.a(radio_controller.o)
                              ./wlan_platform_low/w3_low.o (radio_controller_init)
../../wlan_bsp_cpu_low/mb_low/lib\libxil.a(w3_ad_controller.o)
                              ./wlan_platform_low/w3_low.o (ad_init)
../../wlan_bsp_cpu_low/mb_low/lib\libxil.a(w3_clock_controller.o)
                              ./wlan_platform_low/w3_low.o (clk_init)
../../wlan_bsp_cpu_low/mb_low/lib\libxil.a(w3_iic_eeprom.o)
                              ./wlan_platform_common/w3_common.o (w3_eeprom_read_serial_num)
../../wlan_bsp_cpu_low/mb_low/lib\libxil.a(print.o)
                              ../../wlan_bsp_cpu_low/mb_low/lib\libxil.a(w3_ad_controller.o) (print)
../../wlan_bsp_cpu_low/mb_low/lib\libxil.a(xbasic_types.o)
                              ../../wlan_bsp_cpu_low/mb_low/lib\libxil.a(hw_exception_handler.o) (XNullHandler)
../../wlan_bsp_cpu_low/mb_low/lib\libxil.a(microblaze_disable_dcache.o)
                              ../../wlan_bsp_cpu_low/mb_low/lib\libxil.a(xil_cache.o) (microblaze_disable_dcache)
../../wlan_bsp_cpu_low/mb_low/lib\libxil.a(microblaze_disable_icache.o)
                              ../../wlan_bsp_cpu_low/mb_low/lib\libxil.a(xil_cache.o) (microblaze_disable_icache)
../../wlan_bsp_cpu_low/mb_low/lib\libxil.a(microblaze_flush_dcache.o)
                              ../../wlan_bsp_cpu_low/mb_low/lib\libxil.a(xil_cache.o) (microblaze_flush_dcache)
../../wlan_bsp_cpu_low/mb_low/lib\libxil.a(microblaze_invalidate_dcache.o)
                              ../../wlan_bsp_cpu_low/mb_low/lib\libxil.a(xil_cache.o) (microblaze_invalidate_dcache)
../../wlan_bsp_cpu_low/mb_low/lib\libxil.a(microblaze_invalidate_icache.o)
                              ../../wlan_bsp_cpu_low/mb_low/lib\libxil.a(xil_cache.o) (microblaze_invalidate_icache)
../../wlan_bsp_cpu_low/mb_low/lib\libxil.a(xil_assert.o)
                              ../../wlan_bsp_cpu_low/mb_low/lib\libxil.a(xmbox.o) (Xil_Assert)
../../wlan_bsp_cpu_low/mb_low/lib\libxil.a(xmbox_g.o)
[...]
Memory Configuration

Name             Origin             Length             Attributes
mb_low_ilmb_bram_cntlr_mb_low_dlmb_bram_cntlr 0x00000050         0x0001ffb0
*default*        0x00000000         0xffffffff

Linker script and memory map

LOAD c:/xilinx/14.4/ise_ds/edk/gnu/microblaze/nt64/bin/../lib/gcc/microblaze-xilinx-elf/4.6.2/../../../../microblaze-xilinx-elf/lib/bs/m/le/crt0.o
LOAD c:/xilinx/14.4/ise_ds/edk/gnu/microblaze/nt64/bin/../lib/gcc/microblaze-xilinx-elf/4.6.2/bs/m/le/crti.o
LOAD c:/xilinx/14.4/ise_ds/edk/gnu/microblaze/nt64/bin/../lib/gcc/microblaze-xilinx-elf/4.6.2/bs/m/le/crtbegin.o
LOAD c:/xilinx/14.4/ise_ds/edk/gnu/microblaze/nt64/bin/../lib/gcc/microblaze-xilinx-elf/4.6.2/../../../../microblaze-xilinx-elf/lib/bs/m/le/crtinit.o
                [0x00000400]                _STACK_SIZE = DEFINED (_STACK_SIZE)?_STACK_SIZE:0x400
                [0x00000100]                _HEAP_SIZE = DEFINED (_HEAP_SIZE)?_HEAP_SIZE:0x100

.vectors.reset  0x00000000        0x8
 *(.vectors.reset)
 .vectors.reset
                0x00000000        0x8 c:/xilinx/14.4/ise_ds/edk/gnu/microblaze/nt64/bin/../lib/gcc/microblaze-xilinx-elf/4.6.2/../../../../microblaze-xilinx-elf/lib/bs/m/le/crt0.o
                0x00000000                _start

.vectors.sw_exception
 *(.vectors.sw_exception)

.vectors.interrupt
 *(.vectors.interrupt)

.vectors.hw_exception
 *(.vectors.hw_exception)

.text           0x00000050    0x11560
 *(.text)
 .text          0x00000050       0x34 c:/xilinx/14.4/ise_ds/edk/gnu/microblaze/nt64/bin/../lib/gcc/microblaze-xilinx-elf/4.6.2/../../../../microblaze-xilinx-elf/lib/bs/m/le/crt0.o
                0x00000050                _start1
                0x00000080                _exit
 .text          0x00000084      0x118 c:/xilinx/14.4/ise_ds/edk/gnu/microblaze/nt64/bin/../lib/gcc/microblaze-xilinx-elf/4.6.2/bs/m/le/crtbegin.o
 .text          0x0000019c       0xb0 c:/xilinx/14.4/ise_ds/edk/gnu/microblaze/nt64/bin/../lib/gcc/microblaze-xilinx-elf/4.6.2/../../../../microblaze-xilinx-elf/lib/bs/m/le/crtinit.o
                0x0000019c                _crtinit
 .text          0x0000024c      0x604 ../../wlan_bsp_cpu_low/mb_low/lib\libxil.a(xil_printf.o)
                0x00000438                xil_printf
 .text          0x00000850        0x8 ../../wlan_bsp_cpu_low/mb_low/lib\libxil.a(_program_clean.o)
                0x00000850                _program_clean
 .text          0x00000858        0x8 ../../wlan_bsp_cpu_low/mb_low/lib\libxil.a(_program_init.o)
                0x00000858                _program_init
 .text          0x00000860       0x14 ../../wlan_bsp_cpu_low/mb_low/lib\libxil.a(microblaze_enable_exceptions.o)
                0x00000860                microblaze_enable_exceptions
 .text          0x00000874       0x2c ../../wlan_bsp_cpu_low/mb_low/lib\libxil.a(outbyte.o)
                0x00000874                outbyte
 .text          0x000008a0       0x64 ../../wlan_bsp_cpu_low/mb_low/lib\libxil.a(xil_cache.o)
                0x000008a0                Xil_DCacheDisable
                0x000008d8                Xil_ICacheDisable
 .text          0x00000904       0x38 ../../wlan_bsp_cpu_low/mb_low/lib\libxil.a(xuartlite_l.o)
                0x00000904                XUartLite_SendByte
                0x00000920                XUartLite_RecvByte
 .text          0x0000093c      0xd28 ../../wlan_bsp_cpu_low/mb_low/lib\libxil.a(xmbox.o)
                0x0000093c                XMbox_CfgInitialize
                0x00000a6c                XMbox_Read
                0x00000c6c                XMbox_ReadBlocking
                0x00000db0                XMbox_Write
                0x00000fac                XMbox_WriteBlocking
                0x000010f0                XMbox_IsEmpty
                0x00001174                XMbox_IsFull
                0x000011f8                XMbox_Flush
                0x0000128c                XMbox_SetInterruptEnable
                0x00001310                XMbox_GetInterruptEnable
                0x000013a8                XMbox_GetInterruptStatus
                0x00001440                XMbox_ClearInterrupt
                0x000014c4                XMbox_SetSendThreshold
                0x00001548                XMbox_SetReceiveThreshold
                0x000015cc                XMbox_GetStatus
 .text          0x00001664       0x24 ../../wlan_bsp_cpu_low/mb_low/lib\libxil.a(xmbox_sinit.o)
                0x00001664                XMbox_LookupConfig
 .text          0x00001688      0x6d4 ../../wlan_bsp_cpu_low/mb_low/lib\libxil.a(xmutex.o)
                0x00001688                XMutex_CfgInitialize
                0x000017d8                XMutex_Lock
                0x00001880                XMutex_Trylock
                0x0000194c                XMutex_Unlock
                0x00001a00                XMutex_IsLocked
                0x00001aa4                XMutex_GetStatus
                0x00001b9c                XMutex_GetUser
                0x00001c98                XMutex_SetUser
 .text          0x00001d5c       0x24 ../../wlan_bsp_cpu_low/mb_low/lib\libxil.a(xmutex_sinit.o)
                0x00001d5c                XMutex_LookupConfig
 .text          0x00001d80     0x114c ../../wlan_bsp_cpu_low/mb_low/lib\libxil.a(radio_controller.o)
                0x00001d80                radio_controller_init
                0x00001fd0                radio_controller_TxEnable
                0x0000205c                radio_controller_RxEnable
                0x000020e8                radio_controller_TxRxDisable
                0x00002174                radio_controller_SPI_read
                0x00002230                radio_controller_SPI_setRegBits
                0x0000240c                radio_controller_setCenterFrequency
                0x000025d8                radio_controller_setRxHP
                0x00002688                radio_controller_setCtrlSource
                0x00002730                radio_controller_setTxGainTarget
                0x000027d0                radio_controller_setRadioParam
                0x00002a9c                radio_controller_setRxGainSource
                0x00002bb4                radio_controller_setTxGainSource
                0x00002cd0                radio_controller_apply_TxDCO_calibration
                0x00002e94                rc_usleep
 .text          0x00002ecc      0x91c ../../wlan_bsp_cpu_low/mb_low/lib\libxil.a(w3_ad_controller.o)
                0x00002ecc                ad_init
                0x00003134                ad_spi_read
                0x0000315c                ad_spi_write
                0x0000317c                ad_set_TxDCO
                0x00003214                ad_set_TxGain1
                0x0000327c                ad_set_TxGain2
                0x000032e4                ad_config_filters
                0x00003384                ad_config_clocks
                0x00003524                ad_config_DLL
                0x000037a8                ad_config_power
 .text          0x000037e8      0x518 ../../wlan_bsp_cpu_low/mb_low/lib\libxil.a(w3_clock_controller.o)
                0x000037e8                clk_init
                0x0000396c                clk_config_outputs
                0x00003a84                clk_config_input_rf_ref
                0x00003ae0                clk_config_read_clkmod_status
                0x00003aec                clk_config_dividers
                0x00003cb4                clk_spi_read
                0x00003ce0                clk_spi_write
 .text          0x00003d00      0x9c0 ../../wlan_bsp_cpu_low/mb_low/lib\libxil.a(w3_iic_eeprom.o)
                0x00003d00                iic_eeprom_trylock
                0x00003d18                iic_eeprom_unlock
                0x00003d24                w3_eeprom_read_serial_num
                0x00003d68                w3_eeprom_read_eth_addr
                0x00003e04                w3_eeprom_read_fpga_dna
                0x00003e5c                iic_eeprom_write_byte_internal
                0x00004004                iic_eeprom_write_byte
                0x00004068                iic_eeprom_read_byte_internal
                0x000041cc                iic_eeprom_read_fpga_dna
                0x000042c4                iic_eeprom_read_eth_addr
                0x00004458                iic_eeprom_read_serial_num
                0x000044c0                iic_eeprom_init
                0x00004638                iic_eeprom_read_byte
                0x0000469c                iic_eeprom_wait_for_rx_ack
 .text          0x000046c0       0x54 ../../wlan_bsp_cpu_low/mb_low/lib\libxil.a(print.o)
                0x000046c0                print
 .text          0x00004714       0x18 ../../wlan_bsp_cpu_low/mb_low/lib\libxil.a(microblaze_disable_dcache.o)
                0x00004714                microblaze_disable_dcache
 .text          0x0000472c       0x18 ../../wlan_bsp_cpu_low/mb_low/lib\libxil.a(microblaze_disable_icache.o)
                0x0000472c                microblaze_disable_icache
 .text          0x00004744       0x28 ../../wlan_bsp_cpu_low/mb_low/lib\libxil.a(microblaze_flush_dcache.o)
                0x00004744                microblaze_flush_dcache
 .text          0x0000476c       0x28 ../../wlan_bsp_cpu_low/mb_low/lib\libxil.a(microblaze_invalidate_dcache.o)
                0x0000476c                microblaze_invalidate_dcache
 .text          0x00004794       0x28 ../../wlan_bsp_cpu_low/mb_low/lib\libxil.a(microblaze_invalidate_icache.o)
                0x00004794                microblaze_invalidate_icache
 .text          0x000047bc       0x48 ../../wlan_bsp_cpu_low/mb_low/lib\libxil.a(xil_assert.o)
                0x000047bc                Xil_Assert
                0x000047f4                Xil_AssertSetCallback
 .text          0x00004804       0x70 c:/xilinx/14.4/ise_ds/edk/gnu/microblaze/nt64/bin/../lib/gcc/microblaze-xilinx-elf/4.6.2/bs/m/le\libgcc.a(_muldi3.o)
                0x00004804                __muldi3
 .text          0x00004874      0x6d8 c:/xilinx/14.4/ise_ds/edk/gnu/microblaze/nt64/bin/../lib/gcc/microblaze-xilinx-elf/4.6.2/bs/m/le\libgcc.a(_udivdi3.o)
                0x00004874                __udivdi3
 .text          0x00004f4c       0xa8 c:/xilinx/14.4/ise_ds/edk/gnu/microblaze/nt64/bin/../lib/gcc/microblaze-xilinx-elf/4.6.2/bs/m/le\libgcc.a(udivsi3.o)
                0x00004f4c                __udivsi3
 .text          0x00004ff4       0xbc c:/xilinx/14.4/ise_ds/edk/gnu/microblaze/nt64/bin/../lib/gcc/microblaze-xilinx-elf/4.6.2/bs/m/le\libgcc.a(umodsi3.o)
                0x00004ff4                __umodsi3
 .text          0x000050b0       0x40 ../../wlan_bsp_cpu_low/mb_low/lib\libc.a(lib_a-exit.o)
                0x000050b0                exit
 .text          0x000050f0      0x8b0 ../../wlan_bsp_cpu_low/mb_low/lib\libc.a(lib_a-mallocr.o)
                0x000050f0                _malloc_r
 .text          0x000059a0       0xa0 ../../wlan_bsp_cpu_low/mb_low/lib\libc.a(lib_a-memcmp.o)
                0x000059a0                memcmp
 .text          0x00005a40      0x1e4 ../../wlan_bsp_cpu_low/mb_low/lib\libc.a(lib_a-memset.o)
                0x00005a40                memset
 .text          0x00005c24       0x10 ../../wlan_bsp_cpu_low/mb_low/lib\libc.a(lib_a-mlock.o)
                0x00005c24                __malloc_lock
                0x00005c2c                __malloc_unlock
 .text          0x00005c34      0x1dc ../../wlan_bsp_cpu_low/mb_low/lib\libc.a(lib_a-rand.o)
                0x00005c34                srand
                0x00005cf4                rand
 .text          0x00005e10       0x5c ../../wlan_bsp_cpu_low/mb_low/lib\libc.a(lib_a-sbrkr.o)
                0x00005e10                _sbrk_r
 .text          0x00005e6c       0x5c ../../wlan_bsp_cpu_low/mb_low/lib\libc.a(lib_a-strlen.o)
                0x00005e6c                strlen
 .text          0x00005ec8      0x2e4 ../../wlan_bsp_cpu_low/mb_low/lib\libc.a(lib_a-__call_atexit.o)
                0x00005ec8                __call_exitprocs
 .text          0x000061ac      0x430 ../../wlan_bsp_cpu_low/mb_low/lib\libc.a(lib_a-freer.o)
                0x000061ac                _malloc_trim_r
                0x000062f8                _free_r
 .text          0x000065dc       0x58 ../../wlan_bsp_cpu_low/mb_low/lib\libc.a(lib_a-malloc.o)
                0x000065dc                malloc
                0x00006608                free
 .text          0x00006634       0x64 ../../wlan_bsp_cpu_low/mb_low/lib\libxil.a(sbrk.o)
                0x00006634                sbrk
 .text          0x00006698       0x10 ../../wlan_bsp_cpu_low/mb_low/lib\libxil.a(errno.o)
                0x00006698                __errno
 .text          0x000066a8       0x4c c:/xilinx/14.4/ise_ds/edk/gnu/microblaze/nt64/bin/../lib/gcc/microblaze-xilinx-elf/4.6.2/bs/m/le/crtend.o
 *(.text.*)
 .text.wlan_platform_low_userio_disp_status
                0x000066f4      0x11c ./wlan_platform_low/w3_low.o
                0x000066f4                wlan_platform_low_userio_disp_status
 .text.wlan_platform_low_param_handler
                0x00006810      0x140 ./wlan_platform_low/w3_low.o
                0x00006810                wlan_platform_low_param_handler
 .text.wlan_platform_low_set_rx_ant_mode
                0x00006950      0x154 ./wlan_platform_low/w3_low.o
                0x00006950                wlan_platform_low_set_rx_ant_mode
 .text.wlan_platform_low_set_samp_rate
                0x00006aa4      0x588 ./wlan_platform_low/w3_low.o
                0x00006aa4                wlan_platform_low_set_samp_rate
 .text.wlan_platform_low_set_radio_channel
                0x0000702c      0x224 ./wlan_platform_low/w3_low.o
                0x0000702c                wlan_platform_low_set_radio_channel
 .text.w3_node_init
                0x00007250      0x328 ./wlan_platform_low/w3_low.o
                0x00007250                w3_node_init
 .text.w3_radio_init
                0x00007578      0x2ac ./wlan_platform_low/w3_low.o
                0x00007578                w3_radio_init
 .text.wlan_platform_low_init
                0x00007824       0xd4 ./wlan_platform_low/w3_low.o
                0x00007824                wlan_platform_low_init
 .text.wlan_platform_get_rx_pkt_pwr
                0x000078f8      0x170 ./wlan_platform_low/w3_low.o
                0x000078f8                wlan_platform_get_rx_pkt_pwr
 .text.wlan_platform_set_phy_cs_thresh
                0x00007a68      0x124 ./wlan_platform_low/w3_low.o
                0x00007a68                wlan_platform_set_phy_cs_thresh
 .text.wlan_platform_get_rx_pkt_gain
                0x00007b8c       0xf0 ./wlan_platform_low/w3_low.o
                0x00007b8c                wlan_platform_get_rx_pkt_gain
 .text.wlan_platform_set_radio_tx_power
                0x00007c7c        0x8 ./wlan_platform_low/w3_low.o
                0x00007c7c                wlan_platform_set_radio_tx_power
 .text.wlan_phy_init
                0x00007c84      0x39c ./wlan_platform_low/w3_phy_util.o
                0x00007c84                wlan_phy_init
 .text.wlan_rx_config_ant_mode
                0x00008020      0x19c ./wlan_platform_low/w3_phy_util.o
                0x00008020                wlan_rx_config_ant_mode
 .text.wlan_platform_common_get_dev_info
                0x000081bc       0x50 ./wlan_platform_common/w3_common.o
                0x000081bc                wlan_platform_common_get_dev_info
 .text.wlan_platform_common_init
                0x0000820c       0x40 ./wlan_platform_common/w3_common.o
                0x0000820c                wlan_platform_common_init
 .text.wlan_platform_get_hw_info
                0x0000824c       0xdc ./wlan_platform_common/w3_common.o
                0x0000824c                wlan_platform_get_hw_info
 .text.get_mac_time_usec
                0x00008328       0x58 ./wlan_platform_common/w3_mac_time_util.o
                0x00008328                get_mac_time_usec
 .text.set_mac_time_usec
                0x00008380       0x44 ./wlan_platform_common/w3_mac_time_util.o
                0x00008380                set_mac_time_usec
 .text.apply_mac_time_delta_usec
                0x000083c4       0xc0 ./wlan_platform_common/w3_mac_time_util.o
                0x000083c4                apply_mac_time_delta_usec
 .text.wlan_usleep
                0x00008484       0xe0 ./wlan_platform_common/w3_mac_time_util.o
                0x00008484                wlan_usleep
 .text.init_sysmon
                0x00008564       0x9c ./wlan_platform_common/w3_sysmon_util.o
                0x00008564                init_sysmon
 .text.set_hex_display_error_status
                0x00008600       0x50 ./wlan_platform_common/w3_userio_util.o
                0x00008600                set_hex_display_error_status
 .text.blink_hex_display
                0x00008650      0x140 ./wlan_platform_common/w3_userio_util.o
                0x00008650                blink_hex_display
 .text.wlan_mac_low_init_finish
                0x00008790      0x10c ./wlan_mac_low_framework/wlan_mac_low.o
                0x00008790                wlan_mac_low_init_finish
 .text.wlan_mac_hw_init
                0x0000889c      0x11c ./wlan_mac_low_framework/wlan_mac_low.o
                0x0000889c                wlan_mac_hw_init
 .text.wlan_mac_low_init
                0x000089b8      0x694 ./wlan_mac_low_framework/wlan_mac_low.o
                0x000089b8                wlan_mac_low_init
 .text.wlan_mac_low_send_exception
                0x0000904c       0x78 ./wlan_mac_low_framework/wlan_mac_low.o
                0x0000904c                wlan_mac_low_send_exception
 .text.wlan_mac_low_poll_frame_rx
                0x000090c4      0x390 ./wlan_mac_low_framework/wlan_mac_low.o
                0x000090c4                wlan_mac_low_poll_frame_rx
 .text.wlan_mac_low_poll_ipc_rx
                0x00009454      0x7fc ./wlan_mac_low_framework/wlan_mac_low.o
                0x00009454                wlan_mac_low_poll_ipc_rx
 .text.wlan_mac_low_lock_tx_pkt_buf
                0x00009c50      0x1b0 ./wlan_mac_low_framework/wlan_mac_low.o
                0x00009c50                wlan_mac_low_lock_tx_pkt_buf
 .text.wlan_mac_low_finish_frame_transmit
                0x00009e00      0x228 ./wlan_mac_low_framework/wlan_mac_low.o
                0x00009e00                wlan_mac_low_finish_frame_transmit
 .text.wlan_mac_low_prepare_frame_transmit
                0x0000a028      0x128 ./wlan_mac_low_framework/wlan_mac_low.o
                0x0000a028                wlan_mac_low_prepare_frame_transmit
 .text.wlan_mac_low_send_low_tx_details
                0x0000a150       0x38 ./wlan_mac_low_framework/wlan_mac_low.o
                0x0000a150                wlan_mac_low_send_low_tx_details
 .text.wlan_mac_low_frame_ipc_send
                0x0000a188       0x38 ./wlan_mac_low_framework/wlan_mac_low.o
                0x0000a188                wlan_mac_low_frame_ipc_send
 .text.wlan_mac_low_set_frame_rx_callback
                0x0000a1c0       0x10 ./wlan_mac_low_framework/wlan_mac_low.o
                0x0000a1c0                wlan_mac_low_set_frame_rx_callback
 .text.wlan_mac_low_set_sample_rate_change_callback
                0x0000a1d0       0x10 ./wlan_mac_low_framework/wlan_mac_low.o
                0x0000a1d0                wlan_mac_low_set_sample_rate_change_callback
 .text.wlan_mac_low_set_handle_tx_pkt_buf_ready
                0x0000a1e0       0x10 ./wlan_mac_low_framework/wlan_mac_low.o
                0x0000a1e0                wlan_mac_low_set_handle_tx_pkt_buf_ready
 .text.wlan_mac_low_set_beacon_txrx_config_callback
                0x0000a1f0       0x10 ./wlan_mac_low_framework/wlan_mac_low.o
                0x0000a1f0                wlan_mac_low_set_beacon_txrx_config_callback
 .text.wlan_mac_low_set_mcast_buffer_enable_callback
                0x0000a200       0x10 ./wlan_mac_low_framework/wlan_mac_low.o
                0x0000a200                wlan_mac_low_set_mcast_buffer_enable_callback
 .text.wlan_mac_low_set_mactime_change_callback
                0x0000a210       0x10 ./wlan_mac_low_framework/wlan_mac_low.o
                0x0000a210                wlan_mac_low_set_mactime_change_callback
 .text.wlan_mac_low_set_ipc_low_param_callback
                0x0000a220       0x10 ./wlan_mac_low_framework/wlan_mac_low.o
                0x0000a220                wlan_mac_low_set_ipc_low_param_callback
 .text.wlan_mac_low_get_active_channel
                0x0000a230       0x10 ./wlan_mac_low_framework/wlan_mac_low.o
                0x0000a230                wlan_mac_low_get_active_channel
 .text.wlan_mac_low_get_current_ctrl_tx_pow
                0x0000a240       0x10 ./wlan_mac_low_framework/wlan_mac_low.o
                0x0000a240                wlan_mac_low_get_current_ctrl_tx_pow
 .text.wlan_mac_low_get_current_rx_filter
                0x0000a250       0x10 ./wlan_mac_low_framework/wlan_mac_low.o
                0x0000a250                wlan_mac_low_get_current_rx_filter
 .text.wlan_mac_low_get_phy_samp_rate
                0x0000a260       0x10 ./wlan_mac_low_framework/wlan_mac_low.o
                0x0000a260                wlan_mac_low_get_phy_samp_rate
 .text.wlan_mac_low_get_tx_start_timestamp
                0x0000a270       0x34 ./wlan_mac_low_framework/wlan_mac_low.o
                0x0000a270                wlan_mac_low_get_tx_start_timestamp
 .text.wlan_mac_low_lock_empty_rx_pkt_buf
                0x0000a2a4      0x14c ./wlan_mac_low_framework/wlan_mac_low.o
                0x0000a2a4                wlan_mac_low_lock_empty_rx_pkt_buf
 .text.wlan_mac_hw_rx_finish
                0x0000a3f0       0xf0 ./wlan_mac_low_framework/wlan_mac_low.o
                0x0000a3f0                wlan_mac_hw_rx_finish
 .text.wlan_mac_low_dbm_to_gain_target
                0x0000a4e0       0x58 ./wlan_mac_low_framework/wlan_mac_low.o
                0x0000a4e0                wlan_mac_low_dbm_to_gain_target
 .text.wlan_mac_low_mcs_to_n_dbps
                0x0000a538       0x9c ./wlan_mac_low_framework/wlan_mac_low.o
                0x0000a538                wlan_mac_low_mcs_to_n_dbps
 .text.wlan_mac_low_mcs_to_ctrl_resp_mcs
                0x0000a5d4       0x5c ./wlan_mac_low_framework/wlan_mac_low.o
                0x0000a5d4                wlan_mac_low_mcs_to_ctrl_resp_mcs
 .text.wlan_mac_hw_clear_rx_started
                0x0000a630       0x28 ./wlan_mac_low_framework/wlan_mac_low.o
                0x0000a630                wlan_mac_hw_clear_rx_started
 .text.wlan_mac_set_tu_target
                0x0000a658       0x18 ./wlan_mac_low_framework/wlan_mac_low.o
                0x0000a658                wlan_mac_set_tu_target
 .text.write_phy_preamble
                0x0000a670      0x1a4 ./wlan_mac_low_framework/wlan_phy_util.o
                0x0000a670                write_phy_preamble
 .text.wlan_ofdm_calc_txtime
                0x0000a814       0xbc ./wlan_mac_low_framework/wlan_phy_util.o
                0x0000a814                wlan_ofdm_calc_txtime
 .text.wlan_mac_common_malloc_init
                0x0000a8d0       0x70 ./wlan_mac_common_framework/wlan_mac_common.o
                0x0000a8d0                wlan_mac_common_malloc_init
 .text.wlan_null_callback
                0x0000a940        0x8 ./wlan_mac_common_framework/wlan_mac_common.o
                0x0000a940                wlan_null_callback
 .text.wlan_verify_channel
                0x0000a948       0x28 ./wlan_mac_common_framework/wlan_mac_common.o
                0x0000a948                wlan_verify_channel
 .text.init_mac_hw_info
                0x0000a970       0x60 ./wlan_mac_common_framework/wlan_mac_common.o
                0x0000a970                init_mac_hw_info
 .text.get_mac_hw_info
                0x0000a9d0       0x10 ./wlan_mac_common_framework/wlan_mac_common.o
                0x0000a9d0                get_mac_hw_info
 .text.get_mac_hw_addr_wlan
                0x0000a9e0       0x10 ./wlan_mac_common_framework/wlan_mac_common.o
                0x0000a9e0                get_mac_hw_addr_wlan
 .text.dl_list_init
                0x0000a9f0       0x44 ./wlan_mac_common_framework/wlan_mac_dl_list.o
                0x0000a9f0                dl_list_init
 .text.dl_entry_insertEnd
                0x0000aa34       0xc8 ./wlan_mac_common_framework/wlan_mac_dl_list.o
                0x0000aa34                dl_entry_insertEnd
 .text.dl_entry_remove
                0x0000aafc       0x98 ./wlan_mac_common_framework/wlan_mac_dl_list.o
                0x0000aafc                dl_entry_remove
 .text.init_mailbox
                0x0000ab94       0x98 ./wlan_mac_common_framework/wlan_mac_mailbox_util.o
                0x0000ab94                init_mailbox
 .text.write_mailbox_msg
                0x0000ac2c       0x94 ./wlan_mac_common_framework/wlan_mac_mailbox_util.o
                0x0000ac2c                write_mailbox_msg
 .text.read_mailbox_msg
                0x0000acc0      0x124 ./wlan_mac_common_framework/wlan_mac_mailbox_util.o
                0x0000acc0                read_mailbox_msg
 .text.init_pkt_buf
                0x0000ade4      0x3f8 ./wlan_mac_common_framework/wlan_mac_pkt_buf_util.o
                0x0000ade4                init_pkt_buf
 .text.lock_tx_pkt_buf
                0x0000b1dc       0x4c ./wlan_mac_common_framework/wlan_mac_pkt_buf_util.o
                0x0000b1dc                lock_tx_pkt_buf
 .text.lock_rx_pkt_buf
                0x0000b228       0x50 ./wlan_mac_common_framework/wlan_mac_pkt_buf_util.o
                0x0000b228                lock_rx_pkt_buf
 .text.force_lock_tx_pkt_buf
                0x0000b278       0xb0 ./wlan_mac_common_framework/wlan_mac_pkt_buf_util.o
                0x0000b278                force_lock_tx_pkt_buf
 .text.force_lock_rx_pkt_buf
                0x0000b328       0xa4 ./wlan_mac_common_framework/wlan_mac_pkt_buf_util.o
                0x0000b328                force_lock_rx_pkt_buf
 .text.unlock_tx_pkt_buf
                0x0000b3cc       0x70 ./wlan_mac_common_framework/wlan_mac_pkt_buf_util.o
                0x0000b3cc                unlock_tx_pkt_buf
 .text.unlock_rx_pkt_buf
                0x0000b43c       0x50 ./wlan_mac_common_framework/wlan_mac_pkt_buf_util.o
                0x0000b43c                unlock_rx_pkt_buf
 .text.get_tx_pkt_buf_status
                0x0000b48c       0x4c ./wlan_mac_common_framework/wlan_mac_pkt_buf_util.o
                0x0000b48c                get_tx_pkt_buf_status
 .text.handle_sample_rate_change
                0x0000b4d8      0x768 ./src/wlan_mac_dcf.o
                0x0000b4d8                handle_sample_rate_change
 .text.handle_tx_pkt_buf_ready
                0x0000bc40       0xf8 ./src/wlan_mac_dcf.o
                0x0000bc40                handle_tx_pkt_buf_ready
 .text.process_low_param
                0x0000bd38      0x114 ./src/wlan_mac_dcf.o
                0x0000bd38                process_low_param
 .text.handle_mactime_change
                0x0000be4c      0x26c ./src/wlan_mac_dcf.o
                0x0000be4c                handle_mactime_change
 .text.frame_receive
                0x0000c0b8      0xd94 ./src/wlan_mac_dcf.o
                0x0000c0b8                frame_receive
 .text.update_tx_pkt_buf_lists
                0x0000ce4c      0x204 ./src/wlan_mac_dcf.o
                0x0000ce4c                update_tx_pkt_buf_lists
 .text.handle_mcast_buffer_enable
                0x0000d050       0x2c ./src/wlan_mac_dcf.o
                0x0000d050                handle_mcast_buffer_enable
 .text.configure_beacon_txrx
                0x0000d07c      0x270 ./src/wlan_mac_dcf.o
                0x0000d07c                configure_beacon_txrx
 .text.frame_transmit_dtim_mcast
                0x0000d2ec      0x3ec ./src/wlan_mac_dcf.o
                0x0000d2ec                frame_transmit_dtim_mcast
 .text.frame_transmit_general
                0x0000d6d8     0x2d30 ./src/wlan_mac_dcf.o
                0x0000d6d8                frame_transmit_general
 .text.poll_tx_pkt_buf_list
                0x00010408      0x260 ./src/wlan_mac_dcf.o
                0x00010408                poll_tx_pkt_buf_list
 .text.startup.main
                0x00010668      0xf48 ./src/wlan_mac_dcf.o
                0x00010668                main
 *(.gnu.linkonce.t.*)

.init           0x000115b0       0x3c
 *(.init)
 .init          0x000115b0       0x18 c:/xilinx/14.4/ise_ds/edk/gnu/microblaze/nt64/bin/../lib/gcc/microblaze-xilinx-elf/4.6.2/bs/m/le/crti.o
                0x000115b0                __init
 .init          0x000115c8        0xc c:/xilinx/14.4/ise_ds/edk/gnu/microblaze/nt64/bin/../lib/gcc/microblaze-xilinx-elf/4.6.2/bs/m/le/crtbegin.o
 .init          0x000115d4        0xc c:/xilinx/14.4/ise_ds/edk/gnu/microblaze/nt64/bin/../lib/gcc/microblaze-xilinx-elf/4.6.2/bs/m/le/crtend.o
 .init          0x000115e0        0xc c:/xilinx/14.4/ise_ds/edk/gnu/microblaze/nt64/bin/../lib/gcc/microblaze-xilinx-elf/4.6.2/bs/m/le/crtn.o

.fini           0x000115ec       0x20
 *(.fini)
 .fini          0x000115ec        0x8 c:/xilinx/14.4/ise_ds/edk/gnu/microblaze/nt64/bin/../lib/gcc/microblaze-xilinx-elf/4.6.2/bs/m/le/crti.o
                0x000115ec                __fini
 .fini          0x000115f4        0xc c:/xilinx/14.4/ise_ds/edk/gnu/microblaze/nt64/bin/../lib/gcc/microblaze-xilinx-elf/4.6.2/bs/m/le/crtbegin.o
 .fini          0x00011600        0xc c:/xilinx/14.4/ise_ds/edk/gnu/microblaze/nt64/bin/../lib/gcc/microblaze-xilinx-elf/4.6.2/bs/m/le/crtn.o

.ctors          0x0001160c        0x8
                0x0001160c                __CTOR_LIST__ = .
                0x0001160c                ___CTORS_LIST___ = .
 *crtbegin.o(.ctors)
 .ctors         0x0001160c        0x4 c:/xilinx/14.4/ise_ds/edk/gnu/microblaze/nt64/bin/../lib/gcc/microblaze-xilinx-elf/4.6.2/bs/m/le/crtbegin.o
 *(EXCLUDE_FILE(*crtend.o) .ctors)
 *(SORT(.ctors.*))
 *(.ctors)
 .ctors         0x00011610        0x4 c:/xilinx/14.4/ise_ds/edk/gnu/microblaze/nt64/bin/../lib/gcc/microblaze-xilinx-elf/4.6.2/bs/m/le/crtend.o
                0x00011614                __CTOR_END__ = .
                0x00011614                ___CTORS_END___ = .

.dtors          0x00011614        0x8
                0x00011614                __DTOR_LIST__ = .
                0x00011614                ___DTORS_LIST___ = .
 *crtbegin.o(.dtors)
 .dtors         0x00011614        0x4 c:/xilinx/14.4/ise_ds/edk/gnu/microblaze/nt64/bin/../lib/gcc/microblaze-xilinx-elf/4.6.2/bs/m/le/crtbegin.o
 *(EXCLUDE_FILE(*crtend.o) .dtors)
 *(SORT(.dtors.*))
 *(.dtors)
 .dtors         0x00011618        0x4 c:/xilinx/14.4/ise_ds/edk/gnu/microblaze/nt64/bin/../lib/gcc/microblaze-xilinx-elf/4.6.2/bs/m/le/crtend.o
                0x00011618                __DTOR_END__
                0x0001161c                PROVIDE (__DTOR_END__, .)
                0x0001161c                PROVIDE (___DTORS_END___, .)

.rodata         0x0001161c     0x1bd1
                0x0001161c                __rodata_start = .
 *(.rodata)
 .rodata        0x0001161c      0x473 ./wlan_platform_low/w3_low.o
 *fill*         0x00011a8f        0x1 00
 .rodata        0x00011a90       0x47 ./wlan_platform_low/w3_phy_util.o
 *fill*         0x00011ad7        0x1 00
 .rodata        0x00011ad8      0x31b ./wlan_mac_low_framework/wlan_mac_low.o
 *fill*         0x00011df3        0x1 00
 .rodata        0x00011df4       0xcd ./wlan_mac_common_framework/wlan_mac_dl_list.o
 *fill*         0x00011ec1        0x3 00
 .rodata        0x00011ec4      0x4de ./src/wlan_mac_dcf.o
 *fill*         0x000123a2        0x2 00
 .rodata        0x000123a4      0x164 ../../wlan_bsp_cpu_low/mb_low/lib\libxil.a(xil_printf.o)
 .rodata        0x00012508        0x8 ../../wlan_bsp_cpu_low/mb_low/lib\libxil.a(xmbox.o)
 .rodata        0x00012510        0x9 ../../wlan_bsp_cpu_low/mb_low/lib\libxil.a(xmutex.o)
 *fill*         0x00012519        0x3 00
 .rodata        0x0001251c      0x1c8 ../../wlan_bsp_cpu_low/mb_low/lib\libxil.a(radio_controller.o)
 .rodata        0x000126e4       0xaa ../../wlan_bsp_cpu_low/mb_low/lib\libxil.a(w3_ad_controller.o)
 *fill*         0x0001278e        0x2 00
 .rodata        0x00012790       0x45 ../../wlan_bsp_cpu_low/mb_low/lib\libxil.a(w3_clock_controller.o)
 *fill*         0x000127d5        0x3 00
 .rodata        0x000127d8      0x133 ../../wlan_bsp_cpu_low/mb_low/lib\libxil.a(w3_iic_eeprom.o)
 *fill*         0x0001290b        0x1 00
 .rodata        0x0001290c      0x100 c:/xilinx/14.4/ise_ds/edk/gnu/microblaze/nt64/bin/../lib/gcc/microblaze-xilinx-elf/4.6.2/bs/m/le\libgcc.a(_clz.o)
                0x0001290c                __clz_tab
 .rodata        0x00012a0c      0x284 ../../wlan_bsp_cpu_low/mb_low/lib\libc.a(lib_a-ctype_.o)
                0x00012a0c                _ctype_
 .rodata        0x00012c90        0x6 ../../wlan_bsp_cpu_low/mb_low/lib\libc.a(lib_a-impure.o)
                0x00012c90                _global_impure_ptr
 *(.rodata.*)
 *fill*         0x00012c96        0x2 00
 .rodata.wlan_platform_low_set_rx_ant_mode
                0x00012c98       0x18 ./wlan_platform_low/w3_low.o
 .rodata.wlan_platform_low_set_radio_channel
                0x00012cb0       0x34 ./wlan_platform_low/w3_low.o
 .rodata.w3_node_init
                0x00012ce4       0x20 ./wlan_platform_low/w3_low.o
 .rodata.rssi_lookup_B24
                0x00012d04       0x7a ./wlan_platform_low/w3_low.o
 *fill*         0x00012d7e        0x2 00
 .rodata.rssi_lookup_B5
                0x00012d80       0x7a ./wlan_platform_low/w3_low.o
 *fill*         0x00012dfa        0x2 00
 .rodata.pow_lookup_B24
                0x00012dfc       0x80 ./wlan_platform_low/w3_low.o
 .rodata.pow_lookup_B5
                0x00012e7c       0x80 ./wlan_platform_low/w3_low.o
 .rodata.wlan_rx_config_ant_mode
                0x00012efc       0x18 ./wlan_platform_low/w3_phy_util.o
 .rodata.platform_common_dev_info
                0x00012f14       0x20 ./wlan_platform_common/w3_common.o
 .rodata.serial_number_prefix
                0x00012f34        0x5 ./wlan_platform_common/w3_common.o
 *fill*         0x00012f39        0x3 00
 .rodata.CSWTCH.5
                0x00012f3c       0x10 ./wlan_platform_common/w3_userio_util.o
 .rodata.wlan_mac_low_init
                0x00012f4c       0x24 ./wlan_mac_low_framework/wlan_mac_low.o
 .rodata.wlan_mac_low_poll_ipc_rx
                0x00012f70       0x4c ./wlan_mac_low_framework/wlan_mac_low.o
 .rodata.mcs_to_n_dbps_nonht_lut
                0x00012fbc       0x10 ./wlan_mac_low_framework/wlan_mac_low.o
 .rodata.mcs_to_n_dbps_htmf_lut
                0x00012fcc       0x10 ./wlan_mac_low_framework/wlan_mac_low.o
 .rodata.CSWTCH.60
                0x00012fdc        0x7 ./wlan_mac_low_framework/wlan_mac_low.o
 *fill*         0x00012fe3        0x1 00
 .rodata.sig_rate_vals
                0x00012fe4        0x8 ./wlan_mac_low_framework/wlan_phy_util.o
                0x00012fe4                sig_rate_vals
 .rodata.ones_in_chars
                0x00012fec      0x100 ./wlan_mac_low_framework/wlan_phy_util.o
                0x00012fec                ones_in_chars
 .rodata.CSWTCH.1
                0x000130ec       0x30 ./wlan_mac_common_framework/wlan_mac_common.o
 .rodata.process_low_param
                0x0001311c       0x18 ./src/wlan_mac_dcf.o
 .rodata.cts_duration_lookup
                0x00013134       0x18 ./src/wlan_mac_dcf.o
                0x00013134                cts_duration_lookup
 .rodata.CSWTCH.85
                0x0001314c       0x21 ./src/wlan_mac_dcf.o
 *fill*         0x0001316d        0x3 00
 .rodata.CSWTCH.87
                0x00013170        0x3 ./src/wlan_mac_dcf.o
 *fill*         0x00013173        0x1 00
 .rodata.CSWTCH.89
                0x00013174        0x7 ./src/wlan_mac_dcf.o
 *fill*         0x0001317b        0x1 00
 .rodata.CSWTCH.91
                0x0001317c       0x21 ./src/wlan_mac_dcf.o
 *fill*         0x0001319d        0x3 00
 .rodata.CSWTCH.93
                0x000131a0        0x7 ./src/wlan_mac_dcf.o
 *fill*         0x000131a7        0x1 00
 .rodata.CSWTCH.83
                0x000131a8       0x21 ./src/wlan_mac_dcf.o
 *fill*         0x000131c9        0x3 00
 .rodata.CSWTCH.95
                0x000131cc       0x21 ./src/wlan_mac_dcf.o
 *(.gnu.linkonce.r.*)
                0x000131ed                __rodata_end = .

.rela.dyn       0x000131f0        0x0
 .rela.text     0x00000000        0x0 c:/xilinx/14.4/ise_ds/edk/gnu/microblaze/nt64/bin/../lib/gcc/microblaze-xilinx-elf/4.6.2/../../../../microblaze-xilinx-elf/lib/bs/m/le/crt0.o
 .rela.vectors.sw_exception
                0x00000000        0x0 c:/xilinx/14.4/ise_ds/edk/gnu/microblaze/nt64/bin/../lib/gcc/microblaze-xilinx-elf/4.6.2/../../../../microblaze-xilinx-elf/lib/bs/m/le/crt0.o
 .rela.vectors.interrupt
                0x00000000        0x0 c:/xilinx/14.4/ise_ds/edk/gnu/microblaze/nt64/bin/../lib/gcc/microblaze-xilinx-elf/4.6.2/../../../../microblaze-xilinx-elf/lib/bs/m/le/crt0.o
 .rela.vectors.hw_exception
                0x00000000        0x0 c:/xilinx/14.4/ise_ds/edk/gnu/microblaze/nt64/bin/../lib/gcc/microblaze-xilinx-elf/4.6.2/../../../../microblaze-xilinx-elf/lib/bs/m/le/crt0.o
 .rela.text.wlan_platform_low_userio_disp_status
                0x00000000        0x0 c:/xilinx/14.4/ise_ds/edk/gnu/microblaze/nt64/bin/../lib/gcc/microblaze-xilinx-elf/4.6.2/../../../../microblaze-xilinx-elf/lib/bs/m/le/crt0.o
 .rela.text.wlan_platform_low_param_handler
                0x00000000        0x0 c:/xilinx/14.4/ise_ds/edk/gnu/microblaze/nt64/bin/../lib/gcc/microblaze-xilinx-elf/4.6.2/../../../../microblaze-xilinx-elf/lib/bs/m/le/crt0.o
 .rela.text.wlan_platform_low_set_rx_ant_mode
                0x00000000        0x0 c:/xilinx/14.4/ise_ds/edk/gnu/microblaze/nt64/bin/../lib/gcc/microblaze-xilinx-elf/4.6.2/../../../../microblaze-xilinx-elf/lib/bs/m/le/crt0.o
 .rela.text.wlan_platform_low_set_samp_rate
                0x00000000        0x0 c:/xilinx/14.4/ise_ds/edk/gnu/microblaze/nt64/bin/../lib/gcc/microblaze-xilinx-elf/4.6.2/../../../../microblaze-xilinx-elf/lib/bs/m/le/crt0.o
 .rela.text.wlan_platform_low_set_radio_channel
                0x00000000        0x0 c:/xilinx/14.4/ise_ds/edk/gnu/microblaze/nt64/bin/../lib/gcc/microblaze-xilinx-elf/4.6.2/../../../../microblaze-xilinx-elf/lib/bs/m/le/crt0.o
 .rela.text.w3_node_init
                0x00000000        0x0 c:/xilinx/14.4/ise_ds/edk/gnu/microblaze/nt64/bin/../lib/gcc/microblaze-xilinx-elf/4.6.2/../../../../microblaze-xilinx-elf/lib/bs/m/le/crt0.o
 .rela.text.w3_radio_init
                0x00000000        0x0 c:/xilinx/14.4/ise_ds/edk/gnu/microblaze/nt64/bin/../lib/gcc/microblaze-xilinx-elf/4.6.2/../../../../microblaze-xilinx-elf/lib/bs/m/le/crt0.o
 .rela.text.wlan_platform_low_init
                0x00000000        0x0 c:/xilinx/14.4/ise_ds/edk/gnu/microblaze/nt64/bin/../lib/gcc/microblaze-xilinx-elf/4.6.2/../../../../microblaze-xilinx-elf/lib/bs/m/le/crt0.o
 .rela.text.wlan_platform_set_pkt_det_min_power
                0x00000000        0x0 c:/xilinx/14.4/ise_ds/edk/gnu/microblaze/nt64/bin/../lib/gcc/microblaze-xilinx-elf/4.6.2/../../../../microblaze-xilinx-elf/lib/bs/m/le/crt0.o
 .rela.text.wlan_platform_get_rx_pkt_gain
                0x00000000        0x0 c:/xilinx/14.4/ise_ds/edk/gnu/microblaze/nt64/bin/../lib/gcc/microblaze-xilinx-elf/4.6.2/../../../../microblaze-xilinx-elf/lib/bs/m/le/crt0.o
 .rela.text.wlan_rx_config_ant_mode
                0x00000000        0x0 c:/xilinx/14.4/ise_ds/edk/gnu/microblaze/nt64/bin/../lib/gcc/microblaze-xilinx-elf/4.6.2/../../../../microblaze-xilinx-elf/lib/bs/m/le/crt0.o
 .rela.text.wlan_platform_common_init
                0x00000000        0x0 c:/xilinx/14.4/ise_ds/edk/gnu/microblaze/nt64/bin/../lib/gcc/microblaze-xilinx-elf/4.6.2/../../../../microblaze-xilinx-elf/lib/bs/m/le/crt0.o
 .rela.text.wlan_platform_get_hw_info
                0x00000000        0x0 c:/xilinx/14.4/ise_ds/edk/gnu/microblaze/nt64/bin/../lib/gcc/microblaze-xilinx-elf/4.6.2/../../../../microblaze-xilinx-elf/lib/bs/m/le/crt0.o
 .rela.text.wlan_mac_low_init_finish
                0x00000000        0x0 c:/xilinx/14.4/ise_ds/edk/gnu/microblaze/nt64/bin/../lib/gcc/microblaze-xilinx-elf/4.6.2/../../../../microblaze-xilinx-elf/lib/bs/m/le/crt0.o
 .rela.text.wlan_mac_low_send_status
                0x00000000        0x0 c:/xilinx/14.4/ise_ds/edk/gnu/microblaze/nt64/bin/../lib/gcc/microblaze-xilinx-elf/4.6.2/../../../../microblaze-xilinx-elf/lib/bs/m/le/crt0.o
 .rela.text.wlan_mac_low_init
                0x00000000        0x0 c:/xilinx/14.4/ise_ds/edk/gnu/microblaze/nt64/bin/../lib/gcc/microblaze-xilinx-elf/4.6.2/../../../../microblaze-xilinx-elf/lib/bs/m/le/crt0.o
 .rela.text.wlan_mac_low_send_exception
                0x00000000        0x0 c:/xilinx/14.4/ise_ds/edk/gnu/microblaze/nt64/bin/../lib/gcc/microblaze-xilinx-elf/4.6.2/../../../../microblaze-xilinx-elf/lib/bs/m/le/crt0.o
 .rela.text.wlan_mac_low_poll_frame_rx
                0x00000000        0x0 c:/xilinx/14.4/ise_ds/edk/gnu/microblaze/nt64/bin/../lib/gcc/microblaze-xilinx-elf/4.6.2/../../../../microblaze-xilinx-elf/lib/bs/m/le/crt0.o
 .rela.text.wlan_mac_low_poll_ipc_rx
                0x00000000        0x0 c:/xilinx/14.4/ise_ds/edk/gnu/microblaze/nt64/bin/../lib/gcc/microblaze-xilinx-elf/4.6.2/../../../../microblaze-xilinx-elf/lib/bs/m/le/crt0.o
 .rela.text.wlan_mac_low_process_ipc_msg
                0x00000000        0x0 c:/xilinx/14.4/ise_ds/edk/gnu/microblaze/nt64/bin/../lib/gcc/microblaze-xilinx-elf/4.6.2/../../../../microblaze-xilinx-elf/lib/bs/m/le/crt0.o
 .rela.text.wlan_mac_low_lock_tx_pkt_buf
                0x00000000        0x0 c:/xilinx/14.4/ise_ds/edk/gnu/microblaze/nt64/bin/../lib/gcc/microblaze-xilinx-elf/4.6.2/../../../../microblaze-xilinx-elf/lib/bs/m/le/crt0.o
 .rela.text.wlan_mac_low_set_radio_channel
                0x00000000        0x0 c:/xilinx/14.4/ise_ds/edk/gnu/microblaze/nt64/bin/../lib/gcc/microblaze-xilinx-elf/4.6.2/../../../../microblaze-xilinx-elf/lib/bs/m/le/crt0.o
 .rela.text.wlan_mac_low_finish_frame_transmit
                0x00000000        0x0 c:/xilinx/14.4/ise_ds/edk/gnu/microblaze/nt64/bin/../lib/gcc/microblaze-xilinx-elf/4.6.2/../../../../microblaze-xilinx-elf/lib/bs/m/le/crt0.o
 .rela.text.wlan_mac_low_prepare_frame_transmit
                0x00000000        0x0 c:/xilinx/14.4/ise_ds/edk/gnu/microblaze/nt64/bin/../lib/gcc/microblaze-xilinx-elf/4.6.2/../../../../microblaze-xilinx-elf/lib/bs/m/le/crt0.o
 .rela.text.wlan_mac_low_send_low_tx_details
                0x00000000        0x0 c:/xilinx/14.4/ise_ds/edk/gnu/microblaze/nt64/bin/../lib/gcc/microblaze-xilinx-elf/4.6.2/../../../../microblaze-xilinx-elf/lib/bs/m/le/crt0.o
 .rela.text.wlan_mac_low_frame_ipc_send
                0x00000000        0x0 c:/xilinx/14.4/ise_ds/edk/gnu/microblaze/nt64/bin/../lib/gcc/microblaze-xilinx-elf/4.6.2/../../../../microblaze-xilinx-elf/lib/bs/m/le/crt0.o
 .rela.text.wlan_mac_low_lock_empty_rx_pkt_buf
                0x00000000        0x0 c:/xilinx/14.4/ise_ds/edk/gnu/microblaze/nt64/bin/../lib/gcc/microblaze-xilinx-elf/4.6.2/../../../../microblaze-xilinx-elf/lib/bs/m/le/crt0.o
 .rela.text.wlan_mac_hw_rx_finish
                0x00000000        0x0 c:/xilinx/14.4/ise_ds/edk/gnu/microblaze/nt64/bin/../lib/gcc/microblaze-xilinx-elf/4.6.2/../../../../microblaze-xilinx-elf/lib/bs/m/le/crt0.o
 .rela.text.wlan_mac_low_mcs_to_n_dbps
                0x00000000        0x0 c:/xilinx/14.4/ise_ds/edk/gnu/microblaze/nt64/bin/../lib/gcc/microblaze-xilinx-elf/4.6.2/../../../../microblaze-xilinx-elf/lib/bs/m/le/crt0.o
 .rela.text.write_phy_preamble
                0x00000000        0x0 c:/xilinx/14.4/ise_ds/edk/gnu/microblaze/nt64/bin/../lib/gcc/microblaze-xilinx-elf/4.6.2/../../../../microblaze-xilinx-elf/lib/bs/m/le/crt0.o
 .rela.text.wlan_mac_common_malloc_init
                0x00000000        0x0 c:/xilinx/14.4/ise_ds/edk/gnu/microblaze/nt64/bin/../lib/gcc/microblaze-xilinx-elf/4.6.2/../../../../microblaze-xilinx-elf/lib/bs/m/le/crt0.o
 .rela.text.wlan_mac_time_to_hr_min_sec
                0x00000000        0x0 c:/xilinx/14.4/ise_ds/edk/gnu/microblaze/nt64/bin/../lib/gcc/microblaze-xilinx-elf/4.6.2/../../../../microblaze-xilinx-elf/lib/bs/m/le/crt0.o
 .rela.text.dl_list_init
                0x00000000        0x0 c:/xilinx/14.4/ise_ds/edk/gnu/microblaze/nt64/bin/../lib/gcc/microblaze-xilinx-elf/4.6.2/../../../../microblaze-xilinx-elf/lib/bs/m/le/crt0.o
 .rela.text.dl_entry_insertAfter
                0x00000000        0x0 c:/xilinx/14.4/ise_ds/edk/gnu/microblaze/nt64/bin/../lib/gcc/microblaze-xilinx-elf/4.6.2/../../../../microblaze-xilinx-elf/lib/bs/m/le/crt0.o
 .rela.text.dl_entry_insertBefore
                0x00000000        0x0 c:/xilinx/14.4/ise_ds/edk/gnu/microblaze/nt64/bin/../lib/gcc/microblaze-xilinx-elf/4.6.2/../../../../microblaze-xilinx-elf/lib/bs/m/le/crt0.o
 .rela.text.dl_entry_insertBeginning
                0x00000000        0x0 c:/xilinx/14.4/ise_ds/edk/gnu/microblaze/nt64/bin/../lib/gcc/microblaze-xilinx-elf/4.6.2/../../../../microblaze-xilinx-elf/lib/bs/m/le/crt0.o
 .rela.text.dl_entry_insertEnd
                0x00000000        0x0 c:/xilinx/14.4/ise_ds/edk/gnu/microblaze/nt64/bin/../lib/gcc/microblaze-xilinx-elf/4.6.2/../../../../microblaze-xilinx-elf/lib/bs/m/le/crt0.o
 .rela.text.dl_entry_remove
                0x00000000        0x0 c:/xilinx/14.4/ise_ds/edk/gnu/microblaze/nt64/bin/../lib/gcc/microblaze-xilinx-elf/4.6.2/../../../../microblaze-xilinx-elf/lib/bs/m/le/crt0.o
 .rela.text.init_mailbox
                0x00000000        0x0 c:/xilinx/14.4/ise_ds/edk/gnu/microblaze/nt64/bin/../lib/gcc/microblaze-xilinx-elf/4.6.2/../../../../microblaze-xilinx-elf/lib/bs/m/le/crt0.o
 .rela.text.write_mailbox_msg
                0x00000000        0x0 c:/xilinx/14.4/ise_ds/edk/gnu/microblaze/nt64/bin/../lib/gcc/microblaze-xilinx-elf/4.6.2/../../../../microblaze-xilinx-elf/lib/bs/m/le/crt0.o
 .rela.text.send_msg
                0x00000000        0x0 c:/xilinx/14.4/ise_ds/edk/gnu/microblaze/nt64/bin/../lib/gcc/microblaze-xilinx-elf/4.6.2/../../../../microblaze-xilinx-elf/lib/bs/m/le/crt0.o
 .rela.text.read_mailbox_msg
                0x00000000        0x0 c:/xilinx/14.4/ise_ds/edk/gnu/microblaze/nt64/bin/../lib/gcc/microblaze-xilinx-elf/4.6.2/../../../../microblaze-xilinx-elf/lib/bs/m/le/crt0.o
 .rela.text.init_pkt_buf
                0x00000000        0x0 c:/xilinx/14.4/ise_ds/edk/gnu/microblaze/nt64/bin/../lib/gcc/microblaze-xilinx-elf/4.6.2/../../../../microblaze-xilinx-elf/lib/bs/m/le/crt0.o
 .rela.text.lock_tx_pkt_buf
                0x00000000        0x0 c:/xilinx/14.4/ise_ds/edk/gnu/microblaze/nt64/bin/../lib/gcc/microblaze-xilinx-elf/4.6.2/../../../../microblaze-xilinx-elf/lib/bs/m/le/crt0.o
 .rela.text.lock_rx_pkt_buf
                0x00000000        0x0 c:/xilinx/14.4/ise_ds/edk/gnu/microblaze/nt64/bin/../lib/gcc/microblaze-xilinx-elf/4.6.2/../../../../microblaze-xilinx-elf/lib/bs/m/le/crt0.o
 .rela.text.force_lock_tx_pkt_buf
                0x00000000        0x0 c:/xilinx/14.4/ise_ds/edk/gnu/microblaze/nt64/bin/../lib/gcc/microblaze-xilinx-elf/4.6.2/../../../../microblaze-xilinx-elf/lib/bs/m/le/crt0.o
 .rela.text.force_lock_rx_pkt_buf
                0x00000000        0x0 c:/xilinx/14.4/ise_ds/edk/gnu/microblaze/nt64/bin/../lib/gcc/microblaze-xilinx-elf/4.6.2/../../../../microblaze-xilinx-elf/lib/bs/m/le/crt0.o
 .rela.text.unlock_tx_pkt_buf
                0x00000000        0x0 c:/xilinx/14.4/ise_ds/edk/gnu/microblaze/nt64/bin/../lib/gcc/microblaze-xilinx-elf/4.6.2/../../../../microblaze-xilinx-elf/lib/bs/m/le/crt0.o
 .rela.text.unlock_rx_pkt_buf
                0x00000000        0x0 c:/xilinx/14.4/ise_ds/edk/gnu/microblaze/nt64/bin/../lib/gcc/microblaze-xilinx-elf/4.6.2/../../../../microblaze-xilinx-elf/lib/bs/m/le/crt0.o
 .rela.text.get_tx_pkt_buf_status
                0x00000000        0x0 c:/xilinx/14.4/ise_ds/edk/gnu/microblaze/nt64/bin/../lib/gcc/microblaze-xilinx-elf/4.6.2/../../../../microblaze-xilinx-elf/lib/bs/m/le/crt0.o
 .rela.text.get_rx_pkt_buf_status
                0x00000000        0x0 c:/xilinx/14.4/ise_ds/edk/gnu/microblaze/nt64/bin/../lib/gcc/microblaze-xilinx-elf/4.6.2/../../../../microblaze-xilinx-elf/lib/bs/m/le/crt0.o
 .rela.text.handle_tx_pkt_buf_ready
                0x00000000        0x0 c:/xilinx/14.4/ise_ds/edk/gnu/microblaze/nt64/bin/../lib/gcc/microblaze-xilinx-elf/4.6.2/../../../../microblaze-xilinx-elf/lib/bs/m/le/crt0.o
 .rela.text.process_low_param
                0x00000000        0x0 c:/xilinx/14.4/ise_ds/edk/gnu/microblaze/nt64/bin/../lib/gcc/microblaze-xilinx-elf/4.6.2/../../../../microblaze-xilinx-elf/lib/bs/m/le/crt0.o
 .rela.text.handle_mactime_change
                0x00000000        0x0 c:/xilinx/14.4/ise_ds/edk/gnu/microblaze/nt64/bin/../lib/gcc/microblaze-xilinx-elf/4.6.2/../../../../microblaze-xilinx-elf/lib/bs/m/le/crt0.o
 .rela.text.frame_receive
                0x00000000        0x0 c:/xilinx/14.4/ise_ds/edk/gnu/microblaze/nt64/bin/../lib/gcc/microblaze-xilinx-elf/4.6.2/../../../../microblaze-xilinx-elf/lib/bs/m/le/crt0.o
 .rela.text.update_tx_pkt_buf_lists
                0x00000000        0x0 c:/xilinx/14.4/ise_ds/edk/gnu/microblaze/nt64/bin/../lib/gcc/microblaze-xilinx-elf/4.6.2/../../../../microblaze-xilinx-elf/lib/bs/m/le/crt0.o
 .rela.text.handle_mcast_buffer_enable
                0x00000000        0x0 c:/xilinx/14.4/ise_ds/edk/gnu/microblaze/nt64/bin/../lib/gcc/microblaze-xilinx-elf/4.6.2/../../../../microblaze-xilinx-elf/lib/bs/m/le/crt0.o
 .rela.text.configure_beacon_txrx
                0x00000000        0x0 c:/xilinx/14.4/ise_ds/edk/gnu/microblaze/nt64/bin/../lib/gcc/microblaze-xilinx-elf/4.6.2/../../../../microblaze-xilinx-elf/lib/bs/m/le/crt0.o
 .rela.text.update_dtim_count
                0x00000000        0x0 c:/xilinx/14.4/ise_ds/edk/gnu/microblaze/nt64/bin/../lib/gcc/microblaze-xilinx-elf/4.6.2/../../../../microblaze-xilinx-elf/lib/bs/m/le/crt0.o
 .rela.text.update_tu_target
                0x00000000        0x0 c:/xilinx/14.4/ise_ds/edk/gnu/microblaze/nt64/bin/../lib/gcc/microblaze-xilinx-elf/4.6.2/../../../../microblaze-xilinx-elf/lib/bs/m/le/crt0.o
 .rela.text.send_beacon
                0x00000000        0x0 c:/xilinx/14.4/ise_ds/edk/gnu/microblaze/nt64/bin/../lib/gcc/microblaze-xilinx-elf/4.6.2/../../../../microblaze-xilinx-elf/lib/bs/m/le/crt0.o
 .rela.text.frame_transmit_dtim_mcast
                0x00000000        0x0 c:/xilinx/14.4/ise_ds/edk/gnu/microblaze/nt64/bin/../lib/gcc/microblaze-xilinx-elf/4.6.2/../../../../microblaze-xilinx-elf/lib/bs/m/le/crt0.o
 .rela.text.frame_transmit_general
                0x00000000        0x0 c:/xilinx/14.4/ise_ds/edk/gnu/microblaze/nt64/bin/../lib/gcc/microblaze-xilinx-elf/4.6.2/../../../../microblaze-xilinx-elf/lib/bs/m/le/crt0.o
 .rela.text.poll_tx_pkt_buf_list
                0x00000000        0x0 c:/xilinx/14.4/ise_ds/edk/gnu/microblaze/nt64/bin/../lib/gcc/microblaze-xilinx-elf/4.6.2/../../../../microblaze-xilinx-elf/lib/bs/m/le/crt0.o
 .rela.text.poll_tbtt_and_send_beacon
                0x00000000        0x0 c:/xilinx/14.4/ise_ds/edk/gnu/microblaze/nt64/bin/../lib/gcc/microblaze-xilinx-elf/4.6.2/../../../../microblaze-xilinx-elf/lib/bs/m/le/crt0.o
 .rela.text.startup.main
                0x00000000        0x0 c:/xilinx/14.4/ise_ds/edk/gnu/microblaze/nt64/bin/../lib/gcc/microblaze-xilinx-elf/4.6.2/../../../../microblaze-xilinx-elf/lib/bs/m/le/crt0.o
 .rela.text.rand_num_slots
                0x00000000        0x0 c:/xilinx/14.4/ise_ds/edk/gnu/microblaze/nt64/bin/../lib/gcc/microblaze-xilinx-elf/4.6.2/../../../../microblaze-xilinx-elf/lib/bs/m/le/crt0.o
 .rela.data     0x00000000        0x0 c:/xilinx/14.4/ise_ds/edk/gnu/microblaze/nt64/bin/../lib/gcc/microblaze-xilinx-elf/4.6.2/../../../../microblaze-xilinx-elf/lib/bs/m/le/crt0.o

.sdata2         0x000131ed        0x6
                0x000131f0                . = ALIGN (0x8)
 *fill*         0x000131ed        0x3 00
                0x000131f0                __sdata2_start = .
 *(.sdata2)
 *(.sdata2.*)
 *(.gnu.linkonce.s2.*)
                0x000131f0                . = ALIGN (0x8)
                0x000131f0                __sdata2_end = .

.sbss2          0x000131f3        0x0
                0x000131f3                __sbss2_start = .
 *(.sbss2)
 *(.sbss2.*)
 *(.gnu.linkonce.sb2.*)
                0x000131f3                __sbss2_end = .

.data           0x000131f4      0x528
                0x000131f4                . = ALIGN (0x4)
                0x000131f4                __data_start = .
 *(.data)
 .data          0x000131f4        0x4 ../../wlan_bsp_cpu_low/mb_low/lib\libxil.a(xil_assert.o)
                0x000131f4                Xil_AssertWait
 .data          0x000131f8        0xc ../../wlan_bsp_cpu_low/mb_low/lib\libxil.a(xmbox_g.o)
                0x000131f8                XMbox_ConfigTable
 .data          0x00013204       0x10 ../../wlan_bsp_cpu_low/mb_low/lib\libxil.a(xmutex_g.o)
                0x00013204                XMutex_ConfigTable
 .data          0x00013214        0x4 ../../wlan_bsp_cpu_low/mb_low/lib\libc.a(lib_a-ctype_.o)
                0x00013214                __ctype_ptr__
 .data          0x00013218       0xf4 ../../wlan_bsp_cpu_low/mb_low/lib\libc.a(lib_a-impure.o)
                0x00013218                _impure_ptr
 .data          0x0001330c      0x410 ../../wlan_bsp_cpu_low/mb_low/lib\libc.a(lib_a-mallocr.o)
                0x0001330c                __malloc_sbrk_base
                0x00013310                __malloc_trim_threshold
                0x00013314                __malloc_av_
 *(.data.*)
 *(.gnu.linkonce.d.*)
                0x0001371c                __data_end = .

.got
 *(.got)

.got1
 *(.got1)

.got2
 *(.got2)

.eh_frame       0x0001371c        0x0
 *(.eh_frame)
 .eh_frame      0x0001371c        0x0 c:/xilinx/14.4/ise_ds/edk/gnu/microblaze/nt64/bin/../lib/gcc/microblaze-xilinx-elf/4.6.2/bs/m/le/crtbegin.o

.jcr            0x0001371c        0x0
 *(.jcr)
 .jcr           0x0001371c        0x0 c:/xilinx/14.4/ise_ds/edk/gnu/microblaze/nt64/bin/../lib/gcc/microblaze-xilinx-elf/4.6.2/bs/m/le/crtbegin.o

.gcc_except_table
 *(.gcc_except_table)

.sdata          0x0001371c        0x4
                0x00013720                . = ALIGN (0x8)
 *fill*         0x0001371c        0x4 00
                0x00013720                __sdata_start = .
 *(.sdata)
 *(.sdata.*)
 *(.gnu.linkonce.s.*)
                0x00013720                __sdata_end = .

.sbss           0x00013720        0x0
                0x00013720                . = ALIGN (0x4)
                0x00013720                __sbss_start = .
 *(.sbss)
 *(.sbss.*)
 *(.gnu.linkonce.sb.*)
                0x00013720                . = ALIGN (0x8)
                0x00013720                __sbss_end = .

.tdata          0x00013720        0x0
                0x00013720                __tdata_start = .
 *(.tdata)
 *(.tdata.*)
 *(.gnu.linkonce.td.*)
                0x00013720                __tdata_end = .

.tbss           0x00013720        0x0
                0x00013720                __tbss_start = .
 *(.tbss)
 *(.tbss.*)
 *(.gnu.linkonce.tb.*)
                0x00013720                __tbss_end = .

.bss            0x00013720      0x2e4
                0x00013720                . = ALIGN (0x4)
                0x00013720                __bss_start = .
 *(.bss)
 .bss           0x00013720       0x20 c:/xilinx/14.4/ise_ds/edk/gnu/microblaze/nt64/bin/../lib/gcc/microblaze-xilinx-elf/4.6.2/bs/m/le/crtbegin.o
 .bss           0x00013740        0x4 ../../wlan_bsp_cpu_low/mb_low/lib\libxil.a(xil_assert.o)
 .bss           0x00013744       0x34 ../../wlan_bsp_cpu_low/mb_low/lib\libc.a(lib_a-mallocr.o)
                0x00013744                __malloc_current_mallinfo
                0x0001376c                __malloc_max_total_mem
                0x00013770                __malloc_max_sbrked_mem
                0x00013774                __malloc_top_pad
 .bss           0x00013778        0x4 ../../wlan_bsp_cpu_low/mb_low/lib\libxil.a(sbrk.o)
 *(.bss.*)
 .bss.green_led_index.1834
                0x0001377c        0x1 ./wlan_platform_low/w3_low.o
 .bss.red_led_index.1833
                0x0001377d        0x1 ./wlan_platform_low/w3_low.o
 *fill*         0x0001377e        0x2 00
 .bss.gl_safe_cs_thresh
                0x00013780        0x4 ./wlan_platform_low/w3_low.o
 .bss.gl_current_band
                0x00013784        0x4 ./wlan_platform_low/w3_low.o
 .bss.unique_seq
                0x00013788        0x8 ./wlan_mac_low_framework/wlan_mac_low.o
 .bss.rx_pkt_buf
                0x00013790        0x1 ./wlan_mac_low_framework/wlan_mac_low.o
 *fill*         0x00013791        0x3 00
 .bss.mac_param_rx_filter
                0x00013794        0x4 ./wlan_mac_low_framework/wlan_mac_low.o
 .bss.mac_param_ctrl_tx_pow
                0x00013798        0x1 ./wlan_mac_low_framework/wlan_mac_low.o
 .bss.mac_param_dsss_en
                0x00013799        0x1 ./wlan_mac_low_framework/wlan_mac_low.o
 .bss.mac_param_band
                0x0001379a        0x1 ./wlan_mac_low_framework/wlan_mac_low.o
 *fill*         0x0001379b        0x1 00
 .bss.mac_param_chan
                0x0001379c        0x4 ./wlan_mac_low_framework/wlan_mac_low.o
 .bss.gl_phy_samp_rate
                0x000137a0        0x4 ./wlan_mac_low_framework/wlan_mac_low.o
 .bss.cpu_low_status
                0x000137a4        0x4 ./wlan_mac_low_framework/wlan_mac_low.o
 .bss.cpu_low_type
                0x000137a8        0x4 ./wlan_mac_low_framework/wlan_mac_low.o
 .bss.cpu_low_compilation_details
                0x000137ac       0x18 ./wlan_mac_low_framework/wlan_mac_low.o
 .bss.frame_rx_callback
                0x000137c4        0x4 ./wlan_mac_low_framework/wlan_mac_low.o
 .bss.ipc_low_param_callback
                0x000137c8        0x4 ./wlan_mac_low_framework/wlan_mac_low.o
 .bss.beacon_txrx_config_callback
                0x000137cc        0x4 ./wlan_mac_low_framework/wlan_mac_low.o
 .bss.mcast_buffer_enable_callback
                0x000137d0        0x4 ./wlan_mac_low_framework/wlan_mac_low.o
 .bss.mactime_change_callback
                0x000137d4        0x4 ./wlan_mac_low_framework/wlan_mac_low.o
 .bss.sample_rate_change_callback
                0x000137d8        0x4 ./wlan_mac_low_framework/wlan_mac_low.o
 .bss.handle_tx_pkt_buf_ready
                0x000137dc        0x4 ./wlan_mac_low_framework/wlan_mac_low.o
 .bss.ipc_msg_from_high
                0x000137e0        0x8 ./wlan_mac_low_framework/wlan_mac_low.o
 .bss.ipc_msg_from_high_payload
                0x000137e8       0x58 ./wlan_mac_low_framework/wlan_mac_low.o
 .bss.mac_hw_info
                0x00013840       0x1c ./wlan_mac_common_framework/wlan_mac_common.o
 .bss.platform_common_dev_info
                0x0001385c       0x20 ./wlan_mac_common_framework/wlan_mac_mailbox_util.o
 .bss.ipc_mailbox
                0x0001387c       0x10 ./wlan_mac_common_framework/wlan_mac_mailbox_util.o
 .bss.platform_common_dev_info
                0x0001388c       0x20 ./wlan_mac_common_framework/wlan_mac_pkt_buf_util.o
 .bss.pkt_buf_mutex
                0x000138ac       0x14 ./wlan_mac_common_framework/wlan_mac_pkt_buf_util.o
 .bss.gl_long_mpdu_pkt_buf
                0x000138c0        0x1 ./src/wlan_mac_dcf.o
 .bss.gl_waiting_for_response
                0x000138c1        0x1 ./src/wlan_mac_dcf.o
 *fill*         0x000138c2        0x2 00
 .bss.gl_dot11LongRetryLimit
                0x000138c4        0x4 ./src/wlan_mac_dcf.o
 .bss.gl_dot11ShortRetryLimit
                0x000138c8        0x4 ./src/wlan_mac_dcf.o
 .bss.gl_dot11RTSThreshold
                0x000138cc        0x4 ./src/wlan_mac_dcf.o
 .bss.gl_cw_exp_max
                0x000138d0        0x1 ./src/wlan_mac_dcf.o
 .bss.gl_cw_exp_min
                0x000138d1        0x1 ./src/wlan_mac_dcf.o
 *fill*         0x000138d2        0x2 00
 .bss.gl_cw_exp
                0x000138d4        0x4 ./src/wlan_mac_dcf.o
 .bss.gl_stationLongRetryCount
                0x000138d8        0x4 ./src/wlan_mac_dcf.o
 .bss.gl_stationShortRetryCount
                0x000138dc        0x4 ./src/wlan_mac_dcf.o
 .bss.gl_mac_timing_values
                0x000138e0        0xc ./src/wlan_mac_dcf.o
 .bss.gl_eeprom_addr
                0x000138ec        0x6 ./src/wlan_mac_dcf.o
 *fill*         0x000138f2        0x2 00
 .bss.gl_precalc_duration
                0x000138f4       0x30 ./src/wlan_mac_dcf.o
 .bss.gl_tx_pkt_buf_ready_list_general
                0x00013924        0xc ./src/wlan_mac_dcf.o
 .bss.gl_tx_pkt_buf_ready_list_dtim_mcast
                0x00013930        0xc ./src/wlan_mac_dcf.o
 .bss.gl_tx_pkt_buf_ready_list_free
                0x0001393c        0xc ./src/wlan_mac_dcf.o
 .bss.gl_tx_pkt_buf_entry_data
                0x00013948        0x5 ./src/wlan_mac_dcf.o
 *fill*         0x0001394d        0x3 00
 .bss.gl_tx_pkt_buf_entry
                0x00013950       0x3c ./src/wlan_mac_dcf.o
 .bss.dtim_mcast_paused.3679
                0x0001398c        0x1 ./src/wlan_mac_dcf.o
 *fill*         0x0001398d        0x3 00
 .bss.tx_mode.3690
                0x00013990        0x4 ./src/wlan_mac_dcf.o
 .bss.tx_has_started.3691
                0x00013994        0x1 ./src/wlan_mac_dcf.o
 *fill*         0x00013995        0x3 00
 .bss.low_tx_details.3689
                0x00013998       0x2c ./src/wlan_mac_dcf.o
 *(.gnu.linkonce.b.*)
 *(COMMON)
 COMMON         0x000139c4       0x20 ./wlan_mac_low_framework/wlan_mac_low.o
                0x000139c4                platform_common_dev_info
 COMMON         0x000139e4       0x18 ./src/wlan_mac_dcf.o
                0x000139e4                gl_dtim_mcast_buffer_enable
                0x000139e5                gl_dtim_count
                0x000139e8                gl_beacon_txrx_config
 COMMON         0x000139fc        0x4 ../../wlan_bsp_cpu_low/mb_low/lib\libxil.a(xil_assert.o)
                0x000139fc                Xil_AssertStatus
 COMMON         0x00013a00        0x4 ../../wlan_bsp_cpu_low/mb_low/lib\libc.a(lib_a-reent.o)
                0x00013a00                errno
                0x00013a04                . = ALIGN (0x4)
                0x00013a04                __bss_end = .
                0x00013720                _SDA_BASE_ = (__sdata_start + ((__sbss_end - __sdata_start) / 0x2))
                0x000131f1                _SDA2_BASE_ = (__sdata2_start + ((__sbss2_end - __sdata2_start) / 0x2))

.heap           0x00013a04      0x104
                0x00013a08                . = ALIGN (0x8)
 *fill*         0x00013a04        0x4 00
                0x00013a08                _heap = .
                0x00013a08                _heap_start = .
                0x00013b08                . = (. + _HEAP_SIZE)
 *fill*         0x00013a08      0x100 00
                0x00013b08                _heap_end = .

.stack          0x00013b08      0x400
                0x00013b08                _stack_end = .
                0x00013f08                . = (. + _STACK_SIZE)
 *fill*         0x00013b08      0x400 00
                0x00013f08                . = ALIGN (0x8)
                0x00013f08                _stack = .
                0x00013f08                __stack = _stack
                0x00013f08                _end = .
LOAD ./wlan_platform_low/w3_low.o
LOAD ./wlan_platform_low/w3_phy_util.o
LOAD ./wlan_platform_common/w3_common.o
LOAD ./wlan_platform_common/w3_mac_time_util.o
LOAD ./wlan_platform_common/w3_sysmon_util.o
LOAD ./wlan_platform_common/w3_userio_util.o
LOAD ./wlan_mac_low_framework/wlan_mac_low.o
LOAD ./wlan_mac_low_framework/wlan_phy_util.o
LOAD ./wlan_mac_common_framework/wlan_mac_common.o
LOAD ./wlan_mac_common_framework/wlan_mac_dl_list.o
LOAD ./wlan_mac_common_framework/wlan_mac_mailbox_util.o
LOAD ./wlan_mac_common_framework/wlan_mac_pkt_buf_util.o
LOAD ./src/wlan_mac_dcf.o
START GROUP
LOAD ../../wlan_bsp_cpu_low/mb_low/lib\libxil.a
LOAD c:/xilinx/14.4/ise_ds/edk/gnu/microblaze/nt64/bin/../lib/gcc/microblaze-xilinx-elf/4.6.2/bs/m/le\libgcc.a
LOAD ../../wlan_bsp_cpu_low/mb_low/lib\libc.a
END GROUP
LOAD c:/xilinx/14.4/ise_ds/edk/gnu/microblaze/nt64/bin/../lib/gcc/microblaze-xilinx-elf/4.6.2/bs/m/le\libgcc.a
START GROUP
LOAD ../../wlan_bsp_cpu_low/mb_low/lib\libxil.a
LOAD ../../wlan_bsp_cpu_low/mb_low/lib\libc.a
LOAD ../../wlan_bsp_cpu_low/mb_low/lib\libm.a
END GROUP
LOAD c:/xilinx/14.4/ise_ds/edk/gnu/microblaze/nt64/bin/../lib/gcc/microblaze-xilinx-elf/4.6.2/bs/m/le\libgcc.a
LOAD c:/xilinx/14.4/ise_ds/edk/gnu/microblaze/nt64/bin/../lib/gcc/microblaze-xilinx-elf/4.6.2/bs/m/le/crtend.o
LOAD c:/xilinx/14.4/ise_ds/edk/gnu/microblaze/nt64/bin/../lib/gcc/microblaze-xilinx-elf/4.6.2/bs/m/le/crtn.o
OUTPUT(wlan_mac_low_dcf.elf elf32-microblazeel)

.debug_line     0x00000000     0xf8f4
 .debug_line    0x00000000       0xaa c:/xilinx/14.4/ise_ds/edk/gnu/microblaze/nt64/bin/../lib/gcc/microblaze-xilinx-elf/4.6.2/../../../../microblaze-xilinx-elf/lib/bs/m/le/crt0.o
 .debug_line    0x000000aa       0x75 c:/xilinx/14.4/ise_ds/edk/gnu/microblaze/nt64/bin/../lib/gcc/microblaze-xilinx-elf/4.6.2/bs/m/le/crti.o
 .debug_line    0x0000011f       0x86 c:/xilinx/14.4/ise_ds/edk/gnu/microblaze/nt64/bin/../lib/gcc/microblaze-xilinx-elf/4.6.2/../../../../microblaze-xilinx-elf/lib/bs/m/le/crtinit.o
 .debug_line    0x000001a5     0x11ea ./wlan_platform_low/w3_low.o
 .debug_line    0x0000138f      0x475 ./wlan_platform_low/w3_phy_util.o
 .debug_line    0x00001804      0x2e6 ./wlan_platform_common/w3_common.o
 .debug_line    0x00001aea      0x2f8 ./wlan_platform_common/w3_mac_time_util.o
 .debug_line    0x00001de2      0x1ab ./wlan_platform_common/w3_sysmon_util.o
 .debug_line    0x00001f8d      0x501 ./wlan_platform_common/w3_userio_util.o
 .debug_line    0x0000248e     0x2116 ./wlan_mac_low_framework/wlan_mac_low.o
 .debug_line    0x000045a4      0x47d ./wlan_mac_low_framework/wlan_phy_util.o
 .debug_line    0x00004a21      0x378 ./wlan_mac_common_framework/wlan_mac_common.o
 .debug_line    0x00004d99      0x608 ./wlan_mac_common_framework/wlan_mac_dl_list.o
 .debug_line    0x000053a1      0x381 ./wlan_mac_common_framework/wlan_mac_mailbox_util.o
 .debug_line    0x00005722      0x62e ./wlan_mac_common_framework/wlan_mac_pkt_buf_util.o
 .debug_line    0x00005d50     0x53fd ./src/wlan_mac_dcf.o
 .debug_line    0x0000b14d      0x565 ../../wlan_bsp_cpu_low/mb_low/lib\libxil.a(xil_printf.o)
 .debug_line    0x0000b6b2       0x6c ../../wlan_bsp_cpu_low/mb_low/lib\libxil.a(_program_clean.o)
 .debug_line    0x0000b71e       0x6b ../../wlan_bsp_cpu_low/mb_low/lib\libxil.a(_program_init.o)
 .debug_line    0x0000b789       0x52 ../../wlan_bsp_cpu_low/mb_low/lib\libxil.a(microblaze_enable_exceptions.o)
 .debug_line    0x0000b7db       0x59 ../../wlan_bsp_cpu_low/mb_low/lib\libxil.a(outbyte.o)
 .debug_line    0x0000b834       0x7b ../../wlan_bsp_cpu_low/mb_low/lib\libxil.a(xil_cache.o)
 .debug_line    0x0000b8af       0xa5 ../../wlan_bsp_cpu_low/mb_low/lib\libxil.a(xuartlite_l.o)
 .debug_line    0x0000b954      0x9f5 ../../wlan_bsp_cpu_low/mb_low/lib\libxil.a(xmbox.o)
 .debug_line    0x0000c349       0x83 ../../wlan_bsp_cpu_low/mb_low/lib\libxil.a(xmbox_sinit.o)
 .debug_line    0x0000c3cc      0x4a7 ../../wlan_bsp_cpu_low/mb_low/lib\libxil.a(xmutex.o)
 .debug_line    0x0000c873       0x85 ../../wlan_bsp_cpu_low/mb_low/lib\libxil.a(xmutex_sinit.o)
 .debug_line    0x0000c8f8      0xc81 ../../wlan_bsp_cpu_low/mb_low/lib\libxil.a(radio_controller.o)
 .debug_line    0x0000d579      0xb80 ../../wlan_bsp_cpu_low/mb_low/lib\libxil.a(w3_ad_controller.o)
 .debug_line    0x0000e0f9      0x4bb ../../wlan_bsp_cpu_low/mb_low/lib\libxil.a(w3_clock_controller.o)
 .debug_line    0x0000e5b4      0x89d ../../wlan_bsp_cpu_low/mb_low/lib\libxil.a(w3_iic_eeprom.o)
 .debug_line    0x0000ee51       0x8a ../../wlan_bsp_cpu_low/mb_low/lib\libxil.a(print.o)
 .debug_line    0x0000eedb       0x50 ../../wlan_bsp_cpu_low/mb_low/lib\libxil.a(microblaze_disable_dcache.o)
 .debug_line    0x0000ef2b       0x50 ../../wlan_bsp_cpu_low/mb_low/lib\libxil.a(microblaze_disable_icache.o)
 .debug_line    0x0000ef7b       0x52 ../../wlan_bsp_cpu_low/mb_low/lib\libxil.a(microblaze_flush_dcache.o)
 .debug_line    0x0000efcd       0x57 ../../wlan_bsp_cpu_low/mb_low/lib\libxil.a(microblaze_invalidate_dcache.o)
 .debug_line    0x0000f024       0x57 ../../wlan_bsp_cpu_low/mb_low/lib\libxil.a(microblaze_invalidate_icache.o)
 .debug_line    0x0000f07b       0x94 ../../wlan_bsp_cpu_low/mb_low/lib\libxil.a(xil_assert.o)
 .debug_line    0x0000f10f       0x5f ../../wlan_bsp_cpu_low/mb_low/lib\libxil.a(xmbox_g.o)
 .debug_line    0x0000f16e       0x61 ../../wlan_bsp_cpu_low/mb_low/lib\libxil.a(xmutex_g.o)
 .debug_line    0x0000f1cf       0xab c:/xilinx/14.4/ise_ds/edk/gnu/microblaze/nt64/bin/../lib/gcc/microblaze-xilinx-elf/4.6.2/bs/m/le\libgcc.a(_muldi3.o)
 .debug_line    0x0000f27a      0x26f c:/xilinx/14.4/ise_ds/edk/gnu/microblaze/nt64/bin/../lib/gcc/microblaze-xilinx-elf/4.6.2/bs/m/le\libgcc.a(_udivdi3.o)
 .debug_line    0x0000f4e9       0x91 c:/xilinx/14.4/ise_ds/edk/gnu/microblaze/nt64/bin/../lib/gcc/microblaze-xilinx-elf/4.6.2/bs/m/le\libgcc.a(udivsi3.o)
 .debug_line    0x0000f57a       0x95 c:/xilinx/14.4/ise_ds/edk/gnu/microblaze/nt64/bin/../lib/gcc/microblaze-xilinx-elf/4.6.2/bs/m/le\libgcc.a(umodsi3.o)
 .debug_line    0x0000f60f       0x60 c:/xilinx/14.4/ise_ds/edk/gnu/microblaze/nt64/bin/../lib/gcc/microblaze-xilinx-elf/4.6.2/bs/m/le\libgcc.a(_clz.o)
 .debug_line    0x0000f66f       0xb3 ../../wlan_bsp_cpu_low/mb_low/lib\libxil.a(sbrk.o)
 .debug_line    0x0000f722      0x15f ../../wlan_bsp_cpu_low/mb_low/lib\libxil.a(errno.o)
 .debug_line    0x0000f881       0x73 c:/xilinx/14.4/ise_ds/edk/gnu/microblaze/nt64/bin/../lib/gcc/microblaze-xilinx-elf/4.6.2/bs/m/le/crtn.o

.debug_info     0x00000000     0xeb6b
 .debug_info    0x00000000       0xb2 c:/xilinx/14.4/ise_ds/edk/gnu/microblaze/nt64/bin/../lib/gcc/microblaze-xilinx-elf/4.6.2/../../../../microblaze-xilinx-elf/lib/bs/m/le/crt0.o
 .debug_info    0x000000b2       0x80 c:/xilinx/14.4/ise_ds/edk/gnu/microblaze/nt64/bin/../lib/gcc/microblaze-xilinx-elf/4.6.2/bs/m/le/crti.o
 .debug_info    0x00000132       0xb9 c:/xilinx/14.4/ise_ds/edk/gnu/microblaze/nt64/bin/../lib/gcc/microblaze-xilinx-elf/4.6.2/../../../../microblaze-xilinx-elf/lib/bs/m/le/crtinit.o
 .debug_info    0x000001eb      0x8e6 ./wlan_platform_low/w3_low.o
 .debug_info    0x00000ad1      0x10f ./wlan_platform_low/w3_phy_util.o
 .debug_info    0x00000be0      0x2ca ./wlan_platform_common/w3_common.o
 .debug_info    0x00000eaa      0x2a9 ./wlan_platform_common/w3_mac_time_util.o
 .debug_info    0x00001153       0xf1 ./wlan_platform_common/w3_sysmon_util.o
 .debug_info    0x00001244      0x362 ./wlan_platform_common/w3_userio_util.o
 .debug_info    0x000015a6     0x19be ./wlan_mac_low_framework/wlan_mac_low.o
 .debug_info    0x00002f64      0x459 ./wlan_mac_low_framework/wlan_phy_util.o
 .debug_info    0x000033bd      0x350 ./wlan_mac_common_framework/wlan_mac_common.o
 .debug_info    0x0000370d      0x3fe ./wlan_mac_common_framework/wlan_mac_dl_list.o
 .debug_info    0x00003b0b      0x3b1 ./wlan_mac_common_framework/wlan_mac_mailbox_util.o
 .debug_info    0x00003ebc      0x579 ./wlan_mac_common_framework/wlan_mac_pkt_buf_util.o
 .debug_info    0x00004435     0x3398 ./src/wlan_mac_dcf.o
 .debug_info    0x000077cd      0x406 ../../wlan_bsp_cpu_low/mb_low/lib\libxil.a(xil_printf.o)
 .debug_info    0x00007bd3       0xc0 ../../wlan_bsp_cpu_low/mb_low/lib\libxil.a(_program_clean.o)
 .debug_info    0x00007c93       0xbf ../../wlan_bsp_cpu_low/mb_low/lib\libxil.a(_program_init.o)
 .debug_info    0x00007d52       0xdd ../../wlan_bsp_cpu_low/mb_low/lib\libxil.a(microblaze_enable_exceptions.o)
 .debug_info    0x00007e2f       0x96 ../../wlan_bsp_cpu_low/mb_low/lib\libxil.a(outbyte.o)
 .debug_info    0x00007ec5       0x9d ../../wlan_bsp_cpu_low/mb_low/lib\libxil.a(xil_cache.o)
 .debug_info    0x00007f62       0xe1 ../../wlan_bsp_cpu_low/mb_low/lib\libxil.a(xuartlite_l.o)
 .debug_info    0x00008043      0x6d5 ../../wlan_bsp_cpu_low/mb_low/lib\libxil.a(xmbox.o)
 .debug_info    0x00008718      0x180 ../../wlan_bsp_cpu_low/mb_low/lib\libxil.a(xmbox_sinit.o)
 .debug_info    0x00008898      0x40e ../../wlan_bsp_cpu_low/mb_low/lib\libxil.a(xmutex.o)
 .debug_info    0x00008ca6      0x172 ../../wlan_bsp_cpu_low/mb_low/lib\libxil.a(xmutex_sinit.o)
 .debug_info    0x00008e18      0x893 ../../wlan_bsp_cpu_low/mb_low/lib\libxil.a(radio_controller.o)
 .debug_info    0x000096ab     0x1b67 ../../wlan_bsp_cpu_low/mb_low/lib\libxil.a(w3_ad_controller.o)
 .debug_info    0x0000b212     0x13ad ../../wlan_bsp_cpu_low/mb_low/lib\libxil.a(w3_clock_controller.o)
 .debug_info    0x0000c5bf      0x7c5 ../../wlan_bsp_cpu_low/mb_low/lib\libxil.a(w3_iic_eeprom.o)
 .debug_info    0x0000cd84       0x78 ../../wlan_bsp_cpu_low/mb_low/lib\libxil.a(print.o)
 .debug_info    0x0000cdfc       0xda ../../wlan_bsp_cpu_low/mb_low/lib\libxil.a(microblaze_disable_dcache.o)
 .debug_info    0x0000ced6       0xda ../../wlan_bsp_cpu_low/mb_low/lib\libxil.a(microblaze_disable_icache.o)
 .debug_info    0x0000cfb0       0xd8 ../../wlan_bsp_cpu_low/mb_low/lib\libxil.a(microblaze_flush_dcache.o)
 .debug_info    0x0000d088       0xdd ../../wlan_bsp_cpu_low/mb_low/lib\libxil.a(microblaze_invalidate_dcache.o)
 .debug_info    0x0000d165       0xdd ../../wlan_bsp_cpu_low/mb_low/lib\libxil.a(microblaze_invalidate_icache.o)
 .debug_info    0x0000d242      0x139 ../../wlan_bsp_cpu_low/mb_low/lib\libxil.a(xil_assert.o)
 .debug_info    0x0000d37b      0x130 ../../wlan_bsp_cpu_low/mb_low/lib\libxil.a(xmbox_g.o)
 .debug_info    0x0000d4ab      0x122 ../../wlan_bsp_cpu_low/mb_low/lib\libxil.a(xmutex_g.o)
 .debug_info    0x0000d5cd      0x1f5 c:/xilinx/14.4/ise_ds/edk/gnu/microblaze/nt64/bin/../lib/gcc/microblaze-xilinx-elf/4.6.2/bs/m/le\libgcc.a(_muldi3.o)
 .debug_info    0x0000d7c2      0x744 c:/xilinx/14.4/ise_ds/edk/gnu/microblaze/nt64/bin/../lib/gcc/microblaze-xilinx-elf/4.6.2/bs/m/le\libgcc.a(_udivdi3.o)
 .debug_info    0x0000df06       0xad c:/xilinx/14.4/ise_ds/edk/gnu/microblaze/nt64/bin/../lib/gcc/microblaze-xilinx-elf/4.6.2/bs/m/le\libgcc.a(udivsi3.o)
 .debug_info    0x0000dfb3       0xad c:/xilinx/14.4/ise_ds/edk/gnu/microblaze/nt64/bin/../lib/gcc/microblaze-xilinx-elf/4.6.2/bs/m/le\libgcc.a(umodsi3.o)
 .debug_info    0x0000e060       0xbb c:/xilinx/14.4/ise_ds/edk/gnu/microblaze/nt64/bin/../lib/gcc/microblaze-xilinx-elf/4.6.2/bs/m/le\libgcc.a(_clz.o)
 .debug_info    0x0000e11b      0x101 ../../wlan_bsp_cpu_low/mb_low/lib\libxil.a(sbrk.o)
 .debug_info    0x0000e21c      0x8cf ../../wlan_bsp_cpu_low/mb_low/lib\libxil.a(errno.o)
 .debug_info    0x0000eaeb       0x80 c:/xilinx/14.4/ise_ds/edk/gnu/microblaze/nt64/bin/../lib/gcc/microblaze-xilinx-elf/4.6.2/bs/m/le/crtn.o

.debug_abbrev   0x00000000     0x2f38
 .debug_abbrev  0x00000000       0x12 c:/xilinx/14.4/ise_ds/edk/gnu/microblaze/nt64/bin/../lib/gcc/microblaze-xilinx-elf/4.6.2/../../../../microblaze-xilinx-elf/lib/bs/m/le/crt0.o
 .debug_abbrev  0x00000012       0x12 c:/xilinx/14.4/ise_ds/edk/gnu/microblaze/nt64/bin/../lib/gcc/microblaze-xilinx-elf/4.6.2/bs/m/le/crti.o
 .debug_abbrev  0x00000024       0x14 c:/xilinx/14.4/ise_ds/edk/gnu/microblaze/nt64/bin/../lib/gcc/microblaze-xilinx-elf/4.6.2/../../../../microblaze-xilinx-elf/lib/bs/m/le/crtinit.o
 .debug_abbrev  0x00000038      0x2dc ./wlan_platform_low/w3_low.o
 .debug_abbrev  0x00000314       0xc5 ./wlan_platform_low/w3_phy_util.o
 .debug_abbrev  0x000003d9      0x10c ./wlan_platform_common/w3_common.o
 .debug_abbrev  0x000004e5      0x12b ./wlan_platform_common/w3_mac_time_util.o
 .debug_abbrev  0x00000610       0x74 ./wlan_platform_common/w3_sysmon_util.o
 .debug_abbrev  0x00000684      0x17d ./wlan_platform_common/w3_userio_util.o
 .debug_abbrev  0x00000801      0x475 ./wlan_mac_low_framework/wlan_mac_low.o
 .debug_abbrev  0x00000c76      0x1b7 ./wlan_mac_low_framework/wlan_phy_util.o
 .debug_abbrev  0x00000e2d      0x174 ./wlan_mac_common_framework/wlan_mac_common.o
 .debug_abbrev  0x00000fa1      0x16b ./wlan_mac_common_framework/wlan_mac_dl_list.o
 .debug_abbrev  0x0000110c      0x147 ./wlan_mac_common_framework/wlan_mac_mailbox_util.o
 .debug_abbrev  0x00001253      0x16d ./wlan_mac_common_framework/wlan_mac_pkt_buf_util.o
 .debug_abbrev  0x000013c0      0x3a3 ./src/wlan_mac_dcf.o
 .debug_abbrev  0x00001763      0x1f8 ../../wlan_bsp_cpu_low/mb_low/lib\libxil.a(xil_printf.o)
 .debug_abbrev  0x0000195b       0x14 ../../wlan_bsp_cpu_low/mb_low/lib\libxil.a(_program_clean.o)
 .debug_abbrev  0x0000196f       0x14 ../../wlan_bsp_cpu_low/mb_low/lib\libxil.a(_program_init.o)
 .debug_abbrev  0x00001983       0x14 ../../wlan_bsp_cpu_low/mb_low/lib\libxil.a(microblaze_enable_exceptions.o)
 .debug_abbrev  0x00001997       0x4e ../../wlan_bsp_cpu_low/mb_low/lib\libxil.a(outbyte.o)
 .debug_abbrev  0x000019e5       0x3f ../../wlan_bsp_cpu_low/mb_low/lib\libxil.a(xil_cache.o)
 .debug_abbrev  0x00001a24       0x74 ../../wlan_bsp_cpu_low/mb_low/lib\libxil.a(xuartlite_l.o)
 .debug_abbrev  0x00001a98      0x144 ../../wlan_bsp_cpu_low/mb_low/lib\libxil.a(xmbox.o)
 .debug_abbrev  0x00001bdc       0xce ../../wlan_bsp_cpu_low/mb_low/lib\libxil.a(xmbox_sinit.o)
 .debug_abbrev  0x00001caa      0x125 ../../wlan_bsp_cpu_low/mb_low/lib\libxil.a(xmutex.o)
 .debug_abbrev  0x00001dcf       0xce ../../wlan_bsp_cpu_low/mb_low/lib\libxil.a(xmutex_sinit.o)
 .debug_abbrev  0x00001e9d      0x252 ../../wlan_bsp_cpu_low/mb_low/lib\libxil.a(radio_controller.o)
 .debug_abbrev  0x000020ef      0x253 ../../wlan_bsp_cpu_low/mb_low/lib\libxil.a(w3_ad_controller.o)
 .debug_abbrev  0x00002342      0x21d ../../wlan_bsp_cpu_low/mb_low/lib\libxil.a(w3_clock_controller.o)
 .debug_abbrev  0x0000255f      0x22f ../../wlan_bsp_cpu_low/mb_low/lib\libxil.a(w3_iic_eeprom.o)
 .debug_abbrev  0x0000278e       0x76 ../../wlan_bsp_cpu_low/mb_low/lib\libxil.a(print.o)
 .debug_abbrev  0x00002804       0x14 ../../wlan_bsp_cpu_low/mb_low/lib\libxil.a(microblaze_disable_dcache.o)
 .debug_abbrev  0x00002818       0x14 ../../wlan_bsp_cpu_low/mb_low/lib\libxil.a(microblaze_disable_icache.o)
 .debug_abbrev  0x0000282c       0x14 ../../wlan_bsp_cpu_low/mb_low/lib\libxil.a(microblaze_flush_dcache.o)
 .debug_abbrev  0x00002840       0x14 ../../wlan_bsp_cpu_low/mb_low/lib\libxil.a(microblaze_invalidate_dcache.o)
 .debug_abbrev  0x00002854       0x14 ../../wlan_bsp_cpu_low/mb_low/lib\libxil.a(microblaze_invalidate_icache.o)
 .debug_abbrev  0x00002868       0xd4 ../../wlan_bsp_cpu_low/mb_low/lib\libxil.a(xil_assert.o)
 .debug_abbrev  0x0000293c       0x83 ../../wlan_bsp_cpu_low/mb_low/lib\libxil.a(xmbox_g.o)
 .debug_abbrev  0x000029bf       0x83 ../../wlan_bsp_cpu_low/mb_low/lib\libxil.a(xmutex_g.o)
 .debug_abbrev  0x00002a42       0xec c:/xilinx/14.4/ise_ds/edk/gnu/microblaze/nt64/bin/../lib/gcc/microblaze-xilinx-elf/4.6.2/bs/m/le\libgcc.a(_muldi3.o)
 .debug_abbrev  0x00002b2e      0x192 c:/xilinx/14.4/ise_ds/edk/gnu/microblaze/nt64/bin/../lib/gcc/microblaze-xilinx-elf/4.6.2/bs/m/le\libgcc.a(_udivdi3.o)
 .debug_abbrev  0x00002cc0       0x14 c:/xilinx/14.4/ise_ds/edk/gnu/microblaze/nt64/bin/../lib/gcc/microblaze-xilinx-elf/4.6.2/bs/m/le\libgcc.a(udivsi3.o)
 .debug_abbrev  0x00002cd4       0x14 c:/xilinx/14.4/ise_ds/edk/gnu/microblaze/nt64/bin/../lib/gcc/microblaze-xilinx-elf/4.6.2/bs/m/le\libgcc.a(umodsi3.o)
 .debug_abbrev  0x00002ce8       0x61 c:/xilinx/14.4/ise_ds/edk/gnu/microblaze/nt64/bin/../lib/gcc/microblaze-xilinx-elf/4.6.2/bs/m/le\libgcc.a(_clz.o)
 .debug_abbrev  0x00002d49       0x96 ../../wlan_bsp_cpu_low/mb_low/lib\libxil.a(sbrk.o)
 .debug_abbrev  0x00002ddf      0x147 ../../wlan_bsp_cpu_low/mb_low/lib\libxil.a(errno.o)
 .debug_abbrev  0x00002f26       0x12 c:/xilinx/14.4/ise_ds/edk/gnu/microblaze/nt64/bin/../lib/gcc/microblaze-xilinx-elf/4.6.2/bs/m/le/crtn.o

.debug_aranges  0x00000000      0x9d0
 .debug_aranges
                0x00000000       0x40 c:/xilinx/14.4/ise_ds/edk/gnu/microblaze/nt64/bin/../lib/gcc/microblaze-xilinx-elf/4.6.2/../../../../microblaze-xilinx-elf/lib/bs/m/le/crt0.o
 .debug_aranges
                0x00000040       0x28 c:/xilinx/14.4/ise_ds/edk/gnu/microblaze/nt64/bin/../lib/gcc/microblaze-xilinx-elf/4.6.2/bs/m/le/crti.o
 .debug_aranges
                0x00000068       0x20 c:/xilinx/14.4/ise_ds/edk/gnu/microblaze/nt64/bin/../lib/gcc/microblaze-xilinx-elf/4.6.2/../../../../microblaze-xilinx-elf/lib/bs/m/le/crtinit.o
 .debug_aranges
                0x00000088       0xa0 ./wlan_platform_low/w3_low.o
 .debug_aranges
                0x00000128       0x30 ./wlan_platform_low/w3_phy_util.o
 .debug_aranges
                0x00000158       0x38 ./wlan_platform_common/w3_common.o
 .debug_aranges
                0x00000190       0x40 ./wlan_platform_common/w3_mac_time_util.o
 .debug_aranges
                0x000001d0       0x38 ./wlan_platform_common/w3_sysmon_util.o
 .debug_aranges
                0x00000208       0x70 ./wlan_platform_common/w3_userio_util.o
 .debug_aranges
                0x00000278      0x158 ./wlan_mac_low_framework/wlan_mac_low.o
 .debug_aranges
                0x000003d0       0x30 ./wlan_mac_low_framework/wlan_phy_util.o
 .debug_aranges
                0x00000400       0x58 ./wlan_mac_common_framework/wlan_mac_common.o
 .debug_aranges
                0x00000458       0x50 ./wlan_mac_common_framework/wlan_mac_dl_list.o
 .debug_aranges
                0x000004a8       0x38 ./wlan_mac_common_framework/wlan_mac_mailbox_util.o
 .debug_aranges
                0x000004e0       0x60 ./wlan_mac_common_framework/wlan_mac_pkt_buf_util.o
 .debug_aranges
                0x00000540       0xe8 ./src/wlan_mac_dcf.o
 .debug_aranges
                0x00000628       0x20 ../../wlan_bsp_cpu_low/mb_low/lib\libxil.a(xil_printf.o)
 .debug_aranges
                0x00000648       0x20 ../../wlan_bsp_cpu_low/mb_low/lib\libxil.a(_program_clean.o)
 .debug_aranges
                0x00000668       0x20 ../../wlan_bsp_cpu_low/mb_low/lib\libxil.a(_program_init.o)
 .debug_aranges
                0x00000688       0x20 ../../wlan_bsp_cpu_low/mb_low/lib\libxil.a(microblaze_enable_exceptions.o)
 .debug_aranges
                0x000006a8       0x20 ../../wlan_bsp_cpu_low/mb_low/lib\libxil.a(outbyte.o)
 .debug_aranges
                0x000006c8       0x20 ../../wlan_bsp_cpu_low/mb_low/lib\libxil.a(xil_cache.o)
 .debug_aranges
                0x000006e8       0x20 ../../wlan_bsp_cpu_low/mb_low/lib\libxil.a(xuartlite_l.o)
 .debug_aranges
                0x00000708       0x20 ../../wlan_bsp_cpu_low/mb_low/lib\libxil.a(xmbox.o)
 .debug_aranges
                0x00000728       0x20 ../../wlan_bsp_cpu_low/mb_low/lib\libxil.a(xmbox_sinit.o)
 .debug_aranges
                0x00000748       0x20 ../../wlan_bsp_cpu_low/mb_low/lib\libxil.a(xmutex.o)
 .debug_aranges
                0x00000768       0x20 ../../wlan_bsp_cpu_low/mb_low/lib\libxil.a(xmutex_sinit.o)
 .debug_aranges
                0x00000788       0x20 ../../wlan_bsp_cpu_low/mb_low/lib\libxil.a(radio_controller.o)
 .debug_aranges
                0x000007a8       0x20 ../../wlan_bsp_cpu_low/mb_low/lib\libxil.a(w3_ad_controller.o)
 .debug_aranges
                0x000007c8       0x20 ../../wlan_bsp_cpu_low/mb_low/lib\libxil.a(w3_clock_controller.o)
 .debug_aranges
                0x000007e8       0x20 ../../wlan_bsp_cpu_low/mb_low/lib\libxil.a(w3_iic_eeprom.o)
 .debug_aranges
                0x00000808       0x20 ../../wlan_bsp_cpu_low/mb_low/lib\libxil.a(print.o)
 .debug_aranges
                0x00000828       0x20 ../../wlan_bsp_cpu_low/mb_low/lib\libxil.a(microblaze_disable_dcache.o)
 .debug_aranges
                0x00000848       0x20 ../../wlan_bsp_cpu_low/mb_low/lib\libxil.a(microblaze_disable_icache.o)
 .debug_aranges
                0x00000868       0x20 ../../wlan_bsp_cpu_low/mb_low/lib\libxil.a(microblaze_flush_dcache.o)
 .debug_aranges
                0x00000888       0x20 ../../wlan_bsp_cpu_low/mb_low/lib\libxil.a(microblaze_invalidate_dcache.o)
 .debug_aranges
                0x000008a8       0x20 ../../wlan_bsp_cpu_low/mb_low/lib\libxil.a(microblaze_invalidate_icache.o)
 .debug_aranges
                0x000008c8       0x20 ../../wlan_bsp_cpu_low/mb_low/lib\libxil.a(xil_assert.o)
 .debug_aranges
                0x000008e8       0x20 c:/xilinx/14.4/ise_ds/edk/gnu/microblaze/nt64/bin/../lib/gcc/microblaze-xilinx-elf/4.6.2/bs/m/le\libgcc.a(_muldi3.o)
 .debug_aranges
                0x00000908       0x20 c:/xilinx/14.4/ise_ds/edk/gnu/microblaze/nt64/bin/../lib/gcc/microblaze-xilinx-elf/4.6.2/bs/m/le\libgcc.a(_udivdi3.o)
 .debug_aranges
                0x00000928       0x20 c:/xilinx/14.4/ise_ds/edk/gnu/microblaze/nt64/bin/../lib/gcc/microblaze-xilinx-elf/4.6.2/bs/m/le\libgcc.a(udivsi3.o)
 .debug_aranges
                0x00000948       0x20 c:/xilinx/14.4/ise_ds/edk/gnu/microblaze/nt64/bin/../lib/gcc/microblaze-xilinx-elf/4.6.2/bs/m/le\libgcc.a(umodsi3.o)
 .debug_aranges
                0x00000968       0x20 ../../wlan_bsp_cpu_low/mb_low/lib\libxil.a(sbrk.o)
 .debug_aranges
                0x00000988       0x20 ../../wlan_bsp_cpu_low/mb_low/lib\libxil.a(errno.o)
 .debug_aranges
                0x000009a8       0x28 c:/xilinx/14.4/ise_ds/edk/gnu/microblaze/nt64/bin/../lib/gcc/microblaze-xilinx-elf/4.6.2/bs/m/le/crtn.o

.debug_ranges   0x00000000     0x28b8
 .debug_ranges  0x00000000       0x38 c:/xilinx/14.4/ise_ds/edk/gnu/microblaze/nt64/bin/../lib/gcc/microblaze-xilinx-elf/4.6.2/../../../../microblaze-xilinx-elf/lib/bs/m/le/crt0.o
 .debug_ranges  0x00000038       0x20 c:/xilinx/14.4/ise_ds/edk/gnu/microblaze/nt64/bin/../lib/gcc/microblaze-xilinx-elf/4.6.2/bs/m/le/crti.o
 .debug_ranges  0x00000058      0x310 ./wlan_platform_low/w3_low.o
 .debug_ranges  0x00000368       0x80 ./wlan_platform_low/w3_phy_util.o
 .debug_ranges  0x000003e8       0x28 ./wlan_platform_common/w3_common.o
 .debug_ranges  0x00000410       0x90 ./wlan_platform_common/w3_mac_time_util.o
 .debug_ranges  0x000004a0       0x28 ./wlan_platform_common/w3_sysmon_util.o
 .debug_ranges  0x000004c8       0x60 ./wlan_platform_common/w3_userio_util.o
 .debug_ranges  0x00000528      0x480 ./wlan_mac_low_framework/wlan_mac_low.o
 .debug_ranges  0x000009a8       0x90 ./wlan_mac_low_framework/wlan_phy_util.o
 .debug_ranges  0x00000a38       0x48 ./wlan_mac_common_framework/wlan_mac_common.o
 .debug_ranges  0x00000a80       0x58 ./wlan_mac_common_framework/wlan_mac_dl_list.o
 .debug_ranges  0x00000ad8       0x48 ./wlan_mac_common_framework/wlan_mac_mailbox_util.o
 .debug_ranges  0x00000b20       0x50 ./wlan_mac_common_framework/wlan_mac_pkt_buf_util.o
 .debug_ranges  0x00000b70     0x16f8 ./src/wlan_mac_dcf.o
 .debug_ranges  0x00002268       0x30 ../../wlan_bsp_cpu_low/mb_low/lib\libxil.a(xil_printf.o)
 .debug_ranges  0x00002298       0x60 ../../wlan_bsp_cpu_low/mb_low/lib\libxil.a(radio_controller.o)
 .debug_ranges  0x000022f8      0x360 ../../wlan_bsp_cpu_low/mb_low/lib\libxil.a(w3_ad_controller.o)
 .debug_ranges  0x00002658       0x90 ../../wlan_bsp_cpu_low/mb_low/lib\libxil.a(w3_clock_controller.o)
 .debug_ranges  0x000026e8       0x60 ../../wlan_bsp_cpu_low/mb_low/lib\libxil.a(w3_iic_eeprom.o)
 .debug_ranges  0x00002748       0x40 c:/xilinx/14.4/ise_ds/edk/gnu/microblaze/nt64/bin/../lib/gcc/microblaze-xilinx-elf/4.6.2/bs/m/le\libgcc.a(_muldi3.o)
 .debug_ranges  0x00002788      0x110 c:/xilinx/14.4/ise_ds/edk/gnu/microblaze/nt64/bin/../lib/gcc/microblaze-xilinx-elf/4.6.2/bs/m/le\libgcc.a(_udivdi3.o)
 .debug_ranges  0x00002898       0x20 c:/xilinx/14.4/ise_ds/edk/gnu/microblaze/nt64/bin/../lib/gcc/microblaze-xilinx-elf/4.6.2/bs/m/le/crtn.o

.debug_frame    0x00000000     0x1608
 .debug_frame   0x00000000      0x180 ./wlan_platform_low/w3_low.o
 .debug_frame   0x00000180       0x58 ./wlan_platform_low/w3_phy_util.o
 .debug_frame   0x000001d8       0x64 ./wlan_platform_common/w3_common.o
 .debug_frame   0x0000023c       0x68 ./wlan_platform_common/w3_mac_time_util.o
 .debug_frame   0x000002a4       0x50 ./wlan_platform_common/w3_sysmon_util.o
 .debug_frame   0x000002f4       0xd4 ./wlan_platform_common/w3_userio_util.o
 .debug_frame   0x000003c8      0x354 ./wlan_mac_low_framework/wlan_mac_low.o
 .debug_frame   0x0000071c       0x68 ./wlan_mac_low_framework/wlan_phy_util.o
 .debug_frame   0x00000784       0xa8 ./wlan_mac_common_framework/wlan_mac_common.o
 .debug_frame   0x0000082c       0xb0 ./wlan_mac_common_framework/wlan_mac_dl_list.o
 .debug_frame   0x000008dc       0x78 ./wlan_mac_common_framework/wlan_mac_mailbox_util.o
 .debug_frame   0x00000954       0xec ./wlan_mac_common_framework/wlan_mac_pkt_buf_util.o
 .debug_frame   0x00000a40      0x2f0 ./src/wlan_mac_dcf.o
 .debug_frame   0x00000d30       0x78 ../../wlan_bsp_cpu_low/mb_low/lib\libxil.a(xil_printf.o)
 .debug_frame   0x00000da8       0x28 ../../wlan_bsp_cpu_low/mb_low/lib\libxil.a(outbyte.o)
 .debug_frame   0x00000dd0       0x40 ../../wlan_bsp_cpu_low/mb_low/lib\libxil.a(xil_cache.o)
 .debug_frame   0x00000e10       0x30 ../../wlan_bsp_cpu_low/mb_low/lib\libxil.a(xuartlite_l.o)
 .debug_frame   0x00000e40      0x184 ../../wlan_bsp_cpu_low/mb_low/lib\libxil.a(xmbox.o)
 .debug_frame   0x00000fc4       0x20 ../../wlan_bsp_cpu_low/mb_low/lib\libxil.a(xmbox_sinit.o)
 .debug_frame   0x00000fe4       0xd4 ../../wlan_bsp_cpu_low/mb_low/lib\libxil.a(xmutex.o)
 .debug_frame   0x000010b8       0x20 ../../wlan_bsp_cpu_low/mb_low/lib\libxil.a(xmutex_sinit.o)
 .debug_frame   0x000010d8      0x164 ../../wlan_bsp_cpu_low/mb_low/lib\libxil.a(radio_controller.o)
 .debug_frame   0x0000123c       0xc8 ../../wlan_bsp_cpu_low/mb_low/lib\libxil.a(w3_ad_controller.o)
 .debug_frame   0x00001304       0x88 ../../wlan_bsp_cpu_low/mb_low/lib\libxil.a(w3_clock_controller.o)
 .debug_frame   0x0000138c      0x174 ../../wlan_bsp_cpu_low/mb_low/lib\libxil.a(w3_iic_eeprom.o)
 .debug_frame   0x00001500       0x2c ../../wlan_bsp_cpu_low/mb_low/lib\libxil.a(print.o)
 .debug_frame   0x0000152c       0x38 ../../wlan_bsp_cpu_low/mb_low/lib\libxil.a(xil_assert.o)
 .debug_frame   0x00001564       0x20 c:/xilinx/14.4/ise_ds/edk/gnu/microblaze/nt64/bin/../lib/gcc/microblaze-xilinx-elf/4.6.2/bs/m/le\libgcc.a(_muldi3.o)
 .debug_frame   0x00001584       0x3c c:/xilinx/14.4/ise_ds/edk/gnu/microblaze/nt64/bin/../lib/gcc/microblaze-xilinx-elf/4.6.2/bs/m/le\libgcc.a(_udivdi3.o)
 .debug_frame   0x000015c0       0x28 ../../wlan_bsp_cpu_low/mb_low/lib\libxil.a(sbrk.o)
 .debug_frame   0x000015e8       0x20 ../../wlan_bsp_cpu_low/mb_low/lib\libxil.a(errno.o)

.debug_loc      0x00000000     0xf9d3
 .debug_loc     0x00000000      0xc18 ./wlan_platform_low/w3_low.o
 .debug_loc     0x00000c18       0x69 ./wlan_platform_low/w3_phy_util.o
 .debug_loc     0x00000c81       0x72 ./wlan_platform_common/w3_common.o
 .debug_loc     0x00000cf3      0x122 ./wlan_platform_common/w3_mac_time_util.o
 .debug_loc     0x00000e15       0x60 ./wlan_platform_common/w3_sysmon_util.o
 .debug_loc     0x00000e75      0x292 ./wlan_platform_common/w3_userio_util.o
 .debug_loc     0x00001107     0x1300 ./wlan_mac_low_framework/wlan_mac_low.o
 .debug_loc     0x00002407      0x36a ./wlan_mac_low_framework/wlan_phy_util.o
 .debug_loc     0x00002771      0x14e ./wlan_mac_common_framework/wlan_mac_common.o
 .debug_loc     0x000028bf      0x4be ./wlan_mac_common_framework/wlan_mac_dl_list.o
 .debug_loc     0x00002d7d      0x16f ./wlan_mac_common_framework/wlan_mac_mailbox_util.o
 .debug_loc     0x00002eec      0x5a4 ./wlan_mac_common_framework/wlan_mac_pkt_buf_util.o
 .debug_loc     0x00003490     0x4b28 ./src/wlan_mac_dcf.o
 .debug_loc     0x00007fb8      0x4ef ../../wlan_bsp_cpu_low/mb_low/lib\libxil.a(xil_printf.o)
 .debug_loc     0x000084a7       0x3e ../../wlan_bsp_cpu_low/mb_low/lib\libxil.a(outbyte.o)
 .debug_loc     0x000084e5       0x40 ../../wlan_bsp_cpu_low/mb_low/lib\libxil.a(xil_cache.o)
 .debug_loc     0x00008525      0xc1f ../../wlan_bsp_cpu_low/mb_low/lib\libxil.a(xmbox.o)
 .debug_loc     0x00009144       0x3e ../../wlan_bsp_cpu_low/mb_low/lib\libxil.a(xmbox_sinit.o)
 .debug_loc     0x00009182      0x675 ../../wlan_bsp_cpu_low/mb_low/lib\libxil.a(xmutex.o)
 .debug_loc     0x000097f7       0x3e ../../wlan_bsp_cpu_low/mb_low/lib\libxil.a(xmutex_sinit.o)
 .debug_loc     0x00009835      0xea7 ../../wlan_bsp_cpu_low/mb_low/lib\libxil.a(radio_controller.o)
 .debug_loc     0x0000a6dc     0x221e ../../wlan_bsp_cpu_low/mb_low/lib\libxil.a(w3_ad_controller.o)
 .debug_loc     0x0000c8fa     0x1628 ../../wlan_bsp_cpu_low/mb_low/lib\libxil.a(w3_clock_controller.o)
 .debug_loc     0x0000df22      0x9e9 ../../wlan_bsp_cpu_low/mb_low/lib\libxil.a(w3_iic_eeprom.o)
 .debug_loc     0x0000e90b       0x3e ../../wlan_bsp_cpu_low/mb_low/lib\libxil.a(print.o)
 .debug_loc     0x0000e949       0x46 ../../wlan_bsp_cpu_low/mb_low/lib\libxil.a(xil_assert.o)
 .debug_loc     0x0000e98f       0xd2 c:/xilinx/14.4/ise_ds/edk/gnu/microblaze/nt64/bin/../lib/gcc/microblaze-xilinx-elf/4.6.2/bs/m/le\libgcc.a(_muldi3.o)
 .debug_loc     0x0000ea61      0xf21 c:/xilinx/14.4/ise_ds/edk/gnu/microblaze/nt64/bin/../lib/gcc/microblaze-xilinx-elf/4.6.2/bs/m/le\libgcc.a(_udivdi3.o)
 .debug_loc     0x0000f982       0x51 ../../wlan_bsp_cpu_low/mb_low/lib\libxil.a(sbrk.o)

.debug_str      0x00000000     0x4175
 .debug_str     0x00000000      0x547 ./wlan_platform_low/w3_low.o
                                0x5d7 (size before relaxing)
 .debug_str     0x00000547       0xbd ./wlan_platform_low/w3_phy_util.o
                                0x1f6 (size before relaxing)
 .debug_str     0x00000604      0x2b7 ./wlan_platform_common/w3_common.o
                                0x440 (size before relaxing)
 .debug_str     0x000008bb      0x133 ./wlan_platform_common/w3_mac_time_util.o
                                0x26d (size before relaxing)
 .debug_str     0x000009ee       0xe8 ./wlan_platform_common/w3_sysmon_util.o
                                0x21e (size before relaxing)
 .debug_str     0x00000ad6      0x1c2 ./wlan_platform_common/w3_userio_util.o
                                0x309 (size before relaxing)
 .debug_str     0x00000c98      0xcb1 ./wlan_mac_low_framework/wlan_mac_low.o
                               0x10fc (size before relaxing)
 .debug_str     0x00001949      0x161 ./wlan_mac_low_framework/wlan_phy_util.o
                                0x3c2 (size before relaxing)
 .debug_str     0x00001aaa      0x1eb ./wlan_mac_common_framework/wlan_mac_common.o
                                0x3bd (size before relaxing)
 .debug_str     0x00001c95      0x180 ./wlan_mac_common_framework/wlan_mac_dl_list.o
                                0x2e3 (size before relaxing)
 .debug_str     0x00001e15      0x148 ./wlan_mac_common_framework/wlan_mac_mailbox_util.o
                                0x3b3 (size before relaxing)
 .debug_str     0x00001f5d      0x181 ./wlan_mac_common_framework/wlan_mac_pkt_buf_util.o
                                0x3ca (size before relaxing)
 .debug_str     0x000020de      0x9f4 ./src/wlan_mac_dcf.o
                               0x1398 (size before relaxing)