Archive member included because of file (symbol)

../../wlan_bsp_cpu_high/mb_high/lib\libxil.a(xil_printf.o)
                              ./wlan_platform_high/w3_eth.o (xil_printf)
../../wlan_bsp_cpu_high/mb_high/lib\libxil.a(_exception_handler.o)
                              c:/xilinx/14.4/ise_ds/edk/gnu/microblaze/nt64/bin/../lib/gcc/microblaze-xilinx-elf/4.6.2/../../../../microblaze-xilinx-elf/lib/bs/m/le/crt0.o (_exception_handler)
../../wlan_bsp_cpu_high/mb_high/lib\libxil.a(_program_clean.o)
                              c:/xilinx/14.4/ise_ds/edk/gnu/microblaze/nt64/bin/../lib/gcc/microblaze-xilinx-elf/4.6.2/../../../../microblaze-xilinx-elf/lib/bs/m/le/crtinit.o (_program_clean)
../../wlan_bsp_cpu_high/mb_high/lib\libxil.a(_program_init.o)
                              c:/xilinx/14.4/ise_ds/edk/gnu/microblaze/nt64/bin/../lib/gcc/microblaze-xilinx-elf/4.6.2/../../../../microblaze-xilinx-elf/lib/bs/m/le/crtinit.o (_program_init)
../../wlan_bsp_cpu_high/mb_high/lib\libxil.a(hw_exception_handler.o)
                              c:/xilinx/14.4/ise_ds/edk/gnu/microblaze/nt64/bin/../lib/gcc/microblaze-xilinx-elf/4.6.2/../../../../microblaze-xilinx-elf/lib/bs/m/le/crt0.o (_hw_exception_handler)
../../wlan_bsp_cpu_high/mb_high/lib\libxil.a(microblaze_enable_exceptions.o)
                              ./src/wlan_mac_sta.o (microblaze_enable_exceptions)
../../wlan_bsp_cpu_high/mb_high/lib\libxil.a(microblaze_interrupt_handler.o)
                              c:/xilinx/14.4/ise_ds/edk/gnu/microblaze/nt64/bin/../lib/gcc/microblaze-xilinx-elf/4.6.2/../../../../microblaze-xilinx-elf/lib/bs/m/le/crt0.o (_interrupt_handler)
../../wlan_bsp_cpu_high/mb_high/lib\libxil.a(microblaze_interrupts_g.o)
                              ../../wlan_bsp_cpu_high/mb_high/lib\libxil.a(microblaze_interrupt_handler.o) (MB_InterruptVectorTable)
../../wlan_bsp_cpu_high/mb_high/lib\libxil.a(outbyte.o)
                              ../../wlan_bsp_cpu_high/mb_high/lib\libxil.a(xil_printf.o) (outbyte)
../../wlan_bsp_cpu_high/mb_high/lib\libxil.a(xil_cache.o)
                              ./src/wlan_mac_sta.o (Xil_DCacheDisable)
../../wlan_bsp_cpu_high/mb_high/lib\libxil.a(xil_exception.o)
                              ./wlan_mac_high_framework/wlan_mac_high.o (Xil_ExceptionInit)
../../wlan_bsp_cpu_high/mb_high/lib\libxil.a(xil_io.o)
                              ./wlan_mac_high_framework/wlan_exp_node.o (Xil_EndianSwap16)
../../wlan_bsp_cpu_high/mb_high/lib\libxil.a(xaxicdma.o)
                              ./wlan_mac_high_framework/wlan_mac_high.o (XAxiCdma_CfgInitialize)
../../wlan_bsp_cpu_high/mb_high/lib\libxil.a(xaxicdma_bdring.o)
                              ../../wlan_bsp_cpu_high/mb_high/lib\libxil.a(xaxicdma.o) (XAxiCdma_BdRingGetCurrBd)
../../wlan_bsp_cpu_high/mb_high/lib\libxil.a(xaxicdma_intr.o)
                              ../../wlan_bsp_cpu_high/mb_high/lib\libxil.a(xaxicdma.o) (XAxiCdma_IntrGetEnabled)
../../wlan_bsp_cpu_high/mb_high/lib\libxil.a(xaxicdma_sinit.o)
                              ./wlan_mac_high_framework/wlan_mac_high.o (XAxiCdma_LookupConfig)
../../wlan_bsp_cpu_high/mb_high/lib\libxil.a(xaxidma.o)
                              ./wlan_mac_high_framework/wlan_exp_ip_udp/wlan_exp_ip_udp_eth.o (XAxiDma_Reset)
../../wlan_bsp_cpu_high/mb_high/lib\libxil.a(xaxidma_bd.o)
                              ./wlan_platform_high/w3_eth.o (XAxiDma_BdSetLength)
../../wlan_bsp_cpu_high/mb_high/lib\libxil.a(xaxidma_bdring.o)
                              ./wlan_platform_high/w3_eth.o (XAxiDma_BdRingCreate)
../../wlan_bsp_cpu_high/mb_high/lib\libxil.a(xaxidma_sinit.o)
                              ./wlan_platform_high/w3_eth.o (XAxiDma_LookupConfig)
../../wlan_bsp_cpu_high/mb_high/lib\libxil.a(xaxiethernet.o)
                              ./wlan_platform_high/w3_eth.o (XAxiEthernet_Start)
../../wlan_bsp_cpu_high/mb_high/lib\libxil.a(xaxiethernet_sinit.o)
                              ./wlan_platform_high/w3_eth.o (XAxiEthernet_LookupConfig)
../../wlan_bsp_cpu_high/mb_high/lib\libxil.a(xintc.o)
                              ./wlan_mac_high_framework/wlan_mac_high.o (XIntc_Initialize)
../../wlan_bsp_cpu_high/mb_high/lib\libxil.a(xintc_g.o)
                              ../../wlan_bsp_cpu_high/mb_high/lib\libxil.a(xintc.o) (XIntc_ConfigTable)
../../wlan_bsp_cpu_high/mb_high/lib\libxil.a(xintc_l.o)
                              ./wlan_mac_high_framework/wlan_mac_high.o (XIntc_DeviceInterruptHandler)
../../wlan_bsp_cpu_high/mb_high/lib\libxil.a(xintc_options.o)
                              ./wlan_mac_high_framework/wlan_mac_high.o (XIntc_SetOptions)
../../wlan_bsp_cpu_high/mb_high/lib\libxil.a(xgpio.o)
                              ./wlan_platform_high/w3_high_userio.o (XGpio_SetDataDirection)
../../wlan_bsp_cpu_high/mb_high/lib\libxil.a(xgpio_intr.o)
                              ./wlan_platform_high/w3_high_userio.o (XGpio_InterruptGlobalEnable)
../../wlan_bsp_cpu_high/mb_high/lib\libxil.a(xgpio_sinit.o)
[...]
Memory Configuration

Name             Origin             Length             Attributes
mb_high_ilmb     0x00000050         0x0003ffb0
pkt_buff_rx_bram 0x90000000         0x00010000
pkt_buff_tx_bram 0x91000000         0x00010000
mb_high_aux_bram 0xa0000000         0x00010000
ddr3_sodimm      0xc0000000         0x40000000
*default*        0x00000000         0xffffffff

Linker script and memory map

LOAD c:/xilinx/14.4/ise_ds/edk/gnu/microblaze/nt64/bin/../lib/gcc/microblaze-xilinx-elf/4.6.2/../../../../microblaze-xilinx-elf/lib/bs/m/le/crt0.o
LOAD c:/xilinx/14.4/ise_ds/edk/gnu/microblaze/nt64/bin/../lib/gcc/microblaze-xilinx-elf/4.6.2/bs/m/le/crti.o
LOAD c:/xilinx/14.4/ise_ds/edk/gnu/microblaze/nt64/bin/../lib/gcc/microblaze-xilinx-elf/4.6.2/bs/m/le/crtbegin.o
LOAD c:/xilinx/14.4/ise_ds/edk/gnu/microblaze/nt64/bin/../lib/gcc/microblaze-xilinx-elf/4.6.2/../../../../microblaze-xilinx-elf/lib/bs/m/le/crtinit.o
                [0x00001000]                _STACK_SIZE = DEFINED (_STACK_SIZE)?_STACK_SIZE:0x1000
                [0x00002000]                _HEAP_SIZE = DEFINED (_HEAP_SIZE)?_HEAP_SIZE:0x2000

.vectors.reset  0x00000000        0x8
 *(.vectors.reset)
 .vectors.reset
                0x00000000        0x8 c:/xilinx/14.4/ise_ds/edk/gnu/microblaze/nt64/bin/../lib/gcc/microblaze-xilinx-elf/4.6.2/../../../../microblaze-xilinx-elf/lib/bs/m/le/crt0.o
                0x00000000                _start

.vectors.sw_exception
                0x00000008        0x8
 *(.vectors.sw_exception)
 .vectors.sw_exception
                0x00000008        0x8 c:/xilinx/14.4/ise_ds/edk/gnu/microblaze/nt64/bin/../lib/gcc/microblaze-xilinx-elf/4.6.2/../../../../microblaze-xilinx-elf/lib/bs/m/le/crt0.o

.vectors.interrupt
                0x00000010        0x8
 *(.vectors.interrupt)
 .vectors.interrupt
                0x00000010        0x8 c:/xilinx/14.4/ise_ds/edk/gnu/microblaze/nt64/bin/../lib/gcc/microblaze-xilinx-elf/4.6.2/../../../../microblaze-xilinx-elf/lib/bs/m/le/crt0.o

.vectors.hw_exception
                0x00000020        0x8
 *(.vectors.hw_exception)
 .vectors.hw_exception
                0x00000020        0x8 c:/xilinx/14.4/ise_ds/edk/gnu/microblaze/nt64/bin/../lib/gcc/microblaze-xilinx-elf/4.6.2/../../../../microblaze-xilinx-elf/lib/bs/m/le/crt0.o

.text           0x00000050    0x30000
 *(.text)
 .text          0x00000050       0x34 c:/xilinx/14.4/ise_ds/edk/gnu/microblaze/nt64/bin/../lib/gcc/microblaze-xilinx-elf/4.6.2/../../../../microblaze-xilinx-elf/lib/bs/m/le/crt0.o
                0x00000050                _start1
                0x00000080                _exit
 .text          0x00000084      0x118 c:/xilinx/14.4/ise_ds/edk/gnu/microblaze/nt64/bin/../lib/gcc/microblaze-xilinx-elf/4.6.2/bs/m/le/crtbegin.o
 .text          0x0000019c       0xb0 c:/xilinx/14.4/ise_ds/edk/gnu/microblaze/nt64/bin/../lib/gcc/microblaze-xilinx-elf/4.6.2/../../../../microblaze-xilinx-elf/lib/bs/m/le/crtinit.o
                0x0000019c                _crtinit
 .text          0x0000024c      0x604 ../../wlan_bsp_cpu_high/mb_high/lib\libxil.a(xil_printf.o)
                0x00000438                xil_printf
 .text          0x00000850        0x8 ../../wlan_bsp_cpu_high/mb_high/lib\libxil.a(_exception_handler.o)
                0x00000850                _exception_handler
 .text          0x00000858        0x8 ../../wlan_bsp_cpu_high/mb_high/lib\libxil.a(_program_clean.o)
                0x00000858                _program_clean
 .text          0x00000860        0x8 ../../wlan_bsp_cpu_high/mb_high/lib\libxil.a(_program_init.o)
                0x00000860                _program_init
 *fill*         0x00000868        0x8 00
 .text          0x00000870      0x480 ../../wlan_bsp_cpu_high/mb_high/lib\libxil.a(hw_exception_handler.o)
                0x00000870                _hw_exception_handler
 .text          0x00000cf0       0x14 ../../wlan_bsp_cpu_high/mb_high/lib\libxil.a(microblaze_enable_exceptions.o)
                0x00000cf0                microblaze_enable_exceptions
 .text          0x00000d04       0xb8 ../../wlan_bsp_cpu_high/mb_high/lib\libxil.a(microblaze_interrupt_handler.o)
                0x00000d04                _interrupt_handler
                0x00000d04                __interrupt_handler
                0x00000da8                microblaze_register_handler
 .text          0x00000dbc       0x2c ../../wlan_bsp_cpu_high/mb_high/lib\libxil.a(outbyte.o)
                0x00000dbc                outbyte
 .text          0x00000de8       0x64 ../../wlan_bsp_cpu_high/mb_high/lib\libxil.a(xil_cache.o)
                0x00000de8                Xil_DCacheDisable
                0x00000e20                Xil_ICacheDisable
 .text          0x00000e4c       0xe8 ../../wlan_bsp_cpu_high/mb_high/lib\libxil.a(xil_exception.o)
                0x00000e54                Xil_ExceptionInit
                0x00000e5c                Xil_ExceptionEnable
                0x00000e88                Xil_ExceptionDisable
                0x00000eb4                Xil_ExceptionRegisterHandler
                0x00000eec                Xil_ExceptionRemoveHandler
 .text          0x00000f34      0x118 ../../wlan_bsp_cpu_high/mb_high/lib\libxil.a(xil_io.o)
                0x00000f34                Xil_EndianSwap16
                0x00000f50                Xil_EndianSwap32
                0x00000f88                Xil_In16BE
                0x00000fb0                Xil_In32BE
                0x00000fec                Xil_Out16BE
                0x0000100c                Xil_Out32BE
 .text          0x0000104c      0x570 ../../wlan_bsp_cpu_high/mb_high/lib\libxil.a(xaxicdma.o)
                0x0000104c                XAxiCdma_GetError
                0x0000105c                XAxiCdma_Reset
                0x00001084                XAxiCdma_ResetIsDone
                0x0000109c                XAxiCdma_CfgInitialize
                0x0000117c                XAxiCdma_IsBusy
                0x00001194                XAxiCdma_IsSimpleMode
                0x000011ac                XAxiCdma_SwitchMode
                0x000012b8                XAxiCdma_SimpleTransfer
                0x00001414                XAxiCdma_SetCoalesce
                0x000014a8                XAxiCdma_GetCoalesce
                0x000014e0                XAxiCdma_DumpRegisters
 .text          0x000015bc      0xab8 ../../wlan_bsp_cpu_high/mb_high/lib\libxil.a(xaxicdma_bdring.o)
                0x000015bc                XAxiCdma_BdRingCntCalc
                0x000015f8                XAxiCdma_BdRingMemCalc
                0x0000160c                XAxiCdma_BdRingGetCnt
                0x00001614                XAxiCdma_BdRingGetFreeCnt
                0x0000161c                XAxiCdma_BdRingSnapShotCurrBd
                0x0000166c                XAxiCdma_BdRingGetCurrBd
                0x0000167c                XAxiCdma_BdRingNext
                0x000016c4                XAxiCdma_BdRingPrev
                0x0000170c                XAxiCdma_BdRingCreate
                0x00001950                XAxiCdma_BdRingClone
                0x00001a18                XAxiCdma_BdRingAlloc
                0x00001a80                XAxiCdma_BdRingUnAlloc
                0x00001b08                XAxiCdma_BdRingToHw
                0x00001d88                XAxiCdma_BdRingFromHw
                0x00001ee0                XAxiCdma_BdRingFree
                0x00001fc0                XAxiCdma_BdRingStartTransfer
 .text          0x00002074      0x194 ../../wlan_bsp_cpu_high/mb_high/lib\libxil.a(xaxicdma_intr.o)
                0x00002074                XAxiCdma_IntrEnable
                0x00002090                XAxiCdma_IntrGetEnabled
                0x000020a0                XAxiCdma_IntrDisable
                0x000020c0                XAxiCdma_IntrHandler
 .text          0x00002208       0x24 ../../wlan_bsp_cpu_high/mb_high/lib\libxil.a(xaxicdma_sinit.o)
                0x00002208                XAxiCdma_LookupConfig
 .text          0x0000222c      0x758 ../../wlan_bsp_cpu_high/mb_high/lib\libxil.a(xaxidma.o)
                0x0000222c                XAxiDma_Reset
                0x0000233c                XAxiDma_ResetIsDone
                0x00002380                XAxiDma_CfgInitialize
                0x00002560                XAxiDma_Pause
                0x000025f4                XAxiDma_Resume
                0x00002808                XAxiDma_Busy
                0x00002828                XAxiDma_SelectKeyHole
                0x00002858                XAxiDma_SimpleTransfer
 .text          0x00002984      0x280 ../../wlan_bsp_cpu_high/mb_high/lib\libxil.a(xaxidma_bd.o)
                0x00002984                XAxiDma_BdSetLength
                0x000029b8                XAxiDma_BdSetBufAddr
                0x00002a18                XAxiDma_BdSetAppWord
                0x00002a4c                XAxiDma_BdGetAppWord
                0x00002a84                XAxiDma_BdSetCtrl
                0x00002aa4                XAxiDma_DumpBd
 .text          0x00002c04      0xd48 ../../wlan_bsp_cpu_high/mb_high/lib\libxil.a(xaxidma_bdring.o)
                0x00002c04                XAxiDma_UpdateBdRingCDesc
                0x00002cf4                XAxiDma_BdRingCreate
                0x00002ecc                XAxiDma_BdRingClone
                0x00002fa4                XAxiDma_StartBdRingHw
                0x000030a8                XAxiDma_BdRingStart
                0x000030dc                XAxiDma_BdRingSetCoalesce
                0x00003148                XAxiDma_BdRingGetCoalesce
                0x0000316c                XAxiDma_BdRingAlloc
                0x000031e4                XAxiDma_BdRingUnAlloc
                0x00003288                XAxiDma_BdRingToHw
                0x000034b8                XAxiDma_BdRingFromHw
                0x0000363c                XAxiDma_BdRingFree
                0x000036b8                XAxiDma_BdRingCheck
                0x00003828                XAxiDma_BdRingDumpRegs
 .text          0x0000394c       0x40 ../../wlan_bsp_cpu_high/mb_high/lib\libxil.a(xaxidma_sinit.o)
                0x0000394c                XAxiDma_LookupConfig
 .text          0x0000398c     0x135c ../../wlan_bsp_cpu_high/mb_high/lib\libxil.a(xaxiethernet.o)
                0x00003a70                XAxiEthernet_Start
                0x00003b6c                XAxiEthernet_Stop
                0x00003c34                XAxiEthernet_SetMacAddress
                0x00003db4                XAxiEthernet_GetMacAddress
                0x00003ee8                XAxiEthernet_SetOptions
                0x00004198                XAxiEthernet_ClearOptions
                0x00004440                XAxiEthernet_GetOptions
                0x000044dc                XAxiEthernet_GetOperatingSpeed
                0x000045c0                XAxiEthernet_SetOperatingSpeed
                0x00004740                XAxiEthernet_SetBadFrmRcvOption
                0x00004758                XAxiEthernet_ClearBadFrmRcvOption
                0x00004770                XAxiEthernet_DisableControlFrameLenCheck
                0x0000478c                XAxiEthernet_EnableControlFrameLenCheck
                0x000047a8                XAxiEthernet_PhySetMdioDivisor
                0x00004870                XAxiEthernet_Reset
                0x00004a14                XAxiEthernet_CfgInitialize
                0x00004ad4                XAxiEthernet_PhyRead
                0x00004be0                XAxiEthernet_PhyWrite
 .text          0x00004ce8       0x40 ../../wlan_bsp_cpu_high/mb_high/lib\libxil.a(xaxiethernet_sinit.o)
                0x00004ce8                XAxiEthernet_LookupConfig
 .text          0x00004d28      0xc18 ../../wlan_bsp_cpu_high/mb_high/lib\libxil.a(xintc.o)
                0x00004d80                XIntc_Initialize
                0x00004f10                XIntc_Start
                0x00005000                XIntc_Stop
                0x00005090                XIntc_Connect
                0x000051a0                XIntc_Disconnect
                0x000052a4                XIntc_Enable
                0x00005380                XIntc_Disable
                0x00005460                XIntc_Acknowledge
                0x00005534                XIntc_LookupConfig
                0x00005558                XIntc_ConnectFastHandler
                0x0000575c                XIntc_SetNormalIntrMode
 .text          0x00005940      0x1e8 ../../wlan_bsp_cpu_high/mb_high/lib\libxil.a(xintc_l.o)
                0x00005940                XIntc_DeviceInterruptHandler
                0x00005a38                XIntc_LowLevelInterruptHandler
                0x00005a54                XIntc_SetIntrSvcOption
                0x00005a7c                XIntc_RegisterHandler
                0x00005ab0                XIntc_RegisterFastHandler
 .text          0x00005b28      0x158 ../../wlan_bsp_cpu_high/mb_high/lib\libxil.a(xintc_options.o)
                0x00005b28                XIntc_SetOptions
                0x00005be0                XIntc_GetOptions
 .text          0x00005c80      0x41c ../../wlan_bsp_cpu_high/mb_high/lib\libxil.a(xgpio.o)
                0x00005c80                XGpio_CfgInitialize
                0x00005cf4                XGpio_SetDataDirection
                0x00005dd0                XGpio_GetDataDirection
                0x00005ec8                XGpio_DiscreteRead
                0x00005fc0                XGpio_DiscreteWrite
 .text          0x0000609c      0x5d8 ../../wlan_bsp_cpu_high/mb_high/lib\libxil.a(xgpio_intr.o)
                0x0000609c                XGpio_InterruptGlobalEnable
                0x00006168                XGpio_InterruptGlobalDisable
                0x0000622c                XGpio_InterruptEnable
                0x000062f8                XGpio_InterruptDisable
                0x000063c8                XGpio_InterruptClear
                0x00006494                XGpio_InterruptGetEnabled
                0x00006584                XGpio_InterruptGetStatus
 .text          0x00006674       0xb4 ../../wlan_bsp_cpu_high/mb_high/lib\libxil.a(xgpio_sinit.o)
                0x00006674                XGpio_LookupConfig
                0x00006698                XGpio_Initialize
 .text          0x00006728      0x7cc ../../wlan_bsp_cpu_high/mb_high/lib\libxil.a(xtmrctr.o)
                0x00006728                XTmrCtr_Initialize
                0x00006860                XTmrCtr_Start
                0x00006950                XTmrCtr_Stop
                0x00006a2c                XTmrCtr_GetValue
                0x00006b20                XTmrCtr_SetResetValue
                0x00006bf8                XTmrCtr_GetCaptureValue
                0x00006cec                XTmrCtr_Reset
                0x00006dd8                XTmrCtr_IsExpired
                0x00006ed0                XTmrCtr_LookupConfig
 .text          0x00006ef4      0x1c8 ../../wlan_bsp_cpu_high/mb_high/lib\libxil.a(xtmrctr_intr.o)
                0x00006ef4                XTmrCtr_SetHandler
                0x00006fac                XTmrCtr_InterruptHandler
 .text          0x000070bc      0x240 ../../wlan_bsp_cpu_high/mb_high/lib\libxil.a(xtmrctr_options.o)
                0x000070bc                XTmrCtr_SetOptions
                0x000071dc                XTmrCtr_GetOptions
 .text          0x000072fc      0x5e8 ../../wlan_bsp_cpu_high/mb_high/lib\libxil.a(xuartlite.o)
                0x00007330                XUartLite_CfgInitialize
                0x000073cc                XUartLite_ResetFifos
                0x00007464                XUartLite_IsSending
                0x000074d8                XUartLite_SendBuffer
                0x00007580                XUartLite_Send
                0x000076cc                XUartLite_ReceiveBuffer
                0x00007798                XUartLite_Recv
 .text          0x000078e4      0x384 ../../wlan_bsp_cpu_high/mb_high/lib\libxil.a(xuartlite_intr.o)
                0x000078e4                XUartLite_SetRecvHandler
                0x0000799c                XUartLite_SetSendHandler
                0x00007a54                XUartLite_InterruptHandler
                0x00007b4c                XUartLite_DisableInterrupt
                0x00007bd8                XUartLite_EnableInterrupt
 .text          0x00007c68       0x38 ../../wlan_bsp_cpu_high/mb_high/lib\libxil.a(xuartlite_l.o)
                0x00007c68                XUartLite_SendByte
                0x00007c84                XUartLite_RecvByte
 .text          0x00007ca0       0xb0 ../../wlan_bsp_cpu_high/mb_high/lib\libxil.a(xuartlite_sinit.o)
                0x00007ca0                XUartLite_LookupConfig
                0x00007cc4                XUartLite_Initialize
 .text          0x00007d50      0x188 ../../wlan_bsp_cpu_high/mb_high/lib\libxil.a(xuartlite_stats.o)
                0x00007d50                XUartLite_GetStats
                0x00007e38                XUartLite_ClearStats
 .text          0x00007ed8      0xd28 ../../wlan_bsp_cpu_high/mb_high/lib\libxil.a(xmbox.o)
                0x00007ed8                XMbox_CfgInitialize
                0x00008008                XMbox_Read
                0x00008208                XMbox_ReadBlocking
                0x0000834c                XMbox_Write
                0x00008548                XMbox_WriteBlocking
                0x0000868c                XMbox_IsEmpty
                0x00008710                XMbox_IsFull
                0x00008794                XMbox_Flush
                0x00008828                XMbox_SetInterruptEnable
                0x000088ac                XMbox_GetInterruptEnable
                0x00008944                XMbox_GetInterruptStatus
                0x000089dc                XMbox_ClearInterrupt
                0x00008a60                XMbox_SetSendThreshold
                0x00008ae4                XMbox_SetReceiveThreshold
                0x00008b68                XMbox_GetStatus
 .text          0x00008c00       0x24 ../../wlan_bsp_cpu_high/mb_high/lib\libxil.a(xmbox_sinit.o)
                0x00008c00                XMbox_LookupConfig
 .text          0x00008c24      0x6ec ../../wlan_bsp_cpu_high/mb_high/lib\libxil.a(xmutex.o)
                0x00008c24                XMutex_CfgInitialize
                0x00008d74                XMutex_Lock
                0x00008e1c                XMutex_Trylock
                0x00008ee8                XMutex_Unlock
                0x00008fb4                XMutex_IsLocked
                0x00009058                XMutex_GetStatus
                0x00009150                XMutex_GetUser
                0x0000924c                XMutex_SetUser
 .text          0x00009310       0x24 ../../wlan_bsp_cpu_high/mb_high/lib\libxil.a(xmutex_sinit.o)
                0x00009310                XMutex_LookupConfig
 .text          0x00009334      0x9c0 ../../wlan_bsp_cpu_high/mb_high/lib\libxil.a(w3_iic_eeprom.o)
                0x00009334                iic_eeprom_trylock
                0x0000934c                iic_eeprom_unlock
                0x00009358                w3_eeprom_read_serial_num
                0x0000939c                w3_eeprom_read_eth_addr
                0x00009438                w3_eeprom_read_fpga_dna
                0x00009490                iic_eeprom_write_byte_internal
                0x00009638                iic_eeprom_write_byte
                0x0000969c                iic_eeprom_read_byte_internal
                0x00009800                iic_eeprom_read_fpga_dna
                0x000098f8                iic_eeprom_read_eth_addr
                0x00009a8c                iic_eeprom_read_serial_num
                0x00009af4                iic_eeprom_init
                0x00009c6c                iic_eeprom_read_byte
                0x00009cd0                iic_eeprom_wait_for_rx_ack
 .text          0x00009cf4       0x54 ../../wlan_bsp_cpu_high/mb_high/lib\libxil.a(print.o)
                0x00009cf4                print
 .text          0x00009d48       0x50 ../../wlan_bsp_cpu_high/mb_high/lib\libxil.a(xbasic_types.o)
                0x00009d48                XAssert
                0x00009d80                XAssertSetCallback
                0x00009d90                XNullHandler
 .text          0x00009d98       0x18 ../../wlan_bsp_cpu_high/mb_high/lib\libxil.a(microblaze_disable_dcache.o)
                0x00009d98                microblaze_disable_dcache
 .text          0x00009db0       0x14 ../../wlan_bsp_cpu_high/mb_high/lib\libxil.a(microblaze_disable_exceptions.o)
                0x00009db0                microblaze_disable_exceptions
 .text          0x00009dc4       0x18 ../../wlan_bsp_cpu_high/mb_high/lib\libxil.a(microblaze_disable_icache.o)
                0x00009dc4                microblaze_disable_icache
 .text          0x00009ddc       0x20 ../../wlan_bsp_cpu_high/mb_high/lib\libxil.a(microblaze_disable_interrupts.o)
                0x00009ddc                microblaze_disable_interrupts
 .text          0x00009dfc       0x20 ../../wlan_bsp_cpu_high/mb_high/lib\libxil.a(microblaze_enable_interrupts.o)
                0x00009dfc                microblaze_enable_interrupts
 .text          0x00009e1c       0x28 ../../wlan_bsp_cpu_high/mb_high/lib\libxil.a(microblaze_flush_dcache.o)
                0x00009e1c                microblaze_flush_dcache
 .text          0x00009e44       0x28 ../../wlan_bsp_cpu_high/mb_high/lib\libxil.a(microblaze_invalidate_dcache.o)
                0x00009e44                microblaze_invalidate_dcache
 .text          0x00009e6c       0x30 ../../wlan_bsp_cpu_high/mb_high/lib\libxil.a(microblaze_invalidate_dcache_range.o)
                0x00009e6c                microblaze_invalidate_dcache_range
 .text          0x00009e9c       0x28 ../../wlan_bsp_cpu_high/mb_high/lib\libxil.a(microblaze_invalidate_icache.o)
                0x00009e9c                microblaze_invalidate_icache
 .text          0x00009ec4       0x48 ../../wlan_bsp_cpu_high/mb_high/lib\libxil.a(xil_assert.o)
                0x00009ec4                Xil_Assert
                0x00009efc                Xil_AssertSetCallback
 .text          0x00009f0c      0x2fc ../../wlan_bsp_cpu_high/mb_high/lib\libxil.a(xaxicdma_bd.o)
                0x00009f0c                XAxiCdma_BdClear
                0x00009f34                XAxiCdma_BdClone
                0x0000a000                XAxiCdma_BdGetNextPtr
                0x0000a008                XAxiCdma_BdSetNextPtr
                0x0000a010                XAxiCdma_BdGetSts
                0x0000a024                XAxiCdma_BdClearSts
                0x0000a02c                XAxiCdma_BdSetSrcBufAddr
                0x0000a05c                XAxiCdma_BdGetSrcBufAddr
                0x0000a064                XAxiCdma_BdSetDstBufAddr
                0x0000a094                XAxiCdma_BdGetDstBufAddr
                0x0000a09c                XAxiCdma_BdSetLength
                0x0000a0c8                XAxiCdma_BdGetLength
                0x0000a0d0                XAxiCdma_BdSetPhysAddr
                0x0000a0d8                XAxiCdma_BdSetIsLite
                0x0000a0e0                XAxiCdma_BdSetHasDRE
                0x0000a0e8                XAxiCdma_BdSetWordLen
                0x0000a0f0                XAxiCdma_BdSetMaxLen
                0x0000a0f8                XAxiCdma_BdGetPhysAddr
                0x0000a100                XAxiCdma_DumpBd
 .text          0x0000a208       0xcc c:/xilinx/14.4/ise_ds/edk/gnu/microblaze/nt64/bin/../lib/gcc/microblaze-xilinx-elf/4.6.2/bs/m/le\libgcc.a(_fixunsdfdi.o)
                0x0000a208                __fixunsdfdi
 .text          0x0000a2d4       0x8c c:/xilinx/14.4/ise_ds/edk/gnu/microblaze/nt64/bin/../lib/gcc/microblaze-xilinx-elf/4.6.2/bs/m/le\libgcc.a(_floatundidf.o)
                0x0000a2d4                __floatundidf
 .text          0x0000a360      0x6d8 c:/xilinx/14.4/ise_ds/edk/gnu/microblaze/nt64/bin/../lib/gcc/microblaze-xilinx-elf/4.6.2/bs/m/le\libgcc.a(_udivdi3.o)
                0x0000a360                __udivdi3
 .text          0x0000aa38      0x69c c:/xilinx/14.4/ise_ds/edk/gnu/microblaze/nt64/bin/../lib/gcc/microblaze-xilinx-elf/4.6.2/bs/m/le\libgcc.a(_umoddi3.o)
                0x0000aa38                __umoddi3
 .text          0x0000b0d4      0x51c c:/xilinx/14.4/ise_ds/edk/gnu/microblaze/nt64/bin/../lib/gcc/microblaze-xilinx-elf/4.6.2/bs/m/le\libgcc.a(_addsub_df.o)
                0x0000b504                __adddf3
                0x0000b574                __subdf3
 .text          0x0000b5f0      0x41c c:/xilinx/14.4/ise_ds/edk/gnu/microblaze/nt64/bin/../lib/gcc/microblaze-xilinx-elf/4.6.2/bs/m/le\libgcc.a(_mul_df.o)
                0x0000b5f0                __muldf3
 .text          0x0000ba0c      0x288 c:/xilinx/14.4/ise_ds/edk/gnu/microblaze/nt64/bin/../lib/gcc/microblaze-xilinx-elf/4.6.2/bs/m/le\libgcc.a(_div_df.o)
                0x0000ba0c                __divdf3
 .text          0x0000bc94      0x188 c:/xilinx/14.4/ise_ds/edk/gnu/microblaze/nt64/bin/../lib/gcc/microblaze-xilinx-elf/4.6.2/bs/m/le\libgcc.a(_usi_to_df.o)
                0x0000bc94                __floatunsidf
 .text          0x0000be1c       0x9c c:/xilinx/14.4/ise_ds/edk/gnu/microblaze/nt64/bin/../lib/gcc/microblaze-xilinx-elf/4.6.2/bs/m/le\libgcc.a(modsi3.o)
                0x0000be1c                __modsi3
 .text          0x0000beb8       0xa8 c:/xilinx/14.4/ise_ds/edk/gnu/microblaze/nt64/bin/../lib/gcc/microblaze-xilinx-elf/4.6.2/bs/m/le\libgcc.a(udivsi3.o)
                0x0000beb8                __udivsi3
 .text          0x0000bf60       0xbc c:/xilinx/14.4/ise_ds/edk/gnu/microblaze/nt64/bin/../lib/gcc/microblaze-xilinx-elf/4.6.2/bs/m/le\libgcc.a(umodsi3.o)
                0x0000bf60                __umodsi3
 .text          0x0000c01c       0x70 c:/xilinx/14.4/ise_ds/edk/gnu/microblaze/nt64/bin/../lib/gcc/microblaze-xilinx-elf/4.6.2/bs/m/le\libgcc.a(_muldi3.o)
                0x0000c01c                __muldi3
 .text          0x0000c08c       0x9c c:/xilinx/14.4/ise_ds/edk/gnu/microblaze/nt64/bin/../lib/gcc/microblaze-xilinx-elf/4.6.2/bs/m/le\libgcc.a(_clzsi2.o)
                0x0000c08c                __clzsi2
 .text          0x0000c128       0x9c c:/xilinx/14.4/ise_ds/edk/gnu/microblaze/nt64/bin/../lib/gcc/microblaze-xilinx-elf/4.6.2/bs/m/le\libgcc.a(_fixunsdfsi.o)
                0x0000c128                __fixunsdfsi
 .text          0x0000c1c4      0x308 c:/xilinx/14.4/ise_ds/edk/gnu/microblaze/nt64/bin/../lib/gcc/microblaze-xilinx-elf/4.6.2/bs/m/le\libgcc.a(_pack_df.o)
                0x0000c1c4                __pack_d
 .text          0x0000c4cc      0x130 c:/xilinx/14.4/ise_ds/edk/gnu/microblaze/nt64/bin/../lib/gcc/microblaze-xilinx-elf/4.6.2/bs/m/le\libgcc.a(_unpack_df.o)
                0x0000c4cc                __unpack_d
 .text          0x0000c5fc       0x84 c:/xilinx/14.4/ise_ds/edk/gnu/microblaze/nt64/bin/../lib/gcc/microblaze-xilinx-elf/4.6.2/bs/m/le\libgcc.a(_ge_df.o)
                0x0000c5fc                __gedf2
 .text          0x0000c680       0xe4 c:/xilinx/14.4/ise_ds/edk/gnu/microblaze/nt64/bin/../lib/gcc/microblaze-xilinx-elf/4.6.2/bs/m/le\libgcc.a(_df_to_si.o)
                0x0000c680                __fixdfsi
 .text          0x0000c764       0x48 c:/xilinx/14.4/ise_ds/edk/gnu/microblaze/nt64/bin/../lib/gcc/microblaze-xilinx-elf/4.6.2/bs/m/le\libgcc.a(_lshrdi3.o)
                0x0000c764                __lshrdi3
 .text          0x0000c7ac       0x48 c:/xilinx/14.4/ise_ds/edk/gnu/microblaze/nt64/bin/../lib/gcc/microblaze-xilinx-elf/4.6.2/bs/m/le\libgcc.a(_ashldi3.o)
                0x0000c7ac                __ashldi3
 .text          0x0000c7f4      0x118 c:/xilinx/14.4/ise_ds/edk/gnu/microblaze/nt64/bin/../lib/gcc/microblaze-xilinx-elf/4.6.2/bs/m/le\libgcc.a(_fpcmp_parts_df.o)
                0x0000c7f4                __fpcmp_parts_d
 .text          0x0000c90c       0x40 ../../wlan_bsp_cpu_high/mb_high/lib\libc.a(lib_a-exit.o)
                0x0000c90c                exit
 .text          0x0000c94c       0x58 ../../wlan_bsp_cpu_high/mb_high/lib\libc.a(lib_a-malloc.o)
                0x0000c94c                malloc
                0x0000c978                free
 .text          0x0000c9a4      0x8b0 ../../wlan_bsp_cpu_high/mb_high/lib\libc.a(lib_a-mallocr.o)
                0x0000c9a4                _malloc_r
 .text          0x0000d254       0xa0 ../../wlan_bsp_cpu_high/mb_high/lib\libc.a(lib_a-memcmp.o)
                0x0000d254                memcmp
 .text          0x0000d2f4      0x1bc ../../wlan_bsp_cpu_high/mb_high/lib\libc.a(lib_a-memcpy.o)
                0x0000d2f4                memcpy
 .text          0x0000d4b0      0x20c ../../wlan_bsp_cpu_high/mb_high/lib\libc.a(lib_a-memmove.o)
                0x0000d4b0                memmove
 .text          0x0000d6bc      0x1e4 ../../wlan_bsp_cpu_high/mb_high/lib\libc.a(lib_a-memset.o)
                0x0000d6bc                memset
 .text          0x0000d8a0       0x10 ../../wlan_bsp_cpu_high/mb_high/lib\libc.a(lib_a-mlock.o)
                0x0000d8a0                __malloc_lock
                0x0000d8a8                __malloc_unlock
 .text          0x0000d8b0      0x154 ../../wlan_bsp_cpu_high/mb_high/lib\libc.a(lib_a-mstats.o)
                0x0000d8b0                mallinfo
                0x0000d8e4                malloc_stats
                0x0000d90c                mallopt
                0x0000d93c                _mstats_r
                0x0000d99c                mstats
 .text          0x0000da04      0x1dc ../../wlan_bsp_cpu_high/mb_high/lib\libc.a(lib_a-rand.o)
                0x0000da04                srand
                0x0000dac4                rand
 .text          0x0000dbe0       0x30 ../../wlan_bsp_cpu_high/mb_high/lib\libc.a(lib_a-realloc.o)
                0x0000dbe0                realloc
 .text          0x0000dc10      0x67c ../../wlan_bsp_cpu_high/mb_high/lib\libc.a(lib_a-reallocr.o)
                0x0000dc10                _realloc_r
 .text          0x0000e28c       0x5c ../../wlan_bsp_cpu_high/mb_high/lib\libc.a(lib_a-sbrkr.o)
                0x0000e28c                _sbrk_r
 .text          0x0000e2e8       0xb0 ../../wlan_bsp_cpu_high/mb_high/lib\libc.a(lib_a-strcmp.o)
                0x0000e2e8                strcmp
 .text          0x0000e398       0x5c ../../wlan_bsp_cpu_high/mb_high/lib\libc.a(lib_a-strlen.o)
                0x0000e398                strlen
 .text          0x0000e3f4      0x150 ../../wlan_bsp_cpu_high/mb_high/lib\libc.a(lib_a-strncpy.o)
                0x0000e3f4                strncpy
 .text          0x0000e544       0x30 ../../wlan_bsp_cpu_high/mb_high/lib\libc.a(lib_a-strndup.o)
                0x0000e544                strndup
 .text          0x0000e574       0xb0 ../../wlan_bsp_cpu_high/mb_high/lib\libc.a(lib_a-strndup_r.o)
                0x0000e574                _strndup_r
 .text          0x0000e624       0x80 ../../wlan_bsp_cpu_high/mb_high/lib\libc.a(lib_a-strrchr.o)
                0x0000e624                strrchr
 .text          0x0000e6a4      0x2e4 ../../wlan_bsp_cpu_high/mb_high/lib\libc.a(lib_a-__call_atexit.o)
                0x0000e6a4                __call_exitprocs
 .text          0x0000e988      0x48c ../../wlan_bsp_cpu_high/mb_high/lib\libc.a(lib_a-findfp.o)
                0x0000e998                _cleanup_r
                0x0000e9c0                __sfmoreglue
                0x0000ea30                _cleanup
                0x0000ea60                __sinit
                0x0000ec44                __sfp
                0x0000ed94                __sfp_lock_acquire
                0x0000ed9c                __sfp_lock_release
                0x0000eda4                __sinit_lock_acquire
                0x0000edac                __sinit_lock_release
                0x0000edb4                __fp_lock_all
                0x0000ede4                __fp_unlock_all
 .text          0x0000ee14       0x78 ../../wlan_bsp_cpu_high/mb_high/lib\libc.a(lib_a-fiprintf.o)
                0x0000ee14                _fiprintf_r
                0x0000ee44                fiprintf
 .text          0x0000ee8c      0x430 ../../wlan_bsp_cpu_high/mb_high/lib\libc.a(lib_a-freer.o)
                0x0000ee8c                _malloc_trim_r
                0x0000efd8                _free_r
 .text          0x0000f2bc      0x190 ../../wlan_bsp_cpu_high/mb_high/lib\libc.a(lib_a-fwalk.o)
                0x0000f2bc                _fwalk
                0x0000f37c                _fwalk_reent
 .text          0x0000f44c      0x1c4 ../../wlan_bsp_cpu_high/mb_high/lib\libc.a(lib_a-mallinfor.o)
                0x0000f44c                __malloc_update_mallinfo
                0x0000f4e4                _mallinfo_r
 .text          0x0000f610      0x12c ../../wlan_bsp_cpu_high/mb_high/lib\libc.a(lib_a-malloptr.o)
                0x0000f610                _mallopt_r
 .text          0x0000f73c       0xd4 ../../wlan_bsp_cpu_high/mb_high/lib\libc.a(lib_a-mallstatsr.o)
                0x0000f73c                _malloc_stats_r
 .text          0x0000f810      0x184 ../../wlan_bsp_cpu_high/mb_high/lib\libc.a(lib_a-stdio.o)
                0x0000f810                __sread
                0x0000f86c                __seofread
                0x0000f874                __swrite
                0x0000f90c                __sseek
                0x0000f970                __sclose
 .text          0x0000f994      0x1cc ../../wlan_bsp_cpu_high/mb_high/lib\libc.a(lib_a-strchr.o)
                0x0000f994                strchr
 .text          0x0000fb60     0x1c94 ../../wlan_bsp_cpu_high/mb_high/lib\libc.a(lib_a-vfiprintf.o)
                0x0000fb60                __sprint_r
                0x0000fc5c                _vfiprintf_r
                0x000117c0                vfiprintf
 .text          0x000117f4       0x64 ../../wlan_bsp_cpu_high/mb_high/lib\libc.a(lib_a-writer.o)
                0x000117f4                _write_r
 .text          0x00011858      0x1e4 ../../wlan_bsp_cpu_high/mb_high/lib\libc.a(lib_a-wsetup.o)
                0x00011858                __swsetup_r
 .text          0x00011a3c       0x5c ../../wlan_bsp_cpu_high/mb_high/lib\libc.a(lib_a-closer.o)
                0x00011a3c                _close_r
 .text          0x00011a98      0x1ac ../../wlan_bsp_cpu_high/mb_high/lib\libc.a(lib_a-fclose.o)
                0x00011a98                _fclose_r
                0x00011c1c                fclose
 .text          0x00011c44      0x448 ../../wlan_bsp_cpu_high/mb_high/lib\libc.a(lib_a-fflush.o)
                0x00011c44                __sflush_r
                0x00011ea8                _fflush_r
                0x00011f5c                fflush
 .text          0x0001208c      0x2b8 ../../wlan_bsp_cpu_high/mb_high/lib\libc.a(lib_a-fputwc.o)
                0x00012228                _fputwc_r
                0x00012268                fputwc
 .text          0x00012344      0x568 ../../wlan_bsp_cpu_high/mb_high/lib\libc.a(lib_a-fvwrite.o)
                0x00012344                __sfvwrite_r
 .text          0x000128ac      0x184 ../../wlan_bsp_cpu_high/mb_high/lib\libc.a(lib_a-locale.o)
                0x000128ac                _setlocale_r
                0x00012940                __locale_charset
                0x00012950                __locale_mb_cur_max
                0x00012960                __locale_msgcharset
                0x00012970                __locale_cjk_lang
                0x00012978                _localeconv_r
                0x00012988                setlocale
                0x00012a20                localeconv
 .text          0x00012a30       0x64 ../../wlan_bsp_cpu_high/mb_high/lib\libc.a(lib_a-lseekr.o)
                0x00012a30                _lseek_r
 .text          0x00012a94      0x1e4 ../../wlan_bsp_cpu_high/mb_high/lib\libc.a(lib_a-makebuf.o)
                0x00012a94                __smakebuf_r
 .text          0x00012c78       0xf8 ../../wlan_bsp_cpu_high/mb_high/lib\libc.a(lib_a-memchr.o)
                0x00012c78                memchr
 .text          0x00012d70       0x64 ../../wlan_bsp_cpu_high/mb_high/lib\libc.a(lib_a-readr.o)
                0x00012d70                _read_r
 .text          0x00012dd4      0x208 ../../wlan_bsp_cpu_high/mb_high/lib\libc.a(lib_a-wbuf.o)
                0x00012dd4                __swbuf_r
                0x00012fb0                __swbuf
 .text          0x00012fdc      0x198 ../../wlan_bsp_cpu_high/mb_high/lib\libc.a(lib_a-wcrtomb.o)
                0x00012fdc                _wcrtomb_r
                0x00013094                wcrtomb
 .text          0x00013174       0x90 ../../wlan_bsp_cpu_high/mb_high/lib\libc.a(lib_a-wctomb_r.o)
                0x00013174                __ascii_wctomb
                0x000131a8                _wctomb_r
 .text          0x00013204       0x60 ../../wlan_bsp_cpu_high/mb_high/lib\libc.a(lib_a-fstatr.o)
                0x00013204                _fstat_r
 .text          0x00013264       0x5c ../../wlan_bsp_cpu_high/mb_high/lib\libc.a(lib_a-isattyr.o)
                0x00013264                _isatty_r
 .text          0x000132c0       0x14 ../../wlan_bsp_cpu_high/mb_high/lib\libxil.a(fstat.o)
                0x000132c0                fstat
 .text          0x000132d4        0x8 ../../wlan_bsp_cpu_high/mb_high/lib\libxil.a(isatty.o)
                0x000132d4                isatty
 .text          0x000132dc       0x2c ../../wlan_bsp_cpu_high/mb_high/lib\libxil.a(lseek.o)
                0x000132dc                lseek
 .text          0x00013308       0x64 ../../wlan_bsp_cpu_high/mb_high/lib\libxil.a(sbrk.o)
                0x00013308                sbrk
 .text          0x0001336c       0x94 ../../wlan_bsp_cpu_high/mb_high/lib\libxil.a(write.o)
                0x0001336c                write
 .text          0x00013400       0x8c ../../wlan_bsp_cpu_high/mb_high/lib\libxil.a(read.o)
                0x00013400                read
 .text          0x0001348c        0x8 ../../wlan_bsp_cpu_high/mb_high/lib\libxil.a(close.o)
                0x0001348c                close
 .text          0x00013494       0x10 ../../wlan_bsp_cpu_high/mb_high/lib\libxil.a(errno.o)
                0x00013494                __errno
 .text          0x000134a4       0x2c ../../wlan_bsp_cpu_high/mb_high/lib\libxil.a(inbyte.o)
                0x000134a4                inbyte
 .text          0x000134d0       0x4c c:/xilinx/14.4/ise_ds/edk/gnu/microblaze/nt64/bin/../lib/gcc/microblaze-xilinx-elf/4.6.2/bs/m/le/crtend.o
 *(.text.*)
 .text.wlan_platform_ethernet_send
                0x0001351c      0x1c8 ./wlan_platform_high/w3_eth.o
                0x0001351c                wlan_platform_ethernet_send
 .text.w3_wlan_platform_ethernet_setup_interrupt
                0x000136e4       0x8c ./wlan_platform_high/w3_eth.o
                0x000136e4                w3_wlan_platform_ethernet_setup_interrupt
 .text._wlan_eth_dma_init
                0x00013770      0x3f4 ./wlan_platform_high/w3_eth.o
                0x00013770                _wlan_eth_dma_init
 .text.w3_wlan_platform_ethernet_init
                0x00013b64      0x1e0 ./wlan_platform_high/w3_eth.o
                0x00013b64                w3_wlan_platform_ethernet_init
 .text._wlan_eth_dma_update
                0x00013d44      0x28c ./wlan_platform_high/w3_eth.o
                0x00013d44                _wlan_eth_dma_update
 .text._wlan_process_all_eth_pkts
                0x00013fd0      0x1f4 ./wlan_platform_high/w3_eth.o
                0x00013fd0                _wlan_process_all_eth_pkts
 .text._eth_rx_interrupt_handler
                0x000141c4       0x8c ./wlan_platform_high/w3_eth.o
                0x000141c4                _eth_rx_interrupt_handler
 .text.w3_wlan_platform_ethernet_free_queue_entry_notify
                0x00014250       0x20 ./wlan_platform_high/w3_eth.o
                0x00014250                w3_wlan_platform_ethernet_free_queue_entry_notify
 .text.wlan_platform_high_get_dev_info
                0x00014270       0x88 ./wlan_platform_high/w3_high.o
                0x00014270                wlan_platform_high_get_dev_info
 .text.wlan_platform_high_init
                0x000142f8       0x7c ./wlan_platform_high/w3_high.o
                0x000142f8                wlan_platform_high_init
 .text.wlan_platform_free_queue_entry_notify
                0x00014374       0x20 ./wlan_platform_high/w3_high.o
                0x00014374                wlan_platform_free_queue_entry_notify
 .text.wlan_platform_high_userio_disp_status
                0x00014394      0x1b0 ./wlan_platform_high/w3_high.o
                0x00014394                wlan_platform_high_userio_disp_status
 .text.wlan_platform_wlan_exp_process_node_cmd
                0x00014544      0x600 ./wlan_platform_high/w3_high.o
                0x00014544                wlan_platform_wlan_exp_process_node_cmd
 .text.wlan_platform_wlan_exp_eth_init
                0x00014b44        0x8 ./wlan_platform_high/w3_high.o
                0x00014b44                wlan_platform_wlan_exp_eth_init
 .text._w3_high_userio_gpio_handler
                0x00014b4c      0x17c ./wlan_platform_high/w3_high_userio.o
                0x00014b4c                _w3_high_userio_gpio_handler
 .text.w3_high_userio_init
                0x00014cc8       0x7c ./wlan_platform_high/w3_high_userio.o
                0x00014cc8                w3_high_userio_init
 .text.w3_high_userio_setup_interrupt
                0x00014d44       0xc8 ./wlan_platform_high/w3_high_userio.o
                0x00014d44                w3_high_userio_setup_interrupt
 .text._w3_uart_rx_handler
                0x00014e0c       0x44 ./wlan_platform_high/w3_uart.o
                0x00014e0c                _w3_uart_rx_handler
 .text.w3_uart_init
                0x00014e50       0x48 ./wlan_platform_high/w3_uart.o
                0x00014e50                w3_uart_init
 .text.w3_uart_setup_interrupt
                0x00014e98       0xb0 ./wlan_platform_high/w3_uart.o
                0x00014e98                w3_uart_setup_interrupt
 .text.wlan_platform_common_get_dev_info
                0x00014f48       0x50 ./wlan_platform_common/w3_common.o
                0x00014f48                wlan_platform_common_get_dev_info
 .text.wlan_platform_common_init
                0x00014f98       0x40 ./wlan_platform_common/w3_common.o
                0x00014f98                wlan_platform_common_init
 .text.wlan_platform_get_hw_info
                0x00014fd8       0xdc ./wlan_platform_common/w3_common.o
                0x00014fd8                wlan_platform_get_hw_info
 .text.wlan_platform_userio_get_state
                0x000150b4       0x60 ./wlan_platform_common/w3_common.o
                0x000150b4                wlan_platform_userio_get_state
 .text.get_mac_time_usec
                0x00015114       0x58 ./wlan_platform_common/w3_mac_time_util.o
                0x00015114                get_mac_time_usec
 .text.get_system_time_usec
                0x0001516c       0x58 ./wlan_platform_common/w3_mac_time_util.o
                0x0001516c                get_system_time_usec
 .text.set_mac_time_usec
                0x000151c4       0x44 ./wlan_platform_common/w3_mac_time_util.o
                0x000151c4                set_mac_time_usec
 .text.wlan_usleep
                0x00015208       0xe0 ./wlan_platform_common/w3_mac_time_util.o
                0x00015208                wlan_usleep
 .text.init_sysmon
                0x000152e8       0x9c ./wlan_platform_common/w3_sysmon_util.o
                0x000152e8                init_sysmon
 .text.wlan_platform_get_current_temp
                0x00015384       0x10 ./wlan_platform_common/w3_sysmon_util.o
                0x00015384                wlan_platform_get_current_temp
 .text.wlan_platform_get_min_temp
                0x00015394       0x10 ./wlan_platform_common/w3_sysmon_util.o
                0x00015394                wlan_platform_get_min_temp
 .text.wlan_platform_get_max_temp
                0x000153a4       0x10 ./wlan_platform_common/w3_sysmon_util.o
                0x000153a4                wlan_platform_get_max_temp
 .text.enable_hex_pwm
                0x000153b4       0x20 ./wlan_platform_common/w3_userio_util.o
                0x000153b4                enable_hex_pwm
 .text.set_hex_pwm_period
                0x000153d4       0x28 ./wlan_platform_common/w3_userio_util.o
                0x000153d4                set_hex_pwm_period
 .text.set_hex_pwm_min_max
                0x000153fc       0x50 ./wlan_platform_common/w3_userio_util.o
                0x000153fc                set_hex_pwm_min_max
 .text.write_hex_display
                0x0001544c       0xec ./wlan_platform_common/w3_userio_util.o
                0x0001544c                write_hex_display
 .text.write_hex_display_with_pwm
                0x00015538      0x124 ./wlan_platform_common/w3_userio_util.o
                0x00015538                write_hex_display_with_pwm
 .text.set_hex_display_error_status
                0x0001565c       0x50 ./wlan_platform_common/w3_userio_util.o
                0x0001565c                set_hex_display_error_status
 .text.blink_hex_display
                0x000156ac      0x140 ./wlan_platform_common/w3_userio_util.o
                0x000156ac                blink_hex_display
 .text.set_hex_display_right_dp
                0x000157ec       0x34 ./wlan_platform_common/w3_userio_util.o
                0x000157ec                set_hex_display_right_dp
 .text.wlan_exp_print_header.constprop.0
                0x00015820      0x120 ./wlan_mac_high_framework/wlan_exp_common.o
 .text.wlan_exp_print_header
                0x00015940      0x14c ./wlan_mac_high_framework/wlan_exp_common.o
                0x00015940                wlan_exp_print_header
 .text.wlan_exp_print_mac_address
                0x00015a8c       0xa8 ./wlan_mac_high_framework/wlan_exp_common.o
                0x00015a8c                wlan_exp_print_mac_address
 .text.wlan_exp_set_print_level
                0x00015b34       0x54 ./wlan_mac_high_framework/wlan_exp_common.o
                0x00015b34                wlan_exp_set_print_level
 .text.wlan_exp_null_callback
                0x00015b88       0x58 ./wlan_mac_high_framework/wlan_exp_common.o
                0x00015b88                wlan_exp_null_callback
 .text.wlan_exp_get_mac_addr
                0x00015be0       0x34 ./wlan_mac_high_framework/wlan_exp_common.o
                0x00015be0                wlan_exp_get_mac_addr
 .text.wlan_exp_put_mac_addr
                0x00015c14       0x48 ./wlan_mac_high_framework/wlan_exp_common.o
                0x00015c14                wlan_exp_put_mac_addr
 .text.wlan_exp_init_parameters
                0x00015c5c       0x78 ./wlan_mac_high_framework/wlan_exp_common.o
                0x00015c5c                wlan_exp_init_parameters
 .text.wlan_exp_get_parameters
                0x00015cd4      0x264 ./wlan_mac_high_framework/wlan_exp_common.o
                0x00015cd4                wlan_exp_get_parameters
 .text.wlan_exp_get_id_in_counts
                0x00015f38       0x8c ./wlan_mac_high_framework/wlan_exp_node.o
                0x00015f38                wlan_exp_get_id_in_counts
 .text.wlan_exp_get_id_in_associated_stations
                0x00015fc4       0x9c ./wlan_mac_high_framework/wlan_exp_node.o
                0x00015fc4                wlan_exp_get_id_in_associated_stations
 .text.find_counts_txrx
                0x00016060       0x20 ./wlan_mac_high_framework/wlan_exp_node.o
                0x00016060                find_counts_txrx
 .text.ltg_cleanup
                0x00016080       0x20 ./wlan_mac_high_framework/wlan_exp_node.o
                0x00016080                ltg_cleanup
 .text.zero_bss_info
                0x000160a0       0x24 ./wlan_mac_high_framework/wlan_exp_node.o
                0x000160a0                zero_bss_info
 .text.zero_counts_txrx
                0x000160c4       0x28 ./wlan_mac_high_framework/wlan_exp_node.o
                0x000160c4                zero_counts_txrx
 .text.zero_station_info
                0x000160ec       0x24 ./wlan_mac_high_framework/wlan_exp_node.o
                0x000160ec                zero_station_info
 .text.copy_bss_info_to_dest
                0x00016110      0x148 ./wlan_mac_high_framework/wlan_exp_node.o
                0x00016110                copy_bss_info_to_dest
 .text.copy_station_info_to_dest
                0x00016258      0x12c ./wlan_mac_high_framework/wlan_exp_node.o
                0x00016258                copy_station_info_to_dest
 .text.copy_counts_txrx_to_dest
                0x00016384      0x174 ./wlan_mac_high_framework/wlan_exp_node.o
                0x00016384                copy_counts_txrx_to_dest
 .text.find_station_info
                0x000164f8       0x3c ./wlan_mac_high_framework/wlan_exp_node.o
                0x000164f8                find_station_info
 .text.wlan_exp_get_id_in_bss_info
                0x00016534       0x68 ./wlan_mac_high_framework/wlan_exp_node.o
                0x00016534                wlan_exp_get_id_in_bss_info
 .text.null_process_cmd_callback
                0x0001659c       0x64 ./wlan_mac_high_framework/wlan_exp_node.o
                0x0001659c                null_process_cmd_callback
 .text.wlan_exp_node_init
                0x00016600      0x3c4 ./wlan_mac_high_framework/wlan_exp_node.o
                0x00016600                wlan_exp_node_init
 .text.wlan_exp_node_set_type_high
                0x000169c4      0x118 ./wlan_mac_high_framework/wlan_exp_node.o
                0x000169c4                wlan_exp_node_set_type_high
 .text.wlan_exp_node_set_type_low
                0x00016adc       0xe4 ./wlan_mac_high_framework/wlan_exp_node.o
                0x00016adc                wlan_exp_node_set_type_low
 .text.process_buffer_cmds
                0x00016bc0      0x6f8 ./wlan_mac_high_framework/wlan_exp_node.o
                0x00016bc0                process_buffer_cmds
 .text.transfer_log_data
                0x000172b8      0x464 ./wlan_mac_high_framework/wlan_exp_node.o
                0x000172b8                transfer_log_data
 .text.process_node_cmd
                0x0001771c     0x4490 ./wlan_mac_high_framework/wlan_exp_node.o
                0x0001771c                process_node_cmd
 .text.process_hton_msg
                0x0001bbac      0x1d8 ./wlan_mac_high_framework/wlan_exp_node.o
                0x0001bbac                process_hton_msg
 .text.wlan_exp_set_process_node_cmd_callback
                0x0001bd84       0x10 ./wlan_mac_high_framework/wlan_exp_node.o
                0x0001bd84                wlan_exp_set_process_node_cmd_callback
 .text.wlan_exp_set_purge_all_data_tx_queue_callback
                0x0001bd94       0x10 ./wlan_mac_high_framework/wlan_exp_node.o
                0x0001bd94                wlan_exp_set_purge_all_data_tx_queue_callback
 .text.wlan_exp_set_process_user_cmd_callback
                0x0001bda4       0x10 ./wlan_mac_high_framework/wlan_exp_node.o
                0x0001bda4                wlan_exp_set_process_user_cmd_callback
 .text.wlan_exp_set_beacon_ts_update_mode_callback
                0x0001bdb4       0x10 ./wlan_mac_high_framework/wlan_exp_node.o
                0x0001bdb4                wlan_exp_set_beacon_ts_update_mode_callback
 .text.wlan_exp_set_process_config_bss_callback
                0x0001bdc4       0x10 ./wlan_mac_high_framework/wlan_exp_node.o
                0x0001bdc4                wlan_exp_set_process_config_bss_callback
 .text.wlan_exp_set_active_network_info_getter_callback
                0x0001bdd4       0x10 ./wlan_mac_high_framework/wlan_exp_node.o
                0x0001bdd4                wlan_exp_set_active_network_info_getter_callback
 .text.node_get_parameter_values
                0x0001bde4       0x38 ./wlan_mac_high_framework/wlan_exp_node.o
                0x0001bde4                node_get_parameter_values
 .text.transport_send.constprop.4
                0x0001be1c      0x1b0 ./wlan_mac_high_framework/wlan_exp_transport.o
 .text.transport_eth_dev_info_init
                0x0001bfcc      0x168 ./wlan_mac_high_framework/wlan_exp_transport.o
                0x0001bfcc                transport_eth_dev_info_init
 .text.transport_receive
                0x0001c134      0x320 ./wlan_mac_high_framework/wlan_exp_transport.o
                0x0001c134                transport_receive
 .text.transport_poll
                0x0001c454       0x8c ./wlan_mac_high_framework/wlan_exp_transport.o
                0x0001c454                transport_poll
 .text.transport_send
                0x0001c4e0      0x1ec ./wlan_mac_high_framework/wlan_exp_transport.o
                0x0001c4e0                transport_send
 .text.process_transport_cmd
                0x0001c6cc      0x284 ./wlan_mac_high_framework/wlan_exp_transport.o
                0x0001c6cc                process_transport_cmd
 .text.transport_set_process_hton_msg_callback
                0x0001c950       0x14 ./wlan_mac_high_framework/wlan_exp_transport.o
                0x0001c950                transport_set_process_hton_msg_callback
 .text.transport_config_socket
                0x0001c964      0x160 ./wlan_mac_high_framework/wlan_exp_transport.o
                0x0001c964                transport_config_socket
 .text.transport_config_sockets
                0x0001cac4       0xe4 ./wlan_mac_high_framework/wlan_exp_transport.o
                0x0001cac4                transport_config_sockets
 .text.transport_link_status
                0x0001cba8       0xd8 ./wlan_mac_high_framework/wlan_exp_transport.o
                0x0001cba8                transport_link_status
 .text.transport_set_phy_link_speed
                0x0001cc80      0x144 ./wlan_mac_high_framework/wlan_exp_transport.o
                0x0001cc80                transport_set_phy_link_speed
 .text.transport_init
                0x0001cdc4      0x59c ./wlan_mac_high_framework/wlan_exp_transport.o
                0x0001cdc4                transport_init
 .text.transport_set_ip_addr
                0x0001d360       0x54 ./wlan_mac_high_framework/wlan_exp_transport.o
                0x0001d360                transport_set_ip_addr
 .text.transport_reset_max_pkt_length
                0x0001d3b4       0x18 ./wlan_mac_high_framework/wlan_exp_transport.o
                0x0001d3b4                transport_reset_max_pkt_length
 .text.transport_get_parameters
                0x0001d3cc       0x40 ./wlan_mac_high_framework/wlan_exp_transport.o
                0x0001d3cc                transport_get_parameters
 .text.process_user_cmd
                0x0001d40c       0x5c ./wlan_mac_high_framework/wlan_exp_user.o
                0x0001d40c                process_user_cmd
 .text.wlan_mac_addr_filter_init
                0x0001d468       0x28 ./wlan_mac_high_framework/wlan_mac_addr_filter.o
                0x0001d468                wlan_mac_addr_filter_init
 .text.wlan_mac_addr_is_mango
                0x0001d490       0xfc ./wlan_mac_high_framework/wlan_mac_addr_filter.o
                0x0001d490                wlan_mac_addr_is_mango
 .text.wlan_exp_log_get_entry_en_mask
                0x0001d58c       0x10 ./wlan_mac_high_framework/wlan_mac_entries.o
                0x0001d58c                wlan_exp_log_get_entry_en_mask
 .text.wlan_exp_log_set_entry_en_mask
                0x0001d59c       0x10 ./wlan_mac_high_framework/wlan_mac_entries.o
                0x0001d59c                wlan_exp_log_set_entry_en_mask
 .text.wlan_exp_log_reset_system_time_id
                0x0001d5ac       0x18 ./wlan_mac_high_framework/wlan_mac_entries.o
                0x0001d5ac                wlan_exp_log_reset_system_time_id
 .text.wlan_exp_log_get_mac_payload_len
                0x0001d5c4       0x10 ./wlan_mac_high_framework/wlan_mac_entries.o
                0x0001d5c4                wlan_exp_log_get_mac_payload_len
 .text.wlan_exp_log_set_mac_payload_len
                0x0001d5d4       0x4c ./wlan_mac_high_framework/wlan_mac_entries.o
                0x0001d5d4                wlan_exp_log_set_mac_payload_len
 .text.wlan_exp_log_create_entry
                0x0001d620       0x20 ./wlan_mac_high_framework/wlan_mac_entries.o
                0x0001d620                wlan_exp_log_create_entry
 .text.wlan_exp_log_get_txrx_entry_sizes
                0x0001d640      0x1c0 ./wlan_mac_high_framework/wlan_mac_entries.o
                0x0001d640                wlan_exp_log_get_txrx_entry_sizes
 .text.wlan_exp_log_create_rx_entry
                0x0001d800      0x74c ./wlan_mac_high_framework/wlan_mac_entries.o
                0x0001d800                wlan_exp_log_create_rx_entry
 .text.wlan_exp_log_create_tx_high_entry
                0x0001df4c      0x1ac ./wlan_mac_high_framework/wlan_mac_entries.o
                0x0001df4c                wlan_exp_log_create_tx_high_entry
 .text.wlan_exp_log_create_tx_low_entry
                0x0001e0f8      0x474 ./wlan_mac_high_framework/wlan_mac_entries.o
                0x0001e0f8                wlan_exp_log_create_tx_low_entry
 .text.add_node_info_entry
                0x0001e56c       0xc4 ./wlan_mac_high_framework/wlan_mac_entries.o
                0x0001e56c                add_node_info_entry
 .text.add_time_info_entry
                0x0001e630       0xd0 ./wlan_mac_high_framework/wlan_mac_entries.o
                0x0001e630                add_time_info_entry
 .text.wlan_eth_util_init
                0x0001e700       0x24 ./wlan_mac_high_framework/wlan_mac_eth_util.o
                0x0001e700                wlan_eth_util_init
 .text.wlan_mac_util_set_eth_rx_callback
                0x0001e724       0x10 ./wlan_mac_high_framework/wlan_mac_eth_util.o
                0x0001e724                wlan_mac_util_set_eth_rx_callback
 .text.wlan_mac_util_set_eth_encap_mode
                0x0001e734       0x10 ./wlan_mac_high_framework/wlan_mac_eth_util.o
                0x0001e734                wlan_mac_util_set_eth_encap_mode
 .text.wlan_eth_encap
                0x0001e744      0x2c8 ./wlan_mac_high_framework/wlan_mac_eth_util.o
                0x0001e744                wlan_eth_encap
 .text.wlan_process_eth_rx
                0x0001ea0c       0xd8 ./wlan_mac_high_framework/wlan_mac_eth_util.o
                0x0001ea0c                wlan_process_eth_rx
 .text.wlan_mpdu_eth_send
                0x0001eae4      0x4b4 ./wlan_mac_high_framework/wlan_mac_eth_util.o
                0x0001eae4                wlan_mpdu_eth_send
 .text.wlan_eth_portal_en
                0x0001ef98       0x10 ./wlan_mac_high_framework/wlan_mac_eth_util.o
                0x0001ef98                wlan_eth_portal_en
 .text.event_log_init
                0x0001efa8      0x178 ./wlan_mac_high_framework/wlan_mac_event_log.o
                0x0001efa8                event_log_init
 .text.event_log_reset
                0x0001f120       0x7c ./wlan_mac_high_framework/wlan_mac_event_log.o
                0x0001f120                event_log_reset
 .text.event_log_config_wrap
                0x0001f19c       0x3c ./wlan_mac_high_framework/wlan_mac_event_log.o
                0x0001f19c                event_log_config_wrap
 .text.event_log_config_logging
                0x0001f1d8       0x3c ./wlan_mac_high_framework/wlan_mac_event_log.o
                0x0001f1d8                event_log_config_logging
 .text.event_log_get_data
                0x0001f214      0x104 ./wlan_mac_high_framework/wlan_mac_event_log.o
                0x0001f214                event_log_get_data
 .text.event_log_get_size
                0x0001f318       0x3c ./wlan_mac_high_framework/wlan_mac_event_log.o
                0x0001f318                event_log_get_size
 .text.event_log_get_total_size
                0x0001f354       0xb0 ./wlan_mac_high_framework/wlan_mac_event_log.o
                0x0001f354                event_log_get_total_size
 .text.event_log_get_capacity
                0x0001f404       0x10 ./wlan_mac_high_framework/wlan_mac_event_log.o
                0x0001f404                event_log_get_capacity
 .text.event_log_get_next_entry_index
                0x0001f414       0x18 ./wlan_mac_high_framework/wlan_mac_event_log.o
                0x0001f414                event_log_get_next_entry_index
 .text.event_log_get_oldest_entry_index
                0x0001f42c       0x18 ./wlan_mac_high_framework/wlan_mac_event_log.o
                0x0001f42c                event_log_get_oldest_entry_index
 .text.event_log_get_num_wraps
                0x0001f444       0x10 ./wlan_mac_high_framework/wlan_mac_event_log.o
                0x0001f444                event_log_get_num_wraps
 .text.event_log_get_flags
                0x0001f454       0x24 ./wlan_mac_high_framework/wlan_mac_event_log.o
                0x0001f454                event_log_get_flags
 .text.event_log_increment_oldest_address
                0x0001f478      0x1a4 ./wlan_mac_high_framework/wlan_mac_event_log.o
                0x0001f478                event_log_increment_oldest_address
 .text.event_log_get_next_empty_address
                0x0001f61c      0x3f8 ./wlan_mac_high_framework/wlan_mac_event_log.o
                0x0001f61c                event_log_get_next_empty_address
 .text.event_log_get_next_empty_entry
                0x0001fa14       0xbc ./wlan_mac_high_framework/wlan_mac_event_log.o
                0x0001fa14                event_log_get_next_empty_entry
 .text.print_event_log_size
                0x0001fad0       0xe8 ./wlan_mac_high_framework/wlan_mac_event_log.o
                0x0001fad0                print_event_log_size
 .text.wlan_mac_high_uart_rx_callback
                0x0001fbb8       0x24 ./wlan_mac_high_framework/wlan_mac_high.o
                0x0001fbb8                wlan_mac_high_uart_rx_callback
 .text.wlan_mac_high_interrupt_restore_state
                0x0001fbdc       0x70 ./wlan_mac_high_framework/wlan_mac_high.o
                0x0001fbdc                wlan_mac_high_interrupt_restore_state
 .text.wlan_mac_high_interrupt_stop
                0x0001fc4c       0x68 ./wlan_mac_high_framework/wlan_mac_high.o
                0x0001fc4c                wlan_mac_high_interrupt_stop
 .text.wlan_mac_high_userio_inputs_callback
                0x0001fcb4       0xd4 ./wlan_mac_high_framework/wlan_mac_high.o
                0x0001fcb4                wlan_mac_high_userio_inputs_callback
 .text.wlan_mac_high_set_uart_rx_callback
                0x0001fd88       0x10 ./wlan_mac_high_framework/wlan_mac_high.o
                0x0001fd88                wlan_mac_high_set_uart_rx_callback
 .text.wlan_mac_high_set_mpdu_rx_callback
                0x0001fd98       0x10 ./wlan_mac_high_framework/wlan_mac_high.o
                0x0001fd98                wlan_mac_high_set_mpdu_rx_callback
 .text.wlan_mac_high_set_poll_tx_queues_callback
                0x0001fda8       0x10 ./wlan_mac_high_framework/wlan_mac_high.o
                0x0001fda8                wlan_mac_high_set_poll_tx_queues_callback
 .text.wlan_mac_high_display_mallinfo
                0x0001fdb8      0x110 ./wlan_mac_high_framework/wlan_mac_high.o
                0x0001fdb8                wlan_mac_high_display_mallinfo
 .text.wlan_mac_high_malloc
                0x0001fec8       0x60 ./wlan_mac_high_framework/wlan_mac_high.o
                0x0001fec8                wlan_mac_high_malloc
 .text.wlan_mac_high_realloc
                0x0001ff28       0x60 ./wlan_mac_high_framework/wlan_mac_high.o
                0x0001ff28                wlan_mac_high_realloc
 .text.wlan_mac_high_free
                0x0001ff88       0x34 ./wlan_mac_high_framework/wlan_mac_high.o
                0x0001ff88                wlan_mac_high_free
 .text.wlan_mac_high_memory_test
                0x0001ffbc      0x304 ./wlan_mac_high_framework/wlan_mac_high.o
                0x0001ffbc                wlan_mac_high_memory_test
 .text.wlan_mac_high_init
                0x000202c0      0xb0c ./wlan_mac_high_framework/wlan_mac_high.o
                0x000202c0                wlan_mac_high_init
 .text.wlan_mac_high_cdma_start_transfer
                0x00020dcc      0x1b0 ./wlan_mac_high_framework/wlan_mac_high.o
                0x00020dcc                wlan_mac_high_cdma_start_transfer
 .text.wlan_mac_high_cdma_finish_transfer
                0x00020f7c       0x2c ./wlan_mac_high_framework/wlan_mac_high.o
                0x00020f7c                wlan_mac_high_cdma_finish_transfer
 .text.wlan_mac_high_mpdu_transmit
                0x00020fa8      0x2f4 ./wlan_mac_high_framework/wlan_mac_high.o
                0x00020fa8                wlan_mac_high_mpdu_transmit
 .text.wlan_mac_high_setup_tx_header
                0x0002129c        0xc ./wlan_mac_high_framework/wlan_mac_high.o
                0x0002129c                wlan_mac_high_setup_tx_header
 .text.wlan_mac_high_process_ipc_msg
                0x000212a8      0x83c ./wlan_mac_high_framework/wlan_mac_high.o
                0x000212a8                wlan_mac_high_process_ipc_msg
 .text.wlan_mac_high_set_srand
                0x00021ae4       0x48 ./wlan_mac_high_framework/wlan_mac_high.o
                0x00021ae4                wlan_mac_high_set_srand
 .text.wlan_mac_high_bss_channel_spec_to_radio_chan
                0x00021b2c        0xc ./wlan_mac_high_framework/wlan_mac_high.o
                0x00021b2c                wlan_mac_high_bss_channel_spec_to_radio_chan
 .text.wlan_mac_high_set_radio_channel
                0x00021b38       0x80 ./wlan_mac_high_framework/wlan_mac_high.o
                0x00021b38                wlan_mac_high_set_radio_channel
 .text.wlan_mac_high_config_txrx_beacon
                0x00021bb8       0x34 ./wlan_mac_high_framework/wlan_mac_high.o
                0x00021bb8                wlan_mac_high_config_txrx_beacon
 .text.wlan_mac_high_set_rx_ant_mode
                0x00021bec       0x74 ./wlan_mac_high_framework/wlan_mac_high.o
                0x00021bec                wlan_mac_high_set_rx_ant_mode
 .text.wlan_mac_high_set_tx_ctrl_power
                0x00021c60       0x48 ./wlan_mac_high_framework/wlan_mac_high.o
                0x00021c60                wlan_mac_high_set_tx_ctrl_power
 .text.wlan_mac_high_set_radio_tx_power
                0x00021ca8       0x48 ./wlan_mac_high_framework/wlan_mac_high.o
                0x00021ca8                wlan_mac_high_set_radio_tx_power
 .text.wlan_mac_high_set_rx_filter_mode
                0x00021cf0       0x48 ./wlan_mac_high_framework/wlan_mac_high.o
                0x00021cf0                wlan_mac_high_set_rx_filter_mode
 .text.wlan_mac_high_write_low_mem
                0x00021d38       0x50 ./wlan_mac_high_framework/wlan_mac_high.o
                0x00021d38                wlan_mac_high_write_low_mem
 .text.wlan_mac_high_read_low_mem
                0x00021d88      0x140 ./wlan_mac_high_framework/wlan_mac_high.o
                0x00021d88                wlan_mac_high_read_low_mem
 .text.wlan_mac_high_write_low_param
                0x00021ec8       0x50 ./wlan_mac_high_framework/wlan_mac_high.o
                0x00021ec8                wlan_mac_high_write_low_param
 .text.wlan_mac_high_set_dsss
                0x00021f18       0x48 ./wlan_mac_high_framework/wlan_mac_high.o
                0x00021f18                wlan_mac_high_set_dsss
 .text.wlan_mac_num_tx_pkt_buf_available
                0x00021f60      0x2b4 ./wlan_mac_high_framework/wlan_mac_high.o
                0x00021f60                wlan_mac_num_tx_pkt_buf_available
 .text.wlan_mac_high_get_empty_tx_packet_buffer
                0x00022214       0x88 ./wlan_mac_high_framework/wlan_mac_high.o
                0x00022214                wlan_mac_high_get_empty_tx_packet_buffer
 .text.wlan_mac_high_is_pkt_ltg
                0x0002229c       0x48 ./wlan_mac_high_framework/wlan_mac_high.o
                0x0002229c                wlan_mac_high_is_pkt_ltg
 .text.wlan_mac_high_update_beacon_tx_params
                0x000222e4       0xc8 ./wlan_mac_high_framework/wlan_mac_high.o
                0x000222e4                wlan_mac_high_update_beacon_tx_params
 .text._mailbox_rx_watchdog
                0x000223ac       0x4c ./wlan_mac_high_framework/wlan_mac_high_mailbox_util.o
                0x000223ac                _mailbox_rx_watchdog
 .text.mailbox_int_handler
                0x000223f8       0xa8 ./wlan_mac_high_framework/wlan_mac_high_mailbox_util.o
                0x000223f8                mailbox_int_handler
 .text.wlan_mac_high_init_mailbox
                0x000224a0      0x108 ./wlan_mac_high_framework/wlan_mac_high_mailbox_util.o
                0x000224a0                wlan_mac_high_init_mailbox
 .text.setup_mailbox_interrupt
                0x000225a8       0xe0 ./wlan_mac_high_framework/wlan_mac_high_mailbox_util.o
                0x000225a8                setup_mailbox_interrupt
 .text.ltg_sched_check
                0x00022688      0x2f4 ./wlan_mac_high_framework/wlan_mac_ltg.o
                0x00022688                ltg_sched_check
 .text.wlan_mac_ltg_sched_set_callback
                0x0002297c       0x10 ./wlan_mac_high_framework/wlan_mac_ltg.o
                0x0002297c                wlan_mac_ltg_sched_set_callback
 .text.ltg_sched_create
                0x0002298c      0x310 ./wlan_mac_high_framework/wlan_mac_ltg.o
                0x0002298c                ltg_sched_create
 .text.ltg_sched_start_l
                0x00022c9c      0x230 ./wlan_mac_high_framework/wlan_mac_ltg.o
                0x00022c9c                ltg_sched_start_l
 .text.ltg_sched_start
                0x00022ecc      0x148 ./wlan_mac_high_framework/wlan_mac_ltg.o
                0x00022ecc                ltg_sched_start
 .text.ltg_sched_stop
                0x00023014      0x20c ./wlan_mac_high_framework/wlan_mac_ltg.o
                0x00023014                ltg_sched_stop
 .text.ltg_sched_remove_all
                0x00023220      0x164 ./wlan_mac_high_framework/wlan_mac_ltg.o
                0x00023220                ltg_sched_remove_all
 .text.ltg_sched_remove
                0x00023384      0x1bc ./wlan_mac_high_framework/wlan_mac_ltg.o
                0x00023384                ltg_sched_remove
 .text.wlan_mac_ltg_sched_init
                0x00023540       0x74 ./wlan_mac_high_framework/wlan_mac_ltg.o
                0x00023540                wlan_mac_ltg_sched_init
 .text.ltg_sched_find_tg_schedule
                0x000235b4       0x6c ./wlan_mac_high_framework/wlan_mac_ltg.o
                0x000235b4                ltg_sched_find_tg_schedule
 .text.wlan_create_ltg_frame
                0x00023620       0x74 ./wlan_mac_high_framework/wlan_mac_ltg.o
                0x00023620                wlan_create_ltg_frame
 .text.ltg_sched_deserialize
                0x00023694      0x2ac ./wlan_mac_high_framework/wlan_mac_ltg.o
                0x00023694                ltg_sched_deserialize
 .text.ltg_payload_deserialize
                0x00023940      0x29c ./wlan_mac_high_framework/wlan_mac_ltg.o
                0x00023940                ltg_payload_deserialize
 .text.network_info_timestamp_check
                0x00023bdc      0x20c ./wlan_mac_high_framework/wlan_mac_network_info.o
                0x00023bdc                network_info_timestamp_check
 .text.network_info_init
                0x00023de8       0xf4 ./wlan_mac_high_framework/wlan_mac_network_info.o
                0x00023de8                network_info_init
 .text.network_info_init_finish
                0x00023edc       0x34 ./wlan_mac_high_framework/wlan_mac_network_info.o
                0x00023edc                network_info_init_finish
 .text.network_info_rx_process
                0x00023f10      0x564 ./wlan_mac_high_framework/wlan_mac_network_info.o
                0x00023f10                network_info_rx_process
 .text.print_network_info
                0x00024474      0x2d4 ./wlan_mac_high_framework/wlan_mac_network_info.o
                0x00024474                print_network_info
 .text.wlan_mac_high_find_network_info_SSID
                0x00024748      0x14c ./wlan_mac_high_framework/wlan_mac_network_info.o
                0x00024748                wlan_mac_high_find_network_info_SSID
 .text.wlan_mac_high_find_network_info_BSSID
                0x00024894       0xa4 ./wlan_mac_high_framework/wlan_mac_network_info.o
                0x00024894                wlan_mac_high_find_network_info_BSSID
 .text.wlan_mac_high_create_network_info
                0x00024938      0x374 ./wlan_mac_high_framework/wlan_mac_network_info.o
                0x00024938                wlan_mac_high_create_network_info
 .text.wlan_mac_high_reset_network_list
                0x00024cac      0x1b8 ./wlan_mac_high_framework/wlan_mac_network_info.o
                0x00024cac                wlan_mac_high_reset_network_list
 .text.wlan_mac_high_get_network_info_list
                0x00024e64       0x10 ./wlan_mac_high_framework/wlan_mac_network_info.o
                0x00024e64                wlan_mac_high_get_network_info_list
 .text.wlan_create_probe_req_frame
                0x00024e74      0x19c ./wlan_mac_high_framework/wlan_mac_packet_types.o
                0x00024e74                wlan_create_probe_req_frame
 .text.wlan_create_auth_frame
                0x00025010       0xc4 ./wlan_mac_high_framework/wlan_mac_packet_types.o
                0x00025010                wlan_create_auth_frame
 .text.wlan_create_deauth_disassoc_frame
                0x000250d4       0xb8 ./wlan_mac_high_framework/wlan_mac_packet_types.o
                0x000250d4                wlan_create_deauth_disassoc_frame
 .text.wlan_create_reassoc_assoc_req_frame
                0x0002518c      0x30c ./wlan_mac_high_framework/wlan_mac_packet_types.o
                0x0002518c                wlan_create_reassoc_assoc_req_frame
 .text.wlan_create_data_frame
                0x00025498       0xb8 ./wlan_mac_high_framework/wlan_mac_packet_types.o
                0x00025498                wlan_create_data_frame
 .text.wlan_create_rts_frame
                0x00025550       0x78 ./wlan_mac_high_framework/wlan_mac_packet_types.o
                0x00025550                wlan_create_rts_frame
 .text.wlan_create_cts_frame
                0x000255c8       0x48 ./wlan_mac_high_framework/wlan_mac_packet_types.o
                0x000255c8                wlan_create_cts_frame
 .text.wlan_create_ack_frame
                0x00025610       0x48 ./wlan_mac_high_framework/wlan_mac_packet_types.o
                0x00025610                wlan_create_ack_frame
 .text.queue_init
                0x00025658      0x118 ./wlan_mac_high_framework/wlan_mac_queue.o
                0x00025658                queue_init
 .text.queue_num_queued
                0x00025770       0x30 ./wlan_mac_high_framework/wlan_mac_queue.o
                0x00025770                queue_num_queued
 .text.purge_queue
                0x000257a0      0x180 ./wlan_mac_high_framework/wlan_mac_queue.o
                0x000257a0                purge_queue
 .text.enqueue_after_tail
                0x00025920      0x1b4 ./wlan_mac_high_framework/wlan_mac_queue.o
                0x00025920                enqueue_after_tail
 .text.dequeue_from_head
                0x00025ad4       0xb0 ./wlan_mac_high_framework/wlan_mac_queue.o
                0x00025ad4                dequeue_from_head
 .text.queue_checkout
                0x00025b84       0x50 ./wlan_mac_high_framework/wlan_mac_queue.o
                0x00025b84                queue_checkout
 .text.queue_checkin
                0x00025bd4       0x3c ./wlan_mac_high_framework/wlan_mac_queue.o
                0x00025bd4                queue_checkin
 .text.queue_checkout_list
                0x00025c10       0x30 ./wlan_mac_high_framework/wlan_mac_queue.o
                0x00025c10                queue_checkout_list
 .text.queue_checkin_list
                0x00025c40       0x28 ./wlan_mac_high_framework/wlan_mac_queue.o
                0x00025c40                queue_checkin_list
 .text.transmit_checkin
                0x00025c68       0x90 ./wlan_mac_high_framework/wlan_mac_queue.o
                0x00025c68                transmit_checkin
 .text.wlan_mac_scan_state_transition
                0x00025cf8      0x13c ./wlan_mac_high_framework/wlan_mac_scan.o
                0x00025cf8                wlan_mac_scan_state_transition
 .text.wlan_mac_scan_init
                0x00025e34      0x17c ./wlan_mac_high_framework/wlan_mac_scan.o
                0x00025e34                wlan_mac_scan_init
 .text.wlan_mac_scan_set_tx_probe_request_callback
                0x00025fb0       0x10 ./wlan_mac_high_framework/wlan_mac_scan.o
                0x00025fb0                wlan_mac_scan_set_tx_probe_request_callback
 .text.wlan_mac_scan_set_state_change_callback
                0x00025fc0       0x10 ./wlan_mac_high_framework/wlan_mac_scan.o
                0x00025fc0                wlan_mac_scan_set_state_change_callback
 .text.wlan_mac_scan_get_parameters
                0x00025fd0       0x10 ./wlan_mac_high_framework/wlan_mac_scan.o
                0x00025fd0                wlan_mac_scan_get_parameters
 .text.wlan_mac_scan_start
                0x00025fe0       0x64 ./wlan_mac_high_framework/wlan_mac_scan.o
                0x00025fe0                wlan_mac_scan_start
 .text.wlan_mac_scan_stop
                0x00026044       0xe4 ./wlan_mac_high_framework/wlan_mac_scan.o
                0x00026044                wlan_mac_scan_stop
 .text.wlan_mac_scan_is_scanning
                0x00026128       0x24 ./wlan_mac_high_framework/wlan_mac_scan.o
                0x00026128                wlan_mac_scan_is_scanning
 .text.wlan_mac_scan_get_num_scans
                0x0002614c       0x10 ./wlan_mac_high_framework/wlan_mac_scan.o
                0x0002614c                wlan_mac_scan_get_num_scans
 .text.timer_interrupt_handler
                0x0002615c       0xec ./wlan_mac_high_framework/wlan_mac_schedule.o
                0x0002615c                timer_interrupt_handler
 .text.wlan_mac_schedule_init
                0x00026248      0x154 ./wlan_mac_high_framework/wlan_mac_schedule.o
                0x00026248                wlan_mac_schedule_init
 .text.wlan_mac_schedule_setup_interrupt
                0x0002639c       0x64 ./wlan_mac_high_framework/wlan_mac_schedule.o
                0x0002639c                wlan_mac_schedule_setup_interrupt
 .text.wlan_mac_schedule_event_repeated
                0x00026400      0x348 ./wlan_mac_high_framework/wlan_mac_schedule.o
                0x00026400                wlan_mac_schedule_event_repeated
 .text.wlan_mac_schedule_disable_id
                0x00026748      0x140 ./wlan_mac_high_framework/wlan_mac_schedule.o
                0x00026748                wlan_mac_schedule_disable_id
 .text.wlan_mac_schedule_enable
                0x00026888      0x16c ./wlan_mac_high_framework/wlan_mac_schedule.o
                0x00026888                wlan_mac_schedule_enable
 .text.wlan_mac_remove_schedule
                0x000269f4      0x1ac ./wlan_mac_high_framework/wlan_mac_schedule.o
                0x000269f4                wlan_mac_remove_schedule
 .text.schedule_handler
                0x00026ba0      0x1b8 ./wlan_mac_high_framework/wlan_mac_schedule.o
                0x00026ba0                schedule_handler
 .text.station_info_init
                0x00026d58      0x17c ./wlan_mac_high_framework/wlan_mac_station_info.o
                0x00026d58                station_info_init
 .text.station_info_rx_process_counts
                0x00026ed4       0xb4 ./wlan_mac_high_framework/wlan_mac_station_info.o
                0x00026ed4                station_info_rx_process_counts
 .text.station_info_print
                0x00026f88      0x3a4 ./wlan_mac_high_framework/wlan_mac_station_info.o
                0x00026f88                station_info_print
 .text.station_info_find_by_addr
                0x0002732c       0xb0 ./wlan_mac_high_framework/wlan_mac_station_info.o
                0x0002732c                station_info_find_by_addr
 .text.station_info_create
                0x000273dc      0x280 ./wlan_mac_high_framework/wlan_mac_station_info.o
                0x000273dc                station_info_create
 .text.station_info_postrx_process
                0x0002765c       0xb4 ./wlan_mac_high_framework/wlan_mac_station_info.o
                0x0002765c                station_info_postrx_process
 .text.station_info_posttx_process
                0x00027710       0xb8 ./wlan_mac_high_framework/wlan_mac_station_info.o
                0x00027710                station_info_posttx_process
 .text.station_info_txreport_process
                0x000277c8       0xd4 ./wlan_mac_high_framework/wlan_mac_station_info.o
                0x000277c8                station_info_txreport_process
 .text.txrx_counts_zero_all
                0x0002789c       0x7c ./wlan_mac_high_framework/wlan_mac_station_info.o
                0x0002789c                txrx_counts_zero_all
 .text.station_info_get_list
                0x00027918       0x10 ./wlan_mac_high_framework/wlan_mac_station_info.o
                0x00027918                station_info_get_list
 .text.station_info_add
                0x00027928      0x3ac ./wlan_mac_high_framework/wlan_mac_station_info.o
                0x00027928                station_info_add
 .text.station_info_remove
                0x00027cd4       0xf8 ./wlan_mac_high_framework/wlan_mac_station_info.o
                0x00027cd4                station_info_remove
 .text.station_info_is_member
                0x00027dcc       0x6c ./wlan_mac_high_framework/wlan_mac_station_info.o
                0x00027dcc                station_info_is_member
 .text.wlan_mac_get_default_tx_params
                0x00027e38      0x1c0 ./wlan_mac_high_framework/wlan_mac_station_info.o
                0x00027e38                wlan_mac_get_default_tx_params
 .text.wlan_mac_set_default_tx_params
                0x00027ff8       0xd0 ./wlan_mac_high_framework/wlan_mac_station_info.o
                0x00027ff8                wlan_mac_set_default_tx_params
 .text.wlan_mac_reapply_default_tx_params
                0x000280c8       0xdc ./wlan_mac_high_framework/wlan_mac_station_info.o
                0x000280c8                wlan_mac_reapply_default_tx_params
 .text.eth_init_device_info
                0x000281a4      0x290 ./wlan_mac_high_framework/wlan_exp_ip_udp/wlan_exp_ip_udp_config.o
                0x000281a4                eth_init_device_info
 .text.eth_null_interrupt_callback
                0x00028434        0x8 ./wlan_mac_high_framework/wlan_exp_ip_udp/wlan_exp_ip_udp_eth.o
                0x00028434                eth_null_interrupt_callback
 .text.eth_set_interrupt_enable_callback
                0x0002843c       0x10 ./wlan_mac_high_framework/wlan_exp_ip_udp/wlan_exp_ip_udp_eth.o
                0x0002843c                eth_set_interrupt_enable_callback
 .text.eth_set_interrupt_disable_callback
                0x0002844c       0x10 ./wlan_mac_high_framework/wlan_exp_ip_udp/wlan_exp_ip_udp_eth.o
                0x0002844c                eth_set_interrupt_disable_callback
 .text.eth_init_header
                0x0002845c       0x78 ./wlan_mac_high_framework/wlan_exp_ip_udp/wlan_exp_ip_udp_eth.o
                0x0002845c                eth_init_header
 .text.eth_update_header
                0x000284d4       0x94 ./wlan_mac_high_framework/wlan_exp_ip_udp/wlan_exp_ip_udp_eth.o
                0x000284d4                eth_update_header
 .text.eth_print_err_msg
                0x00028568      0x148 ./wlan_mac_high_framework/wlan_exp_ip_udp/wlan_exp_ip_udp_eth.o
                0x00028568                eth_print_err_msg
 .text.eth_check_dma
                0x000286b0      0x100 ./wlan_mac_high_framework/wlan_exp_ip_udp/wlan_exp_ip_udp_eth.o
                0x000286b0                eth_check_dma
 .text.eth_init_device
                0x000287b0      0x13c ./wlan_mac_high_framework/wlan_exp_ip_udp/wlan_exp_ip_udp_eth.o
                0x000287b0                eth_init_device
 .text.eth_init_dma
                0x000288ec      0x30c ./wlan_mac_high_framework/wlan_exp_ip_udp/wlan_exp_ip_udp_eth.o
                0x000288ec                eth_init_dma
 .text.eth_free_recv_buffers.part.1.constprop.3
                0x00028bf8      0x134 ./wlan_mac_high_framework/wlan_exp_ip_udp/wlan_exp_ip_udp_eth.o
 .text.eth_start_device
                0x00028d2c       0xf8 ./wlan_mac_high_framework/wlan_exp_ip_udp/wlan_exp_ip_udp_eth.o
                0x00028d2c                eth_start_device
 .text.eth_set_ip_addr
                0x00028e24      0x100 ./wlan_mac_high_framework/wlan_exp_ip_udp/wlan_exp_ip_udp_eth.o
                0x00028e24                eth_set_ip_addr
 .text.eth_set_mac_operating_speed
                0x00028f24       0xa4 ./wlan_mac_high_framework/wlan_exp_ip_udp/wlan_exp_ip_udp_eth.o
                0x00028f24                eth_set_mac_operating_speed
 .text.eth_write_phy_reg
                0x00028fc8       0xa4 ./wlan_mac_high_framework/wlan_exp_ip_udp/wlan_exp_ip_udp_eth.o
                0x00028fc8                eth_write_phy_reg
 .text.eth_read_phy_reg
                0x0002906c       0xa4 ./wlan_mac_high_framework/wlan_exp_ip_udp/wlan_exp_ip_udp_eth.o
                0x0002906c                eth_read_phy_reg
 .text.eth_free_recv_buffers
                0x00029110      0x1b0 ./wlan_mac_high_framework/wlan_exp_ip_udp/wlan_exp_ip_udp_eth.o
                0x00029110                eth_free_recv_buffers
 .text.eth_init
                0x000292c0      0x29c ./wlan_mac_high_framework/wlan_exp_ip_udp/wlan_exp_ip_udp_eth.o
                0x000292c0                eth_init
 .text.eth_recv_frame
                0x0002955c      0x2dc ./wlan_mac_high_framework/wlan_exp_ip_udp/wlan_exp_ip_udp_eth.o
                0x0002955c                eth_recv_frame
 .text.eth_send_frame
                0x00029838      0x630 ./wlan_mac_high_framework/wlan_exp_ip_udp/wlan_exp_ip_udp_eth.o
                0x00029838                eth_send_frame
 .text.wlan_exp_ip_udp_init
                0x00029e68      0x1fc ./wlan_mac_high_framework/wlan_exp_ip_udp/wlan_exp_ip_udp_init.o
                0x00029e68                wlan_exp_ip_udp_init
 .text.ipv4_init
                0x0002a064       0x10 ./wlan_mac_high_framework/wlan_exp_ip_udp/wlan_exp_ip_udp_ip_udp.o
                0x0002a064                ipv4_init
 .text.ipv4_init_header
                0x0002a074       0x48 ./wlan_mac_high_framework/wlan_exp_ip_udp/wlan_exp_ip_udp_ip_udp.o
                0x0002a074                ipv4_init_header
 .text.ipv4_update_header
                0x0002a0bc      0x1c4 ./wlan_mac_high_framework/wlan_exp_ip_udp/wlan_exp_ip_udp_ip_udp.o
                0x0002a0bc                ipv4_update_header
 .text.udp_init_header
                0x0002a280       0x30 ./wlan_mac_high_framework/wlan_exp_ip_udp/wlan_exp_ip_udp_ip_udp.o
                0x0002a280                udp_init_header
 .text.udp_update_header
                0x0002a2b0       0x38 ./wlan_mac_high_framework/wlan_exp_ip_udp/wlan_exp_ip_udp_ip_udp.o
                0x0002a2b0                udp_update_header
 .text.arp_reply
                0x0002a2e8      0x338 ./wlan_mac_high_framework/wlan_exp_ip_udp/wlan_exp_ip_udp_ip_udp.o
                0x0002a2e8                arp_reply
 .text.arp_get_hw_addr
                0x0002a620      0x548 ./wlan_mac_high_framework/wlan_exp_ip_udp/wlan_exp_ip_udp_ip_udp.o
                0x0002a620                arp_get_hw_addr
 .text.arp_update_cache
                0x0002ab68      0x7a0 ./wlan_mac_high_framework/wlan_exp_ip_udp/wlan_exp_ip_udp_ip_udp.o
                0x0002ab68                arp_update_cache
 .text.arp_process_packet
                0x0002b308      0x100 ./wlan_mac_high_framework/wlan_exp_ip_udp/wlan_exp_ip_udp_ip_udp.o
                0x0002b308                arp_process_packet
 .text.imcp_echo_reply
                0x0002b408      0x400 ./wlan_mac_high_framework/wlan_exp_ip_udp/wlan_exp_ip_udp_ip_udp.o
                0x0002b408                imcp_echo_reply
 .text.ipv4_process_packet
                0x0002b808      0x1a4 ./wlan_mac_high_framework/wlan_exp_ip_udp/wlan_exp_ip_udp_ip_udp.o
                0x0002b808                ipv4_process_packet
 .text.socket_socket
                0x0002b9ac       0x9c ./wlan_mac_high_framework/wlan_exp_ip_udp/wlan_exp_ip_udp_socket.o
                0x0002b9ac                socket_socket
 .text.socket_bind_eth
                0x0002ba48       0xf8 ./wlan_mac_high_framework/wlan_exp_ip_udp/wlan_exp_ip_udp_socket.o
                0x0002ba48                socket_bind_eth
 .text.socket_close
                0x0002bb40       0x3c ./wlan_mac_high_framework/wlan_exp_ip_udp/wlan_exp_ip_udp_socket.o
                0x0002bb40                socket_close
 .text.socket_sendto
                0x0002bb7c      0x15c ./wlan_mac_high_framework/wlan_exp_ip_udp/wlan_exp_ip_udp_socket.o
                0x0002bb7c                socket_sendto
 .text.socket_sendto_raw
                0x0002bcd8       0x64 ./wlan_mac_high_framework/wlan_exp_ip_udp/wlan_exp_ip_udp_socket.o
                0x0002bcd8                socket_sendto_raw
 .text.socket_recvfrom_eth
                0x0002bd3c      0x214 ./wlan_mac_high_framework/wlan_exp_ip_udp/wlan_exp_ip_udp_socket.o
                0x0002bd3c                socket_recvfrom_eth
 .text.socket_alloc_send_buffer
                0x0002bf50       0xa4 ./wlan_mac_high_framework/wlan_exp_ip_udp/wlan_exp_ip_udp_socket.o
                0x0002bf50                socket_alloc_send_buffer
 .text.socket_free_send_buffer
                0x0002bff4       0x24 ./wlan_mac_high_framework/wlan_exp_ip_udp/wlan_exp_ip_udp_socket.o
                0x0002bff4                socket_free_send_buffer
 .text.socket_free_recv_buffer
                0x0002c018       0x54 ./wlan_mac_high_framework/wlan_exp_ip_udp/wlan_exp_ip_udp_socket.o
                0x0002c018                socket_free_recv_buffer
 .text.socket_find_index_by_eth
                0x0002c06c      0x124 ./wlan_mac_high_framework/wlan_exp_ip_udp/wlan_exp_ip_udp_socket.o
                0x0002c06c                socket_find_index_by_eth
 .text.socket_get_eth_dev_num
                0x0002c190       0x38 ./wlan_mac_high_framework/wlan_exp_ip_udp/wlan_exp_ip_udp_socket.o
                0x0002c190                socket_get_eth_dev_num
 .text.socket_get_wlan_exp_ip_udp_header
                0x0002c1c8       0x34 ./wlan_mac_high_framework/wlan_exp_ip_udp/wlan_exp_ip_udp_socket.o
                0x0002c1c8                socket_get_wlan_exp_ip_udp_header
 .text.wlan_mac_common_malloc_init
                0x0002c1fc       0x70 ./wlan_mac_common_framework/wlan_mac_common.o
                0x0002c1fc                wlan_mac_common_malloc_init
 .text.wlan_null_callback
                0x0002c26c        0x8 ./wlan_mac_common_framework/wlan_mac_common.o
                0x0002c26c                wlan_null_callback
 .text.wlan_verify_channel
                0x0002c274       0x28 ./wlan_mac_common_framework/wlan_mac_common.o
                0x0002c274                wlan_verify_channel
 .text.init_mac_hw_info
                0x0002c29c       0x60 ./wlan_mac_common_framework/wlan_mac_common.o
                0x0002c29c                init_mac_hw_info
 .text.wlan_mac_time_to_hr_min_sec
                0x0002c2fc       0xe8 ./wlan_mac_common_framework/wlan_mac_common.o
                0x0002c2fc                wlan_mac_time_to_hr_min_sec
 .text.get_mac_hw_info
                0x0002c3e4       0x10 ./wlan_mac_common_framework/wlan_mac_common.o
                0x0002c3e4                get_mac_hw_info
 .text.get_mac_hw_addr_wlan
                0x0002c3f4       0x10 ./wlan_mac_common_framework/wlan_mac_common.o
                0x0002c3f4                get_mac_hw_addr_wlan
 .text.dl_list_init
                0x0002c404       0x44 ./wlan_mac_common_framework/wlan_mac_dl_list.o
                0x0002c404                dl_list_init
 .text.dl_entry_insertBefore
                0x0002c448       0x64 ./wlan_mac_common_framework/wlan_mac_dl_list.o
                0x0002c448                dl_entry_insertBefore
 .text.dl_entry_insertBeginning
                0x0002c4ac       0x94 ./wlan_mac_common_framework/wlan_mac_dl_list.o
                0x0002c4ac                dl_entry_insertBeginning
 .text.dl_entry_insertEnd
                0x0002c540       0xc8 ./wlan_mac_common_framework/wlan_mac_dl_list.o
                0x0002c540                dl_entry_insertEnd
 .text.dl_entry_move
                0x0002c608       0xac ./wlan_mac_common_framework/wlan_mac_dl_list.o
                0x0002c608                dl_entry_move
 .text.dl_entry_remove
                0x0002c6b4       0x98 ./wlan_mac_common_framework/wlan_mac_dl_list.o
                0x0002c6b4                dl_entry_remove
 .text.init_mailbox
                0x0002c74c       0x98 ./wlan_mac_common_framework/wlan_mac_mailbox_util.o
                0x0002c74c                init_mailbox
 .text.write_mailbox_msg
                0x0002c7e4       0xb4 ./wlan_mac_common_framework/wlan_mac_mailbox_util.o
                0x0002c7e4                write_mailbox_msg
 .text.read_mailbox_msg
                0x0002c898      0x124 ./wlan_mac_common_framework/wlan_mac_mailbox_util.o
                0x0002c898                read_mailbox_msg
 .text.init_pkt_buf
                0x0002c9bc      0x3f8 ./wlan_mac_common_framework/wlan_mac_pkt_buf_util.o
                0x0002c9bc                init_pkt_buf
 .text.lock_tx_pkt_buf
                0x0002cdb4       0x4c ./wlan_mac_common_framework/wlan_mac_pkt_buf_util.o
                0x0002cdb4                lock_tx_pkt_buf
 .text.lock_rx_pkt_buf
                0x0002ce00       0x50 ./wlan_mac_common_framework/wlan_mac_pkt_buf_util.o
                0x0002ce00                lock_rx_pkt_buf
 .text.force_lock_tx_pkt_buf
                0x0002ce50       0xb0 ./wlan_mac_common_framework/wlan_mac_pkt_buf_util.o
                0x0002ce50                force_lock_tx_pkt_buf
 .text.unlock_tx_pkt_buf
                0x0002cf00       0x70 ./wlan_mac_common_framework/wlan_mac_pkt_buf_util.o
                0x0002cf00                unlock_tx_pkt_buf
 .text.unlock_rx_pkt_buf
                0x0002cf70       0x50 ./wlan_mac_common_framework/wlan_mac_pkt_buf_util.o
                0x0002cf70                unlock_rx_pkt_buf
 .text.wlan_exp_process_node_cmd
                0x0002cfc0      0x6e4 ./src/wlan_exp_node_sta.o
                0x0002cfc0                wlan_exp_process_node_cmd
 .text.active_network_info_getter
                0x0002d6a4       0x10 ./src/wlan_mac_sta.o
                0x0002d6a4                active_network_info_getter
 .text.sta_set_beacon_ts_update_mode
                0x0002d6b4       0x60 ./src/wlan_mac_sta.o