Archive member included because of file (symbol)

../../wlan_bsp_cpu_high/mb_high/lib\libxil.a(xil_printf.o)
                              ./wlan_platform_high/w3_eth.o (xil_printf)
../../wlan_bsp_cpu_high/mb_high/lib\libxil.a(_exception_handler.o)
                              c:/xilinx/14.4/ise_ds/edk/gnu/microblaze/nt64/bin/../lib/gcc/microblaze-xilinx-elf/4.6.2/../../../../microblaze-xilinx-elf/lib/bs/m/le/crt0.o (_exception_handler)
../../wlan_bsp_cpu_high/mb_high/lib\libxil.a(_program_clean.o)
                              c:/xilinx/14.4/ise_ds/edk/gnu/microblaze/nt64/bin/../lib/gcc/microblaze-xilinx-elf/4.6.2/../../../../microblaze-xilinx-elf/lib/bs/m/le/crtinit.o (_program_clean)
../../wlan_bsp_cpu_high/mb_high/lib\libxil.a(_program_init.o)
                              c:/xilinx/14.4/ise_ds/edk/gnu/microblaze/nt64/bin/../lib/gcc/microblaze-xilinx-elf/4.6.2/../../../../microblaze-xilinx-elf/lib/bs/m/le/crtinit.o (_program_init)
../../wlan_bsp_cpu_high/mb_high/lib\libxil.a(hw_exception_handler.o)
                              c:/xilinx/14.4/ise_ds/edk/gnu/microblaze/nt64/bin/../lib/gcc/microblaze-xilinx-elf/4.6.2/../../../../microblaze-xilinx-elf/lib/bs/m/le/crt0.o (_hw_exception_handler)
../../wlan_bsp_cpu_high/mb_high/lib\libxil.a(microblaze_enable_exceptions.o)
                              ./src/wlan_mac_ap.o (microblaze_enable_exceptions)
../../wlan_bsp_cpu_high/mb_high/lib\libxil.a(microblaze_interrupt_handler.o)
                              c:/xilinx/14.4/ise_ds/edk/gnu/microblaze/nt64/bin/../lib/gcc/microblaze-xilinx-elf/4.6.2/../../../../microblaze-xilinx-elf/lib/bs/m/le/crt0.o (_interrupt_handler)
../../wlan_bsp_cpu_high/mb_high/lib\libxil.a(microblaze_interrupts_g.o)
                              ../../wlan_bsp_cpu_high/mb_high/lib\libxil.a(microblaze_interrupt_handler.o) (MB_InterruptVectorTable)
../../wlan_bsp_cpu_high/mb_high/lib\libxil.a(outbyte.o)
                              ../../wlan_bsp_cpu_high/mb_high/lib\libxil.a(xil_printf.o) (outbyte)
../../wlan_bsp_cpu_high/mb_high/lib\libxil.a(xil_cache.o)
                              ./src/wlan_mac_ap.o (Xil_DCacheDisable)
../../wlan_bsp_cpu_high/mb_high/lib\libxil.a(xil_exception.o)
                              ./wlan_mac_high_framework/wlan_mac_high.o (Xil_ExceptionInit)
../../wlan_bsp_cpu_high/mb_high/lib\libxil.a(xil_io.o)
                              ./wlan_mac_high_framework/wlan_exp_node.o (Xil_EndianSwap16)
../../wlan_bsp_cpu_high/mb_high/lib\libxil.a(xaxicdma.o)
                              ./wlan_mac_high_framework/wlan_mac_high.o (XAxiCdma_CfgInitialize)
../../wlan_bsp_cpu_high/mb_high/lib\libxil.a(xaxicdma_bdring.o)
                              ../../wlan_bsp_cpu_high/mb_high/lib\libxil.a(xaxicdma.o) (XAxiCdma_BdRingGetCurrBd)
../../wlan_bsp_cpu_high/mb_high/lib\libxil.a(xaxicdma_intr.o)
                              ../../wlan_bsp_cpu_high/mb_high/lib\libxil.a(xaxicdma.o) (XAxiCdma_IntrGetEnabled)
../../wlan_bsp_cpu_high/mb_high/lib\libxil.a(xaxicdma_sinit.o)
                              ./wlan_mac_high_framework/wlan_mac_high.o (XAxiCdma_LookupConfig)
../../wlan_bsp_cpu_high/mb_high/lib\libxil.a(xaxidma.o)
                              ./wlan_mac_high_framework/wlan_exp_ip_udp/wlan_exp_ip_udp_eth.o (XAxiDma_Reset)
../../wlan_bsp_cpu_high/mb_high/lib\libxil.a(xaxidma_bd.o)
                              ./wlan_platform_high/w3_eth.o (XAxiDma_BdSetLength)
../../wlan_bsp_cpu_high/mb_high/lib\libxil.a(xaxidma_bdring.o)
                              ./wlan_platform_high/w3_eth.o (XAxiDma_BdRingCreate)
../../wlan_bsp_cpu_high/mb_high/lib\libxil.a(xaxidma_sinit.o)
                              ./wlan_platform_high/w3_eth.o (XAxiDma_LookupConfig)
../../wlan_bsp_cpu_high/mb_high/lib\libxil.a(xaxiethernet.o)
                              ./wlan_platform_high/w3_eth.o (XAxiEthernet_Start)
../../wlan_bsp_cpu_high/mb_high/lib\libxil.a(xaxiethernet_sinit.o)
                              ./wlan_platform_high/w3_eth.o (XAxiEthernet_LookupConfig)
../../wlan_bsp_cpu_high/mb_high/lib\libxil.a(xintc.o)
                              ./wlan_mac_high_framework/wlan_mac_high.o (XIntc_Initialize)
../../wlan_bsp_cpu_high/mb_high/lib\libxil.a(xintc_g.o)
                              ../../wlan_bsp_cpu_high/mb_high/lib\libxil.a(xintc.o) (XIntc_ConfigTable)
../../wlan_bsp_cpu_high/mb_high/lib\libxil.a(xintc_l.o)
                              ./wlan_mac_high_framework/wlan_mac_high.o (XIntc_DeviceInterruptHandler)
../../wlan_bsp_cpu_high/mb_high/lib\libxil.a(xintc_options.o)
                              ./wlan_mac_high_framework/wlan_mac_high.o (XIntc_SetOptions)
../../wlan_bsp_cpu_high/mb_high/lib\libxil.a(xgpio.o)
                              ./wlan_platform_high/w3_high_userio.o (XGpio_SetDataDirection)
../../wlan_bsp_cpu_high/mb_high/lib\libxil.a(xgpio_intr.o)
                              ./wlan_platform_high/w3_high_userio.o (XGpio_InterruptGlobalEnable)
../../wlan_bsp_cpu_high/mb_high/lib\libxil.a(xgpio_sinit.o)
[...]
Memory Configuration

Name             Origin             Length             Attributes
mb_high_ilmb     0x00000050         0x0003ffb0
pkt_buff_rx_bram 0x90000000         0x00010000
pkt_buff_tx_bram 0x91000000         0x00010000
mb_high_aux_bram 0xa0000000         0x00010000
ddr3_sodimm      0xc0000000         0x40000000
*default*        0x00000000         0xffffffff

Linker script and memory map

LOAD c:/xilinx/14.4/ise_ds/edk/gnu/microblaze/nt64/bin/../lib/gcc/microblaze-xilinx-elf/4.6.2/../../../../microblaze-xilinx-elf/lib/bs/m/le/crt0.o
LOAD c:/xilinx/14.4/ise_ds/edk/gnu/microblaze/nt64/bin/../lib/gcc/microblaze-xilinx-elf/4.6.2/bs/m/le/crti.o
LOAD c:/xilinx/14.4/ise_ds/edk/gnu/microblaze/nt64/bin/../lib/gcc/microblaze-xilinx-elf/4.6.2/bs/m/le/crtbegin.o
LOAD c:/xilinx/14.4/ise_ds/edk/gnu/microblaze/nt64/bin/../lib/gcc/microblaze-xilinx-elf/4.6.2/../../../../microblaze-xilinx-elf/lib/bs/m/le/crtinit.o
                [0x00001000]                _STACK_SIZE = DEFINED (_STACK_SIZE)?_STACK_SIZE:0x1000
                [0x00002000]                _HEAP_SIZE = DEFINED (_HEAP_SIZE)?_HEAP_SIZE:0x2000

.vectors.reset  0x00000000        0x8
 *(.vectors.reset)
 .vectors.reset
                0x00000000        0x8 c:/xilinx/14.4/ise_ds/edk/gnu/microblaze/nt64/bin/../lib/gcc/microblaze-xilinx-elf/4.6.2/../../../../microblaze-xilinx-elf/lib/bs/m/le/crt0.o
                0x00000000                _start

.vectors.sw_exception
                0x00000008        0x8
 *(.vectors.sw_exception)
 .vectors.sw_exception
                0x00000008        0x8 c:/xilinx/14.4/ise_ds/edk/gnu/microblaze/nt64/bin/../lib/gcc/microblaze-xilinx-elf/4.6.2/../../../../microblaze-xilinx-elf/lib/bs/m/le/crt0.o

.vectors.interrupt
                0x00000010        0x8
 *(.vectors.interrupt)
 .vectors.interrupt
                0x00000010        0x8 c:/xilinx/14.4/ise_ds/edk/gnu/microblaze/nt64/bin/../lib/gcc/microblaze-xilinx-elf/4.6.2/../../../../microblaze-xilinx-elf/lib/bs/m/le/crt0.o

.vectors.hw_exception
                0x00000020        0x8
 *(.vectors.hw_exception)
 .vectors.hw_exception
                0x00000020        0x8 c:/xilinx/14.4/ise_ds/edk/gnu/microblaze/nt64/bin/../lib/gcc/microblaze-xilinx-elf/4.6.2/../../../../microblaze-xilinx-elf/lib/bs/m/le/crt0.o

.text           0x00000050    0x31d7c
 *(.text)
 .text          0x00000050       0x34 c:/xilinx/14.4/ise_ds/edk/gnu/microblaze/nt64/bin/../lib/gcc/microblaze-xilinx-elf/4.6.2/../../../../microblaze-xilinx-elf/lib/bs/m/le/crt0.o
                0x00000050                _start1
                0x00000080                _exit
 .text          0x00000084      0x118 c:/xilinx/14.4/ise_ds/edk/gnu/microblaze/nt64/bin/../lib/gcc/microblaze-xilinx-elf/4.6.2/bs/m/le/crtbegin.o
 .text          0x0000019c       0xb0 c:/xilinx/14.4/ise_ds/edk/gnu/microblaze/nt64/bin/../lib/gcc/microblaze-xilinx-elf/4.6.2/../../../../microblaze-xilinx-elf/lib/bs/m/le/crtinit.o
                0x0000019c                _crtinit
 .text          0x0000024c      0x604 ../../wlan_bsp_cpu_high/mb_high/lib\libxil.a(xil_printf.o)
                0x00000438                xil_printf
 .text          0x00000850        0x8 ../../wlan_bsp_cpu_high/mb_high/lib\libxil.a(_exception_handler.o)
                0x00000850                _exception_handler
 .text          0x00000858        0x8 ../../wlan_bsp_cpu_high/mb_high/lib\libxil.a(_program_clean.o)
                0x00000858                _program_clean
 .text          0x00000860        0x8 ../../wlan_bsp_cpu_high/mb_high/lib\libxil.a(_program_init.o)
                0x00000860                _program_init
 *fill*         0x00000868        0x8 00
 .text          0x00000870      0x480 ../../wlan_bsp_cpu_high/mb_high/lib\libxil.a(hw_exception_handler.o)
                0x00000870                _hw_exception_handler
 .text          0x00000cf0       0x14 ../../wlan_bsp_cpu_high/mb_high/lib\libxil.a(microblaze_enable_exceptions.o)
                0x00000cf0                microblaze_enable_exceptions
 .text          0x00000d04       0xb8 ../../wlan_bsp_cpu_high/mb_high/lib\libxil.a(microblaze_interrupt_handler.o)
                0x00000d04                _interrupt_handler
                0x00000d04                __interrupt_handler
                0x00000da8                microblaze_register_handler
 .text          0x00000dbc       0x2c ../../wlan_bsp_cpu_high/mb_high/lib\libxil.a(outbyte.o)
                0x00000dbc                outbyte
 .text          0x00000de8       0x64 ../../wlan_bsp_cpu_high/mb_high/lib\libxil.a(xil_cache.o)
                0x00000de8                Xil_DCacheDisable
                0x00000e20                Xil_ICacheDisable
 .text          0x00000e4c       0xe8 ../../wlan_bsp_cpu_high/mb_high/lib\libxil.a(xil_exception.o)
                0x00000e54                Xil_ExceptionInit
                0x00000e5c                Xil_ExceptionEnable
                0x00000e88                Xil_ExceptionDisable
                0x00000eb4                Xil_ExceptionRegisterHandler
                0x00000eec                Xil_ExceptionRemoveHandler
 .text          0x00000f34      0x118 ../../wlan_bsp_cpu_high/mb_high/lib\libxil.a(xil_io.o)
                0x00000f34                Xil_EndianSwap16
                0x00000f50                Xil_EndianSwap32
                0x00000f88                Xil_In16BE
                0x00000fb0                Xil_In32BE
                0x00000fec                Xil_Out16BE
                0x0000100c                Xil_Out32BE
 .text          0x0000104c      0x570 ../../wlan_bsp_cpu_high/mb_high/lib\libxil.a(xaxicdma.o)
                0x0000104c                XAxiCdma_GetError
                0x0000105c                XAxiCdma_Reset
                0x00001084                XAxiCdma_ResetIsDone
                0x0000109c                XAxiCdma_CfgInitialize
                0x0000117c                XAxiCdma_IsBusy
                0x00001194                XAxiCdma_IsSimpleMode
                0x000011ac                XAxiCdma_SwitchMode
                0x000012b8                XAxiCdma_SimpleTransfer
                0x00001414                XAxiCdma_SetCoalesce
                0x000014a8                XAxiCdma_GetCoalesce
                0x000014e0                XAxiCdma_DumpRegisters
 .text          0x000015bc      0xab8 ../../wlan_bsp_cpu_high/mb_high/lib\libxil.a(xaxicdma_bdring.o)
                0x000015bc                XAxiCdma_BdRingCntCalc
                0x000015f8                XAxiCdma_BdRingMemCalc
                0x0000160c                XAxiCdma_BdRingGetCnt
                0x00001614                XAxiCdma_BdRingGetFreeCnt
                0x0000161c                XAxiCdma_BdRingSnapShotCurrBd
                0x0000166c                XAxiCdma_BdRingGetCurrBd
                0x0000167c                XAxiCdma_BdRingNext
                0x000016c4                XAxiCdma_BdRingPrev
                0x0000170c                XAxiCdma_BdRingCreate
                0x00001950                XAxiCdma_BdRingClone
                0x00001a18                XAxiCdma_BdRingAlloc
                0x00001a80                XAxiCdma_BdRingUnAlloc
                0x00001b08                XAxiCdma_BdRingToHw
                0x00001d88                XAxiCdma_BdRingFromHw
                0x00001ee0                XAxiCdma_BdRingFree
                0x00001fc0                XAxiCdma_BdRingStartTransfer
 .text          0x00002074      0x194 ../../wlan_bsp_cpu_high/mb_high/lib\libxil.a(xaxicdma_intr.o)
                0x00002074                XAxiCdma_IntrEnable
                0x00002090                XAxiCdma_IntrGetEnabled
                0x000020a0                XAxiCdma_IntrDisable
                0x000020c0                XAxiCdma_IntrHandler
 .text          0x00002208       0x24 ../../wlan_bsp_cpu_high/mb_high/lib\libxil.a(xaxicdma_sinit.o)
                0x00002208                XAxiCdma_LookupConfig
 .text          0x0000222c      0x758 ../../wlan_bsp_cpu_high/mb_high/lib\libxil.a(xaxidma.o)
                0x0000222c                XAxiDma_Reset
                0x0000233c                XAxiDma_ResetIsDone
                0x00002380                XAxiDma_CfgInitialize
                0x00002560                XAxiDma_Pause
                0x000025f4                XAxiDma_Resume
                0x00002808                XAxiDma_Busy
                0x00002828                XAxiDma_SelectKeyHole
                0x00002858                XAxiDma_SimpleTransfer
 .text          0x00002984      0x280 ../../wlan_bsp_cpu_high/mb_high/lib\libxil.a(xaxidma_bd.o)
                0x00002984                XAxiDma_BdSetLength
                0x000029b8                XAxiDma_BdSetBufAddr
                0x00002a18                XAxiDma_BdSetAppWord
                0x00002a4c                XAxiDma_BdGetAppWord
                0x00002a84                XAxiDma_BdSetCtrl
                0x00002aa4                XAxiDma_DumpBd
 .text          0x00002c04      0xd48 ../../wlan_bsp_cpu_high/mb_high/lib\libxil.a(xaxidma_bdring.o)
                0x00002c04                XAxiDma_UpdateBdRingCDesc
                0x00002cf4                XAxiDma_BdRingCreate
                0x00002ecc                XAxiDma_BdRingClone
                0x00002fa4                XAxiDma_StartBdRingHw
                0x000030a8                XAxiDma_BdRingStart
                0x000030dc                XAxiDma_BdRingSetCoalesce
                0x00003148                XAxiDma_BdRingGetCoalesce
                0x0000316c                XAxiDma_BdRingAlloc
                0x000031e4                XAxiDma_BdRingUnAlloc
                0x00003288                XAxiDma_BdRingToHw
                0x000034b8                XAxiDma_BdRingFromHw
                0x0000363c                XAxiDma_BdRingFree
                0x000036b8                XAxiDma_BdRingCheck
                0x00003828                XAxiDma_BdRingDumpRegs
 .text          0x0000394c       0x40 ../../wlan_bsp_cpu_high/mb_high/lib\libxil.a(xaxidma_sinit.o)
                0x0000394c                XAxiDma_LookupConfig
 .text          0x0000398c     0x135c ../../wlan_bsp_cpu_high/mb_high/lib\libxil.a(xaxiethernet.o)
                0x00003a70                XAxiEthernet_Start
                0x00003b6c                XAxiEthernet_Stop
                0x00003c34                XAxiEthernet_SetMacAddress
                0x00003db4                XAxiEthernet_GetMacAddress
                0x00003ee8                XAxiEthernet_SetOptions
                0x00004198                XAxiEthernet_ClearOptions
                0x00004440                XAxiEthernet_GetOptions
                0x000044dc                XAxiEthernet_GetOperatingSpeed
                0x000045c0                XAxiEthernet_SetOperatingSpeed
                0x00004740                XAxiEthernet_SetBadFrmRcvOption
                0x00004758                XAxiEthernet_ClearBadFrmRcvOption
                0x00004770                XAxiEthernet_DisableControlFrameLenCheck
                0x0000478c                XAxiEthernet_EnableControlFrameLenCheck
                0x000047a8                XAxiEthernet_PhySetMdioDivisor
                0x00004870                XAxiEthernet_Reset
                0x00004a14                XAxiEthernet_CfgInitialize
                0x00004ad4                XAxiEthernet_PhyRead
                0x00004be0                XAxiEthernet_PhyWrite
 .text          0x00004ce8       0x40 ../../wlan_bsp_cpu_high/mb_high/lib\libxil.a(xaxiethernet_sinit.o)
                0x00004ce8                XAxiEthernet_LookupConfig
 .text          0x00004d28      0xc18 ../../wlan_bsp_cpu_high/mb_high/lib\libxil.a(xintc.o)
                0x00004d80                XIntc_Initialize
                0x00004f10                XIntc_Start
                0x00005000                XIntc_Stop
                0x00005090                XIntc_Connect
                0x000051a0                XIntc_Disconnect
                0x000052a4                XIntc_Enable
                0x00005380                XIntc_Disable
                0x00005460                XIntc_Acknowledge
                0x00005534                XIntc_LookupConfig
                0x00005558                XIntc_ConnectFastHandler
                0x0000575c                XIntc_SetNormalIntrMode
 .text          0x00005940      0x1e8 ../../wlan_bsp_cpu_high/mb_high/lib\libxil.a(xintc_l.o)
                0x00005940                XIntc_DeviceInterruptHandler
                0x00005a38                XIntc_LowLevelInterruptHandler
                0x00005a54                XIntc_SetIntrSvcOption
                0x00005a7c                XIntc_RegisterHandler
                0x00005ab0                XIntc_RegisterFastHandler
 .text          0x00005b28      0x158 ../../wlan_bsp_cpu_high/mb_high/lib\libxil.a(xintc_options.o)
                0x00005b28                XIntc_SetOptions
                0x00005be0                XIntc_GetOptions
 .text          0x00005c80      0x41c ../../wlan_bsp_cpu_high/mb_high/lib\libxil.a(xgpio.o)
                0x00005c80                XGpio_CfgInitialize
                0x00005cf4                XGpio_SetDataDirection
                0x00005dd0                XGpio_GetDataDirection
                0x00005ec8                XGpio_DiscreteRead
                0x00005fc0                XGpio_DiscreteWrite
 .text          0x0000609c      0x5d8 ../../wlan_bsp_cpu_high/mb_high/lib\libxil.a(xgpio_intr.o)
                0x0000609c                XGpio_InterruptGlobalEnable
                0x00006168                XGpio_InterruptGlobalDisable
                0x0000622c                XGpio_InterruptEnable
                0x000062f8                XGpio_InterruptDisable
                0x000063c8                XGpio_InterruptClear
                0x00006494                XGpio_InterruptGetEnabled
                0x00006584                XGpio_InterruptGetStatus
 .text          0x00006674       0xb4 ../../wlan_bsp_cpu_high/mb_high/lib\libxil.a(xgpio_sinit.o)
                0x00006674                XGpio_LookupConfig
                0x00006698                XGpio_Initialize
 .text          0x00006728      0x7cc ../../wlan_bsp_cpu_high/mb_high/lib\libxil.a(xtmrctr.o)
                0x00006728                XTmrCtr_Initialize
                0x00006860                XTmrCtr_Start
                0x00006950                XTmrCtr_Stop
                0x00006a2c                XTmrCtr_GetValue
                0x00006b20                XTmrCtr_SetResetValue
                0x00006bf8                XTmrCtr_GetCaptureValue
                0x00006cec                XTmrCtr_Reset
                0x00006dd8                XTmrCtr_IsExpired
                0x00006ed0                XTmrCtr_LookupConfig
 .text          0x00006ef4      0x1c8 ../../wlan_bsp_cpu_high/mb_high/lib\libxil.a(xtmrctr_intr.o)
                0x00006ef4                XTmrCtr_SetHandler
                0x00006fac                XTmrCtr_InterruptHandler
 .text          0x000070bc      0x240 ../../wlan_bsp_cpu_high/mb_high/lib\libxil.a(xtmrctr_options.o)
                0x000070bc                XTmrCtr_SetOptions
                0x000071dc                XTmrCtr_GetOptions
 .text          0x000072fc      0x5e8 ../../wlan_bsp_cpu_high/mb_high/lib\libxil.a(xuartlite.o)
                0x00007330                XUartLite_CfgInitialize
                0x000073cc                XUartLite_ResetFifos
                0x00007464                XUartLite_IsSending
                0x000074d8                XUartLite_SendBuffer
                0x00007580                XUartLite_Send
                0x000076cc                XUartLite_ReceiveBuffer
                0x00007798                XUartLite_Recv
 .text          0x000078e4      0x384 ../../wlan_bsp_cpu_high/mb_high/lib\libxil.a(xuartlite_intr.o)
                0x000078e4                XUartLite_SetRecvHandler
                0x0000799c                XUartLite_SetSendHandler
                0x00007a54                XUartLite_InterruptHandler
                0x00007b4c                XUartLite_DisableInterrupt
                0x00007bd8                XUartLite_EnableInterrupt
 .text          0x00007c68       0x38 ../../wlan_bsp_cpu_high/mb_high/lib\libxil.a(xuartlite_l.o)
                0x00007c68                XUartLite_SendByte
                0x00007c84                XUartLite_RecvByte
 .text          0x00007ca0       0xb0 ../../wlan_bsp_cpu_high/mb_high/lib\libxil.a(xuartlite_sinit.o)
                0x00007ca0                XUartLite_LookupConfig
                0x00007cc4                XUartLite_Initialize
 .text          0x00007d50      0x188 ../../wlan_bsp_cpu_high/mb_high/lib\libxil.a(xuartlite_stats.o)
                0x00007d50                XUartLite_GetStats
                0x00007e38                XUartLite_ClearStats
 .text          0x00007ed8      0xd28 ../../wlan_bsp_cpu_high/mb_high/lib\libxil.a(xmbox.o)
                0x00007ed8                XMbox_CfgInitialize
                0x00008008                XMbox_Read
                0x00008208                XMbox_ReadBlocking
                0x0000834c                XMbox_Write
                0x00008548                XMbox_WriteBlocking
                0x0000868c                XMbox_IsEmpty
                0x00008710                XMbox_IsFull
                0x00008794                XMbox_Flush
                0x00008828                XMbox_SetInterruptEnable
                0x000088ac                XMbox_GetInterruptEnable
                0x00008944                XMbox_GetInterruptStatus
                0x000089dc                XMbox_ClearInterrupt
                0x00008a60                XMbox_SetSendThreshold
                0x00008ae4                XMbox_SetReceiveThreshold
                0x00008b68                XMbox_GetStatus
 .text          0x00008c00       0x24 ../../wlan_bsp_cpu_high/mb_high/lib\libxil.a(xmbox_sinit.o)
                0x00008c00                XMbox_LookupConfig
 .text          0x00008c24      0x6ec ../../wlan_bsp_cpu_high/mb_high/lib\libxil.a(xmutex.o)
                0x00008c24                XMutex_CfgInitialize
                0x00008d74                XMutex_Lock
                0x00008e1c                XMutex_Trylock
                0x00008ee8                XMutex_Unlock
                0x00008fb4                XMutex_IsLocked
                0x00009058                XMutex_GetStatus
                0x00009150                XMutex_GetUser
                0x0000924c                XMutex_SetUser
 .text          0x00009310       0x24 ../../wlan_bsp_cpu_high/mb_high/lib\libxil.a(xmutex_sinit.o)
                0x00009310                XMutex_LookupConfig
 .text          0x00009334      0x9c0 ../../wlan_bsp_cpu_high/mb_high/lib\libxil.a(w3_iic_eeprom.o)
                0x00009334                iic_eeprom_trylock
                0x0000934c                iic_eeprom_unlock
                0x00009358                w3_eeprom_read_serial_num
                0x0000939c                w3_eeprom_read_eth_addr
                0x00009438                w3_eeprom_read_fpga_dna
                0x00009490                iic_eeprom_write_byte_internal
                0x00009638                iic_eeprom_write_byte
                0x0000969c                iic_eeprom_read_byte_internal
                0x00009800                iic_eeprom_read_fpga_dna
                0x000098f8                iic_eeprom_read_eth_addr
                0x00009a8c                iic_eeprom_read_serial_num
                0x00009af4                iic_eeprom_init
                0x00009c6c                iic_eeprom_read_byte
                0x00009cd0                iic_eeprom_wait_for_rx_ack
 .text          0x00009cf4       0x54 ../../wlan_bsp_cpu_high/mb_high/lib\libxil.a(print.o)
                0x00009cf4                print
 .text          0x00009d48       0x50 ../../wlan_bsp_cpu_high/mb_high/lib\libxil.a(xbasic_types.o)
                0x00009d48                XAssert
                0x00009d80                XAssertSetCallback
                0x00009d90                XNullHandler
 .text          0x00009d98       0x18 ../../wlan_bsp_cpu_high/mb_high/lib\libxil.a(microblaze_disable_dcache.o)
                0x00009d98                microblaze_disable_dcache
 .text          0x00009db0       0x14 ../../wlan_bsp_cpu_high/mb_high/lib\libxil.a(microblaze_disable_exceptions.o)
                0x00009db0                microblaze_disable_exceptions
 .text          0x00009dc4       0x18 ../../wlan_bsp_cpu_high/mb_high/lib\libxil.a(microblaze_disable_icache.o)
                0x00009dc4                microblaze_disable_icache
 .text          0x00009ddc       0x20 ../../wlan_bsp_cpu_high/mb_high/lib\libxil.a(microblaze_disable_interrupts.o)
                0x00009ddc                microblaze_disable_interrupts
 .text          0x00009dfc       0x20 ../../wlan_bsp_cpu_high/mb_high/lib\libxil.a(microblaze_enable_interrupts.o)
                0x00009dfc                microblaze_enable_interrupts
 .text          0x00009e1c       0x28 ../../wlan_bsp_cpu_high/mb_high/lib\libxil.a(microblaze_flush_dcache.o)
                0x00009e1c                microblaze_flush_dcache
 .text          0x00009e44       0x28 ../../wlan_bsp_cpu_high/mb_high/lib\libxil.a(microblaze_invalidate_dcache.o)
                0x00009e44                microblaze_invalidate_dcache
 .text          0x00009e6c       0x30 ../../wlan_bsp_cpu_high/mb_high/lib\libxil.a(microblaze_invalidate_dcache_range.o)
                0x00009e6c                microblaze_invalidate_dcache_range
 .text          0x00009e9c       0x28 ../../wlan_bsp_cpu_high/mb_high/lib\libxil.a(microblaze_invalidate_icache.o)
                0x00009e9c                microblaze_invalidate_icache
 .text          0x00009ec4       0x48 ../../wlan_bsp_cpu_high/mb_high/lib\libxil.a(xil_assert.o)
                0x00009ec4                Xil_Assert
                0x00009efc                Xil_AssertSetCallback
 .text          0x00009f0c      0x2fc ../../wlan_bsp_cpu_high/mb_high/lib\libxil.a(xaxicdma_bd.o)
                0x00009f0c                XAxiCdma_BdClear
                0x00009f34                XAxiCdma_BdClone
                0x0000a000                XAxiCdma_BdGetNextPtr
                0x0000a008                XAxiCdma_BdSetNextPtr
                0x0000a010                XAxiCdma_BdGetSts
                0x0000a024                XAxiCdma_BdClearSts
                0x0000a02c                XAxiCdma_BdSetSrcBufAddr
                0x0000a05c                XAxiCdma_BdGetSrcBufAddr
                0x0000a064                XAxiCdma_BdSetDstBufAddr
                0x0000a094                XAxiCdma_BdGetDstBufAddr
                0x0000a09c                XAxiCdma_BdSetLength
                0x0000a0c8                XAxiCdma_BdGetLength
                0x0000a0d0                XAxiCdma_BdSetPhysAddr
                0x0000a0d8                XAxiCdma_BdSetIsLite
                0x0000a0e0                XAxiCdma_BdSetHasDRE
                0x0000a0e8                XAxiCdma_BdSetWordLen
                0x0000a0f0                XAxiCdma_BdSetMaxLen
                0x0000a0f8                XAxiCdma_BdGetPhysAddr
                0x0000a100                XAxiCdma_DumpBd
 .text          0x0000a208       0xcc c:/xilinx/14.4/ise_ds/edk/gnu/microblaze/nt64/bin/../lib/gcc/microblaze-xilinx-elf/4.6.2/bs/m/le\libgcc.a(_fixunsdfdi.o)
                0x0000a208                __fixunsdfdi
 .text          0x0000a2d4       0x8c c:/xilinx/14.4/ise_ds/edk/gnu/microblaze/nt64/bin/../lib/gcc/microblaze-xilinx-elf/4.6.2/bs/m/le\libgcc.a(_floatundidf.o)
                0x0000a2d4                __floatundidf
 .text          0x0000a360      0x6d8 c:/xilinx/14.4/ise_ds/edk/gnu/microblaze/nt64/bin/../lib/gcc/microblaze-xilinx-elf/4.6.2/bs/m/le\libgcc.a(_udivdi3.o)
                0x0000a360                __udivdi3
 .text          0x0000aa38      0x69c c:/xilinx/14.4/ise_ds/edk/gnu/microblaze/nt64/bin/../lib/gcc/microblaze-xilinx-elf/4.6.2/bs/m/le\libgcc.a(_umoddi3.o)
                0x0000aa38                __umoddi3
 .text          0x0000b0d4      0x51c c:/xilinx/14.4/ise_ds/edk/gnu/microblaze/nt64/bin/../lib/gcc/microblaze-xilinx-elf/4.6.2/bs/m/le\libgcc.a(_addsub_df.o)
                0x0000b504                __adddf3
                0x0000b574                __subdf3
 .text          0x0000b5f0      0x41c c:/xilinx/14.4/ise_ds/edk/gnu/microblaze/nt64/bin/../lib/gcc/microblaze-xilinx-elf/4.6.2/bs/m/le\libgcc.a(_mul_df.o)
                0x0000b5f0                __muldf3
 .text          0x0000ba0c      0x288 c:/xilinx/14.4/ise_ds/edk/gnu/microblaze/nt64/bin/../lib/gcc/microblaze-xilinx-elf/4.6.2/bs/m/le\libgcc.a(_div_df.o)
                0x0000ba0c                __divdf3
 .text          0x0000bc94      0x188 c:/xilinx/14.4/ise_ds/edk/gnu/microblaze/nt64/bin/../lib/gcc/microblaze-xilinx-elf/4.6.2/bs/m/le\libgcc.a(_usi_to_df.o)
                0x0000bc94                __floatunsidf
 .text          0x0000be1c       0x9c c:/xilinx/14.4/ise_ds/edk/gnu/microblaze/nt64/bin/../lib/gcc/microblaze-xilinx-elf/4.6.2/bs/m/le\libgcc.a(modsi3.o)
                0x0000be1c                __modsi3
 .text          0x0000beb8       0xa8 c:/xilinx/14.4/ise_ds/edk/gnu/microblaze/nt64/bin/../lib/gcc/microblaze-xilinx-elf/4.6.2/bs/m/le\libgcc.a(udivsi3.o)
                0x0000beb8                __udivsi3
 .text          0x0000bf60       0xbc c:/xilinx/14.4/ise_ds/edk/gnu/microblaze/nt64/bin/../lib/gcc/microblaze-xilinx-elf/4.6.2/bs/m/le\libgcc.a(umodsi3.o)
                0x0000bf60                __umodsi3
 .text          0x0000c01c       0x70 c:/xilinx/14.4/ise_ds/edk/gnu/microblaze/nt64/bin/../lib/gcc/microblaze-xilinx-elf/4.6.2/bs/m/le\libgcc.a(_muldi3.o)
                0x0000c01c                __muldi3
 .text          0x0000c08c       0x9c c:/xilinx/14.4/ise_ds/edk/gnu/microblaze/nt64/bin/../lib/gcc/microblaze-xilinx-elf/4.6.2/bs/m/le\libgcc.a(_clzsi2.o)
                0x0000c08c                __clzsi2
 .text          0x0000c128       0x9c c:/xilinx/14.4/ise_ds/edk/gnu/microblaze/nt64/bin/../lib/gcc/microblaze-xilinx-elf/4.6.2/bs/m/le\libgcc.a(_fixunsdfsi.o)
                0x0000c128                __fixunsdfsi
 .text          0x0000c1c4      0x308 c:/xilinx/14.4/ise_ds/edk/gnu/microblaze/nt64/bin/../lib/gcc/microblaze-xilinx-elf/4.6.2/bs/m/le\libgcc.a(_pack_df.o)
                0x0000c1c4                __pack_d
 .text          0x0000c4cc      0x130 c:/xilinx/14.4/ise_ds/edk/gnu/microblaze/nt64/bin/../lib/gcc/microblaze-xilinx-elf/4.6.2/bs/m/le\libgcc.a(_unpack_df.o)
                0x0000c4cc                __unpack_d
 .text          0x0000c5fc       0x84 c:/xilinx/14.4/ise_ds/edk/gnu/microblaze/nt64/bin/../lib/gcc/microblaze-xilinx-elf/4.6.2/bs/m/le\libgcc.a(_ge_df.o)
                0x0000c5fc                __gedf2
 .text          0x0000c680       0xe4 c:/xilinx/14.4/ise_ds/edk/gnu/microblaze/nt64/bin/../lib/gcc/microblaze-xilinx-elf/4.6.2/bs/m/le\libgcc.a(_df_to_si.o)
                0x0000c680                __fixdfsi
 .text          0x0000c764       0x48 c:/xilinx/14.4/ise_ds/edk/gnu/microblaze/nt64/bin/../lib/gcc/microblaze-xilinx-elf/4.6.2/bs/m/le\libgcc.a(_lshrdi3.o)
                0x0000c764                __lshrdi3
 .text          0x0000c7ac       0x48 c:/xilinx/14.4/ise_ds/edk/gnu/microblaze/nt64/bin/../lib/gcc/microblaze-xilinx-elf/4.6.2/bs/m/le\libgcc.a(_ashldi3.o)
                0x0000c7ac                __ashldi3
 .text          0x0000c7f4      0x118 c:/xilinx/14.4/ise_ds/edk/gnu/microblaze/nt64/bin/../lib/gcc/microblaze-xilinx-elf/4.6.2/bs/m/le\libgcc.a(_fpcmp_parts_df.o)
                0x0000c7f4                __fpcmp_parts_d
 .text          0x0000c90c       0x40 ../../wlan_bsp_cpu_high/mb_high/lib\libc.a(lib_a-exit.o)
                0x0000c90c                exit
 .text          0x0000c94c       0x58 ../../wlan_bsp_cpu_high/mb_high/lib\libc.a(lib_a-malloc.o)
                0x0000c94c                malloc
                0x0000c978                free
 .text          0x0000c9a4      0x8b0 ../../wlan_bsp_cpu_high/mb_high/lib\libc.a(lib_a-mallocr.o)
                0x0000c9a4                _malloc_r
 .text          0x0000d254       0xa0 ../../wlan_bsp_cpu_high/mb_high/lib\libc.a(lib_a-memcmp.o)
                0x0000d254                memcmp
 .text          0x0000d2f4      0x1bc ../../wlan_bsp_cpu_high/mb_high/lib\libc.a(lib_a-memcpy.o)
                0x0000d2f4                memcpy
 .text          0x0000d4b0      0x20c ../../wlan_bsp_cpu_high/mb_high/lib\libc.a(lib_a-memmove.o)
                0x0000d4b0                memmove
 .text          0x0000d6bc      0x1e4 ../../wlan_bsp_cpu_high/mb_high/lib\libc.a(lib_a-memset.o)
                0x0000d6bc                memset
 .text          0x0000d8a0       0x10 ../../wlan_bsp_cpu_high/mb_high/lib\libc.a(lib_a-mlock.o)
                0x0000d8a0                __malloc_lock
                0x0000d8a8                __malloc_unlock
 .text          0x0000d8b0      0x154 ../../wlan_bsp_cpu_high/mb_high/lib\libc.a(lib_a-mstats.o)
                0x0000d8b0                mallinfo
                0x0000d8e4                malloc_stats
                0x0000d90c                mallopt
                0x0000d93c                _mstats_r
                0x0000d99c                mstats
 .text          0x0000da04      0x1dc ../../wlan_bsp_cpu_high/mb_high/lib\libc.a(lib_a-rand.o)
                0x0000da04                srand
                0x0000dac4                rand
 .text          0x0000dbe0       0x30 ../../wlan_bsp_cpu_high/mb_high/lib\libc.a(lib_a-realloc.o)
                0x0000dbe0                realloc
 .text          0x0000dc10      0x67c ../../wlan_bsp_cpu_high/mb_high/lib\libc.a(lib_a-reallocr.o)
                0x0000dc10                _realloc_r
 .text          0x0000e28c       0x5c ../../wlan_bsp_cpu_high/mb_high/lib\libc.a(lib_a-sbrkr.o)
                0x0000e28c                _sbrk_r
 .text          0x0000e2e8       0xb0 ../../wlan_bsp_cpu_high/mb_high/lib\libc.a(lib_a-strcmp.o)
                0x0000e2e8                strcmp
 .text          0x0000e398       0x5c ../../wlan_bsp_cpu_high/mb_high/lib\libc.a(lib_a-strlen.o)
                0x0000e398                strlen
 .text          0x0000e3f4      0x148 ../../wlan_bsp_cpu_high/mb_high/lib\libc.a(lib_a-strncmp.o)
                0x0000e3f4                strncmp
 .text          0x0000e53c      0x150 ../../wlan_bsp_cpu_high/mb_high/lib\libc.a(lib_a-strncpy.o)
                0x0000e53c                strncpy
 .text          0x0000e68c       0x30 ../../wlan_bsp_cpu_high/mb_high/lib\libc.a(lib_a-strndup.o)
                0x0000e68c                strndup
 .text          0x0000e6bc       0xb0 ../../wlan_bsp_cpu_high/mb_high/lib\libc.a(lib_a-strndup_r.o)
                0x0000e6bc                _strndup_r
 .text          0x0000e76c       0x50 ../../wlan_bsp_cpu_high/mb_high/lib\libc.a(lib_a-strnlen.o)
                0x0000e76c                strnlen
 .text          0x0000e7bc       0x80 ../../wlan_bsp_cpu_high/mb_high/lib\libc.a(lib_a-strrchr.o)
                0x0000e7bc                strrchr
 .text          0x0000e83c      0x2e4 ../../wlan_bsp_cpu_high/mb_high/lib\libc.a(lib_a-__call_atexit.o)
                0x0000e83c                __call_exitprocs
 .text          0x0000eb20      0x48c ../../wlan_bsp_cpu_high/mb_high/lib\libc.a(lib_a-findfp.o)
                0x0000eb30                _cleanup_r
                0x0000eb58                __sfmoreglue
                0x0000ebc8                _cleanup
                0x0000ebf8                __sinit
                0x0000eddc                __sfp
                0x0000ef2c                __sfp_lock_acquire
                0x0000ef34                __sfp_lock_release
                0x0000ef3c                __sinit_lock_acquire
                0x0000ef44                __sinit_lock_release
                0x0000ef4c                __fp_lock_all
                0x0000ef7c                __fp_unlock_all
 .text          0x0000efac       0x78 ../../wlan_bsp_cpu_high/mb_high/lib\libc.a(lib_a-fiprintf.o)
                0x0000efac                _fiprintf_r
                0x0000efdc                fiprintf
 .text          0x0000f024      0x430 ../../wlan_bsp_cpu_high/mb_high/lib\libc.a(lib_a-freer.o)
                0x0000f024                _malloc_trim_r
                0x0000f170                _free_r
 .text          0x0000f454      0x190 ../../wlan_bsp_cpu_high/mb_high/lib\libc.a(lib_a-fwalk.o)
                0x0000f454                _fwalk
                0x0000f514                _fwalk_reent
 .text          0x0000f5e4      0x1c4 ../../wlan_bsp_cpu_high/mb_high/lib\libc.a(lib_a-mallinfor.o)
                0x0000f5e4                __malloc_update_mallinfo
                0x0000f67c                _mallinfo_r
 .text          0x0000f7a8      0x12c ../../wlan_bsp_cpu_high/mb_high/lib\libc.a(lib_a-malloptr.o)
                0x0000f7a8                _mallopt_r
 .text          0x0000f8d4       0xd4 ../../wlan_bsp_cpu_high/mb_high/lib\libc.a(lib_a-mallstatsr.o)
                0x0000f8d4                _malloc_stats_r
 .text          0x0000f9a8      0x184 ../../wlan_bsp_cpu_high/mb_high/lib\libc.a(lib_a-stdio.o)
                0x0000f9a8                __sread
                0x0000fa04                __seofread
                0x0000fa0c                __swrite
                0x0000faa4                __sseek
                0x0000fb08                __sclose
 .text          0x0000fb2c      0x1cc ../../wlan_bsp_cpu_high/mb_high/lib\libc.a(lib_a-strchr.o)
                0x0000fb2c                strchr
 .text          0x0000fcf8     0x1c94 ../../wlan_bsp_cpu_high/mb_high/lib\libc.a(lib_a-vfiprintf.o)
                0x0000fcf8                __sprint_r
                0x0000fdf4                _vfiprintf_r
                0x00011958                vfiprintf
 .text          0x0001198c       0x64 ../../wlan_bsp_cpu_high/mb_high/lib\libc.a(lib_a-writer.o)
                0x0001198c                _write_r
 .text          0x000119f0      0x1e4 ../../wlan_bsp_cpu_high/mb_high/lib\libc.a(lib_a-wsetup.o)
                0x000119f0                __swsetup_r
 .text          0x00011bd4       0x5c ../../wlan_bsp_cpu_high/mb_high/lib\libc.a(lib_a-closer.o)
                0x00011bd4                _close_r
 .text          0x00011c30      0x1ac ../../wlan_bsp_cpu_high/mb_high/lib\libc.a(lib_a-fclose.o)
                0x00011c30                _fclose_r
                0x00011db4                fclose
 .text          0x00011ddc      0x448 ../../wlan_bsp_cpu_high/mb_high/lib\libc.a(lib_a-fflush.o)
                0x00011ddc                __sflush_r
                0x00012040                _fflush_r
                0x000120f4                fflush
 .text          0x00012224      0x2b8 ../../wlan_bsp_cpu_high/mb_high/lib\libc.a(lib_a-fputwc.o)
                0x000123c0                _fputwc_r
                0x00012400                fputwc
 .text          0x000124dc      0x568 ../../wlan_bsp_cpu_high/mb_high/lib\libc.a(lib_a-fvwrite.o)
                0x000124dc                __sfvwrite_r
 .text          0x00012a44      0x184 ../../wlan_bsp_cpu_high/mb_high/lib\libc.a(lib_a-locale.o)
                0x00012a44                _setlocale_r
                0x00012ad8                __locale_charset
                0x00012ae8                __locale_mb_cur_max
                0x00012af8                __locale_msgcharset
                0x00012b08                __locale_cjk_lang
                0x00012b10                _localeconv_r
                0x00012b20                setlocale
                0x00012bb8                localeconv
 .text          0x00012bc8       0x64 ../../wlan_bsp_cpu_high/mb_high/lib\libc.a(lib_a-lseekr.o)
                0x00012bc8                _lseek_r
 .text          0x00012c2c      0x1e4 ../../wlan_bsp_cpu_high/mb_high/lib\libc.a(lib_a-makebuf.o)
                0x00012c2c                __smakebuf_r
 .text          0x00012e10       0xf8 ../../wlan_bsp_cpu_high/mb_high/lib\libc.a(lib_a-memchr.o)
                0x00012e10                memchr
 .text          0x00012f08       0x64 ../../wlan_bsp_cpu_high/mb_high/lib\libc.a(lib_a-readr.o)
                0x00012f08                _read_r
 .text          0x00012f6c      0x208 ../../wlan_bsp_cpu_high/mb_high/lib\libc.a(lib_a-wbuf.o)
                0x00012f6c                __swbuf_r
                0x00013148                __swbuf
 .text          0x00013174      0x198 ../../wlan_bsp_cpu_high/mb_high/lib\libc.a(lib_a-wcrtomb.o)
                0x00013174                _wcrtomb_r
                0x0001322c                wcrtomb
 .text          0x0001330c       0x90 ../../wlan_bsp_cpu_high/mb_high/lib\libc.a(lib_a-wctomb_r.o)
                0x0001330c                __ascii_wctomb
                0x00013340                _wctomb_r
 .text          0x0001339c       0x60 ../../wlan_bsp_cpu_high/mb_high/lib\libc.a(lib_a-fstatr.o)
                0x0001339c                _fstat_r
 .text          0x000133fc       0x5c ../../wlan_bsp_cpu_high/mb_high/lib\libc.a(lib_a-isattyr.o)
                0x000133fc                _isatty_r
 .text          0x00013458       0x14 ../../wlan_bsp_cpu_high/mb_high/lib\libxil.a(fstat.o)
                0x00013458                fstat
 .text          0x0001346c        0x8 ../../wlan_bsp_cpu_high/mb_high/lib\libxil.a(isatty.o)
                0x0001346c                isatty
 .text          0x00013474       0x2c ../../wlan_bsp_cpu_high/mb_high/lib\libxil.a(lseek.o)
                0x00013474                lseek
 .text          0x000134a0       0x64 ../../wlan_bsp_cpu_high/mb_high/lib\libxil.a(sbrk.o)
                0x000134a0                sbrk
 .text          0x00013504       0x94 ../../wlan_bsp_cpu_high/mb_high/lib\libxil.a(write.o)
                0x00013504                write
 .text          0x00013598       0x8c ../../wlan_bsp_cpu_high/mb_high/lib\libxil.a(read.o)
                0x00013598                read
 .text          0x00013624        0x8 ../../wlan_bsp_cpu_high/mb_high/lib\libxil.a(close.o)
                0x00013624                close
 .text          0x0001362c       0x10 ../../wlan_bsp_cpu_high/mb_high/lib\libxil.a(errno.o)
                0x0001362c                __errno
 .text          0x0001363c       0x2c ../../wlan_bsp_cpu_high/mb_high/lib\libxil.a(inbyte.o)
                0x0001363c                inbyte
 .text          0x00013668       0x4c c:/xilinx/14.4/ise_ds/edk/gnu/microblaze/nt64/bin/../lib/gcc/microblaze-xilinx-elf/4.6.2/bs/m/le/crtend.o
 *(.text.*)
 .text.wlan_platform_ethernet_send
                0x000136b4      0x1c8 ./wlan_platform_high/w3_eth.o
                0x000136b4                wlan_platform_ethernet_send
 .text.w3_wlan_platform_ethernet_setup_interrupt
                0x0001387c       0x8c ./wlan_platform_high/w3_eth.o
                0x0001387c                w3_wlan_platform_ethernet_setup_interrupt
 .text._wlan_eth_dma_init
                0x00013908      0x3f4 ./wlan_platform_high/w3_eth.o
                0x00013908                _wlan_eth_dma_init
 .text.w3_wlan_platform_ethernet_init
                0x00013cfc      0x1e0 ./wlan_platform_high/w3_eth.o
                0x00013cfc                w3_wlan_platform_ethernet_init
 .text._wlan_eth_dma_update
                0x00013edc      0x28c ./wlan_platform_high/w3_eth.o
                0x00013edc                _wlan_eth_dma_update
 .text._wlan_process_all_eth_pkts
                0x00014168      0x1f4 ./wlan_platform_high/w3_eth.o
                0x00014168                _wlan_process_all_eth_pkts
 .text._eth_rx_interrupt_handler
                0x0001435c       0x8c ./wlan_platform_high/w3_eth.o
                0x0001435c                _eth_rx_interrupt_handler
 .text.w3_wlan_platform_ethernet_free_queue_entry_notify
                0x000143e8       0x20 ./wlan_platform_high/w3_eth.o
                0x000143e8                w3_wlan_platform_ethernet_free_queue_entry_notify
 .text.wlan_platform_high_get_dev_info
                0x00014408       0x88 ./wlan_platform_high/w3_high.o
                0x00014408                wlan_platform_high_get_dev_info
 .text.wlan_platform_high_init
                0x00014490       0x7c ./wlan_platform_high/w3_high.o
                0x00014490                wlan_platform_high_init
 .text.wlan_platform_free_queue_entry_notify
                0x0001450c       0x20 ./wlan_platform_high/w3_high.o
                0x0001450c                wlan_platform_free_queue_entry_notify
 .text.wlan_platform_high_userio_disp_status
                0x0001452c      0x1b0 ./wlan_platform_high/w3_high.o
                0x0001452c                wlan_platform_high_userio_disp_status
 .text.wlan_platform_wlan_exp_process_node_cmd
                0x000146dc      0x600 ./wlan_platform_high/w3_high.o
                0x000146dc                wlan_platform_wlan_exp_process_node_cmd
 .text.wlan_platform_wlan_exp_eth_init
                0x00014cdc        0x8 ./wlan_platform_high/w3_high.o
                0x00014cdc                wlan_platform_wlan_exp_eth_init
 .text._w3_high_userio_gpio_handler
                0x00014ce4      0x17c ./wlan_platform_high/w3_high_userio.o
                0x00014ce4                _w3_high_userio_gpio_handler
 .text.w3_high_userio_init
                0x00014e60       0x7c ./wlan_platform_high/w3_high_userio.o
                0x00014e60                w3_high_userio_init
 .text.w3_high_userio_setup_interrupt
                0x00014edc       0xc8 ./wlan_platform_high/w3_high_userio.o
                0x00014edc                w3_high_userio_setup_interrupt
 .text._w3_uart_rx_handler
                0x00014fa4       0x44 ./wlan_platform_high/w3_uart.o
                0x00014fa4                _w3_uart_rx_handler
 .text.w3_uart_init
                0x00014fe8       0x48 ./wlan_platform_high/w3_uart.o
                0x00014fe8                w3_uart_init
 .text.w3_uart_setup_interrupt
                0x00015030       0xb0 ./wlan_platform_high/w3_uart.o
                0x00015030                w3_uart_setup_interrupt
 .text.wlan_platform_common_get_dev_info
                0x000150e0       0x50 ./wlan_platform_common/w3_common.o
                0x000150e0                wlan_platform_common_get_dev_info
 .text.wlan_platform_common_init
                0x00015130       0x40 ./wlan_platform_common/w3_common.o
                0x00015130                wlan_platform_common_init
 .text.wlan_platform_get_hw_info
                0x00015170       0xdc ./wlan_platform_common/w3_common.o
                0x00015170                wlan_platform_get_hw_info
 .text.wlan_platform_userio_get_state
                0x0001524c       0x60 ./wlan_platform_common/w3_common.o
                0x0001524c                wlan_platform_userio_get_state
 .text.get_mac_time_usec
                0x000152ac       0x58 ./wlan_platform_common/w3_mac_time_util.o
                0x000152ac                get_mac_time_usec
 .text.get_system_time_usec
                0x00015304       0x58 ./wlan_platform_common/w3_mac_time_util.o
                0x00015304                get_system_time_usec
 .text.set_mac_time_usec
                0x0001535c       0x44 ./wlan_platform_common/w3_mac_time_util.o
                0x0001535c                set_mac_time_usec
 .text.wlan_usleep
                0x000153a0       0xe0 ./wlan_platform_common/w3_mac_time_util.o
                0x000153a0                wlan_usleep
 .text.init_sysmon
                0x00015480       0x9c ./wlan_platform_common/w3_sysmon_util.o
                0x00015480                init_sysmon
 .text.wlan_platform_get_current_temp
                0x0001551c       0x10 ./wlan_platform_common/w3_sysmon_util.o
                0x0001551c                wlan_platform_get_current_temp
 .text.wlan_platform_get_min_temp
                0x0001552c       0x10 ./wlan_platform_common/w3_sysmon_util.o
                0x0001552c                wlan_platform_get_min_temp
 .text.wlan_platform_get_max_temp
                0x0001553c       0x10 ./wlan_platform_common/w3_sysmon_util.o
                0x0001553c                wlan_platform_get_max_temp
 .text.enable_hex_pwm
                0x0001554c       0x20 ./wlan_platform_common/w3_userio_util.o
                0x0001554c                enable_hex_pwm
 .text.set_hex_pwm_period
                0x0001556c       0x28 ./wlan_platform_common/w3_userio_util.o
                0x0001556c                set_hex_pwm_period
 .text.set_hex_pwm_min_max
                0x00015594       0x50 ./wlan_platform_common/w3_userio_util.o
                0x00015594                set_hex_pwm_min_max
 .text.write_hex_display
                0x000155e4       0xec ./wlan_platform_common/w3_userio_util.o
                0x000155e4                write_hex_display
 .text.write_hex_display_with_pwm
                0x000156d0      0x124 ./wlan_platform_common/w3_userio_util.o
                0x000156d0                write_hex_display_with_pwm
 .text.set_hex_display_error_status
                0x000157f4       0x50 ./wlan_platform_common/w3_userio_util.o
                0x000157f4                set_hex_display_error_status
 .text.blink_hex_display
                0x00015844      0x140 ./wlan_platform_common/w3_userio_util.o
                0x00015844                blink_hex_display
 .text.set_hex_display_right_dp
                0x00015984       0x34 ./wlan_platform_common/w3_userio_util.o
                0x00015984                set_hex_display_right_dp
 .text.wlan_exp_print_header.constprop.0
                0x000159b8      0x120 ./wlan_mac_high_framework/wlan_exp_common.o
 .text.wlan_exp_print_header
                0x00015ad8      0x14c ./wlan_mac_high_framework/wlan_exp_common.o
                0x00015ad8                wlan_exp_print_header
 .text.wlan_exp_print_mac_address
                0x00015c24       0xa8 ./wlan_mac_high_framework/wlan_exp_common.o
                0x00015c24                wlan_exp_print_mac_address
 .text.wlan_exp_set_print_level
                0x00015ccc       0x54 ./wlan_mac_high_framework/wlan_exp_common.o
                0x00015ccc                wlan_exp_set_print_level
 .text.wlan_exp_null_callback
                0x00015d20       0x58 ./wlan_mac_high_framework/wlan_exp_common.o
                0x00015d20                wlan_exp_null_callback
 .text.wlan_exp_get_mac_addr
                0x00015d78       0x34 ./wlan_mac_high_framework/wlan_exp_common.o
                0x00015d78                wlan_exp_get_mac_addr
 .text.wlan_exp_put_mac_addr
                0x00015dac       0x48 ./wlan_mac_high_framework/wlan_exp_common.o
                0x00015dac                wlan_exp_put_mac_addr
 .text.wlan_exp_init_parameters
                0x00015df4       0x78 ./wlan_mac_high_framework/wlan_exp_common.o
                0x00015df4                wlan_exp_init_parameters
 .text.wlan_exp_get_parameters
                0x00015e6c      0x264 ./wlan_mac_high_framework/wlan_exp_common.o
                0x00015e6c                wlan_exp_get_parameters
 .text.wlan_exp_get_id_in_counts
                0x000160d0       0x8c ./wlan_mac_high_framework/wlan_exp_node.o
                0x000160d0                wlan_exp_get_id_in_counts
 .text.wlan_exp_get_id_in_associated_stations
                0x0001615c       0x9c ./wlan_mac_high_framework/wlan_exp_node.o
                0x0001615c                wlan_exp_get_id_in_associated_stations
 .text.find_counts_txrx
                0x000161f8       0x20 ./wlan_mac_high_framework/wlan_exp_node.o
                0x000161f8                find_counts_txrx
 .text.ltg_cleanup
                0x00016218       0x20 ./wlan_mac_high_framework/wlan_exp_node.o
                0x00016218                ltg_cleanup
 .text.zero_bss_info
                0x00016238       0x24 ./wlan_mac_high_framework/wlan_exp_node.o
                0x00016238                zero_bss_info
 .text.zero_counts_txrx
                0x0001625c       0x28 ./wlan_mac_high_framework/wlan_exp_node.o
                0x0001625c                zero_counts_txrx
 .text.zero_station_info
                0x00016284       0x24 ./wlan_mac_high_framework/wlan_exp_node.o
                0x00016284                zero_station_info
 .text.copy_bss_info_to_dest
                0x000162a8      0x148 ./wlan_mac_high_framework/wlan_exp_node.o
                0x000162a8                copy_bss_info_to_dest
 .text.copy_station_info_to_dest
                0x000163f0      0x12c ./wlan_mac_high_framework/wlan_exp_node.o
                0x000163f0                copy_station_info_to_dest
 .text.copy_counts_txrx_to_dest
                0x0001651c      0x174 ./wlan_mac_high_framework/wlan_exp_node.o
                0x0001651c                copy_counts_txrx_to_dest
 .text.find_station_info
                0x00016690       0x3c ./wlan_mac_high_framework/wlan_exp_node.o
                0x00016690                find_station_info
 .text.wlan_exp_get_id_in_bss_info
                0x000166cc       0x68 ./wlan_mac_high_framework/wlan_exp_node.o
                0x000166cc                wlan_exp_get_id_in_bss_info
 .text.null_process_cmd_callback
                0x00016734       0x64 ./wlan_mac_high_framework/wlan_exp_node.o
                0x00016734                null_process_cmd_callback
 .text.wlan_exp_node_init
                0x00016798      0x3c4 ./wlan_mac_high_framework/wlan_exp_node.o
                0x00016798                wlan_exp_node_init
 .text.wlan_exp_node_set_type_high
                0x00016b5c      0x118 ./wlan_mac_high_framework/wlan_exp_node.o
                0x00016b5c                wlan_exp_node_set_type_high
 .text.wlan_exp_node_set_type_low
                0x00016c74       0xe4 ./wlan_mac_high_framework/wlan_exp_node.o
                0x00016c74                wlan_exp_node_set_type_low
 .text.process_buffer_cmds
                0x00016d58      0x6f8 ./wlan_mac_high_framework/wlan_exp_node.o
                0x00016d58                process_buffer_cmds
 .text.transfer_log_data
                0x00017450      0x464 ./wlan_mac_high_framework/wlan_exp_node.o
                0x00017450                transfer_log_data
 .text.process_node_cmd
                0x000178b4     0x4490 ./wlan_mac_high_framework/wlan_exp_node.o
                0x000178b4                process_node_cmd
 .text.process_hton_msg
                0x0001bd44      0x1d8 ./wlan_mac_high_framework/wlan_exp_node.o
                0x0001bd44                process_hton_msg
 .text.wlan_exp_set_process_node_cmd_callback
                0x0001bf1c       0x10 ./wlan_mac_high_framework/wlan_exp_node.o
                0x0001bf1c                wlan_exp_set_process_node_cmd_callback
 .text.wlan_exp_set_purge_all_data_tx_queue_callback
                0x0001bf2c       0x10 ./wlan_mac_high_framework/wlan_exp_node.o
                0x0001bf2c                wlan_exp_set_purge_all_data_tx_queue_callback
 .text.wlan_exp_set_process_user_cmd_callback
                0x0001bf3c       0x10 ./wlan_mac_high_framework/wlan_exp_node.o
                0x0001bf3c                wlan_exp_set_process_user_cmd_callback
 .text.wlan_exp_set_process_config_bss_callback
                0x0001bf4c       0x10 ./wlan_mac_high_framework/wlan_exp_node.o
                0x0001bf4c                wlan_exp_set_process_config_bss_callback
 .text.wlan_exp_set_active_network_info_getter_callback
                0x0001bf5c       0x10 ./wlan_mac_high_framework/wlan_exp_node.o
                0x0001bf5c                wlan_exp_set_active_network_info_getter_callback
 .text.node_get_parameter_values
                0x0001bf6c       0x38 ./wlan_mac_high_framework/wlan_exp_node.o
                0x0001bf6c                node_get_parameter_values
 .text.transport_send.constprop.4
                0x0001bfa4      0x1b0 ./wlan_mac_high_framework/wlan_exp_transport.o
 .text.transport_eth_dev_info_init
                0x0001c154      0x168 ./wlan_mac_high_framework/wlan_exp_transport.o
                0x0001c154                transport_eth_dev_info_init
 .text.transport_receive
                0x0001c2bc      0x320 ./wlan_mac_high_framework/wlan_exp_transport.o
                0x0001c2bc                transport_receive
 .text.transport_poll
                0x0001c5dc       0x8c ./wlan_mac_high_framework/wlan_exp_transport.o
                0x0001c5dc                transport_poll
 .text.transport_send
                0x0001c668      0x1ec ./wlan_mac_high_framework/wlan_exp_transport.o
                0x0001c668                transport_send
 .text.process_transport_cmd
                0x0001c854      0x284 ./wlan_mac_high_framework/wlan_exp_transport.o
                0x0001c854                process_transport_cmd
 .text.transport_set_process_hton_msg_callback
                0x0001cad8       0x14 ./wlan_mac_high_framework/wlan_exp_transport.o
                0x0001cad8                transport_set_process_hton_msg_callback
 .text.transport_config_socket
                0x0001caec      0x160 ./wlan_mac_high_framework/wlan_exp_transport.o
                0x0001caec                transport_config_socket
 .text.transport_config_sockets
                0x0001cc4c       0xe4 ./wlan_mac_high_framework/wlan_exp_transport.o
                0x0001cc4c                transport_config_sockets
 .text.transport_link_status
                0x0001cd30       0xd8 ./wlan_mac_high_framework/wlan_exp_transport.o
                0x0001cd30                transport_link_status
 .text.transport_set_phy_link_speed
                0x0001ce08      0x144 ./wlan_mac_high_framework/wlan_exp_transport.o
                0x0001ce08                transport_set_phy_link_speed
 .text.transport_init
                0x0001cf4c      0x59c ./wlan_mac_high_framework/wlan_exp_transport.o
                0x0001cf4c                transport_init
 .text.transport_set_ip_addr
                0x0001d4e8       0x54 ./wlan_mac_high_framework/wlan_exp_transport.o
                0x0001d4e8                transport_set_ip_addr
 .text.transport_reset_max_pkt_length
                0x0001d53c       0x18 ./wlan_mac_high_framework/wlan_exp_transport.o
                0x0001d53c                transport_reset_max_pkt_length
 .text.transport_get_parameters
                0x0001d554       0x40 ./wlan_mac_high_framework/wlan_exp_transport.o
                0x0001d554                transport_get_parameters
 .text.process_user_cmd
                0x0001d594       0x5c ./wlan_mac_high_framework/wlan_exp_user.o
                0x0001d594                process_user_cmd
 .text.wlan_mac_addr_filter_init
                0x0001d5f0       0x28 ./wlan_mac_high_framework/wlan_mac_addr_filter.o
                0x0001d5f0                wlan_mac_addr_filter_init
 .text.wlan_mac_addr_filter_reset
                0x0001d618       0xc0 ./wlan_mac_high_framework/wlan_mac_addr_filter.o
                0x0001d618                wlan_mac_addr_filter_reset
 .text.wlan_mac_addr_filter_add
                0x0001d6d8       0xfc ./wlan_mac_high_framework/wlan_mac_addr_filter.o
                0x0001d6d8                wlan_mac_addr_filter_add
 .text.wlan_mac_addr_filter_is_allowed
                0x0001d7d4      0x160 ./wlan_mac_high_framework/wlan_mac_addr_filter.o
                0x0001d7d4                wlan_mac_addr_filter_is_allowed
 .text.wlan_mac_addr_is_mango
                0x0001d934       0xfc ./wlan_mac_high_framework/wlan_mac_addr_filter.o
                0x0001d934                wlan_mac_addr_is_mango
 .text.wlan_exp_log_get_entry_en_mask
                0x0001da30       0x10 ./wlan_mac_high_framework/wlan_mac_entries.o
                0x0001da30                wlan_exp_log_get_entry_en_mask
 .text.wlan_exp_log_set_entry_en_mask
                0x0001da40       0x10 ./wlan_mac_high_framework/wlan_mac_entries.o
                0x0001da40                wlan_exp_log_set_entry_en_mask
 .text.wlan_exp_log_reset_system_time_id
                0x0001da50       0x18 ./wlan_mac_high_framework/wlan_mac_entries.o
                0x0001da50                wlan_exp_log_reset_system_time_id
 .text.wlan_exp_log_get_mac_payload_len
                0x0001da68       0x10 ./wlan_mac_high_framework/wlan_mac_entries.o
                0x0001da68                wlan_exp_log_get_mac_payload_len
 .text.wlan_exp_log_set_mac_payload_len
                0x0001da78       0x4c ./wlan_mac_high_framework/wlan_mac_entries.o
                0x0001da78                wlan_exp_log_set_mac_payload_len
 .text.wlan_exp_log_create_entry
                0x0001dac4       0x20 ./wlan_mac_high_framework/wlan_mac_entries.o
                0x0001dac4                wlan_exp_log_create_entry
 .text.wlan_exp_log_get_txrx_entry_sizes
                0x0001dae4      0x1c0 ./wlan_mac_high_framework/wlan_mac_entries.o
                0x0001dae4                wlan_exp_log_get_txrx_entry_sizes
 .text.wlan_exp_log_create_rx_entry
                0x0001dca4      0x74c ./wlan_mac_high_framework/wlan_mac_entries.o
                0x0001dca4                wlan_exp_log_create_rx_entry
 .text.wlan_exp_log_create_tx_high_entry
                0x0001e3f0      0x1ac ./wlan_mac_high_framework/wlan_mac_entries.o
                0x0001e3f0                wlan_exp_log_create_tx_high_entry
 .text.wlan_exp_log_create_tx_low_entry
                0x0001e59c      0x474 ./wlan_mac_high_framework/wlan_mac_entries.o
                0x0001e59c                wlan_exp_log_create_tx_low_entry
 .text.add_node_info_entry
                0x0001ea10       0xc4 ./wlan_mac_high_framework/wlan_mac_entries.o
                0x0001ea10                add_node_info_entry
 .text.add_time_info_entry
                0x0001ead4       0xd0 ./wlan_mac_high_framework/wlan_mac_entries.o
                0x0001ead4                add_time_info_entry
 .text.wlan_eth_util_init
                0x0001eba4       0x24 ./wlan_mac_high_framework/wlan_mac_eth_util.o
                0x0001eba4                wlan_eth_util_init
 .text.wlan_mac_util_set_eth_rx_callback
                0x0001ebc8       0x10 ./wlan_mac_high_framework/wlan_mac_eth_util.o
                0x0001ebc8                wlan_mac_util_set_eth_rx_callback
 .text.wlan_mac_util_set_eth_encap_mode
                0x0001ebd8       0x10 ./wlan_mac_high_framework/wlan_mac_eth_util.o
                0x0001ebd8                wlan_mac_util_set_eth_encap_mode
 .text.wlan_eth_encap
                0x0001ebe8      0x2c8 ./wlan_mac_high_framework/wlan_mac_eth_util.o
                0x0001ebe8                wlan_eth_encap
 .text.wlan_process_eth_rx
                0x0001eeb0       0xd8 ./wlan_mac_high_framework/wlan_mac_eth_util.o
                0x0001eeb0                wlan_process_eth_rx
 .text.wlan_mpdu_eth_send
                0x0001ef88      0x4b4 ./wlan_mac_high_framework/wlan_mac_eth_util.o
                0x0001ef88                wlan_mpdu_eth_send
 .text.wlan_eth_portal_en
                0x0001f43c       0x10 ./wlan_mac_high_framework/wlan_mac_eth_util.o
                0x0001f43c                wlan_eth_portal_en
 .text.event_log_init
                0x0001f44c      0x178 ./wlan_mac_high_framework/wlan_mac_event_log.o
                0x0001f44c                event_log_init
 .text.event_log_reset
                0x0001f5c4       0x7c ./wlan_mac_high_framework/wlan_mac_event_log.o
                0x0001f5c4                event_log_reset
 .text.event_log_config_wrap
                0x0001f640       0x3c ./wlan_mac_high_framework/wlan_mac_event_log.o
                0x0001f640                event_log_config_wrap
 .text.event_log_config_logging
                0x0001f67c       0x3c ./wlan_mac_high_framework/wlan_mac_event_log.o
                0x0001f67c                event_log_config_logging
 .text.event_log_get_data
                0x0001f6b8      0x104 ./wlan_mac_high_framework/wlan_mac_event_log.o
                0x0001f6b8                event_log_get_data
 .text.event_log_get_size
                0x0001f7bc       0x3c ./wlan_mac_high_framework/wlan_mac_event_log.o
                0x0001f7bc                event_log_get_size
 .text.event_log_get_total_size
                0x0001f7f8       0xb0 ./wlan_mac_high_framework/wlan_mac_event_log.o
                0x0001f7f8                event_log_get_total_size
 .text.event_log_get_capacity
                0x0001f8a8       0x10 ./wlan_mac_high_framework/wlan_mac_event_log.o
                0x0001f8a8                event_log_get_capacity
 .text.event_log_get_next_entry_index
                0x0001f8b8       0x18 ./wlan_mac_high_framework/wlan_mac_event_log.o
                0x0001f8b8                event_log_get_next_entry_index
 .text.event_log_get_oldest_entry_index
                0x0001f8d0       0x18 ./wlan_mac_high_framework/wlan_mac_event_log.o
                0x0001f8d0                event_log_get_oldest_entry_index
 .text.event_log_get_num_wraps
                0x0001f8e8       0x10 ./wlan_mac_high_framework/wlan_mac_event_log.o
                0x0001f8e8                event_log_get_num_wraps
 .text.event_log_get_flags
                0x0001f8f8       0x24 ./wlan_mac_high_framework/wlan_mac_event_log.o
                0x0001f8f8                event_log_get_flags
 .text.event_log_increment_oldest_address
                0x0001f91c      0x1a4 ./wlan_mac_high_framework/wlan_mac_event_log.o
                0x0001f91c                event_log_increment_oldest_address
 .text.event_log_get_next_empty_address
                0x0001fac0      0x3f8 ./wlan_mac_high_framework/wlan_mac_event_log.o
                0x0001fac0                event_log_get_next_empty_address
 .text.event_log_get_next_empty_entry
                0x0001feb8       0xbc ./wlan_mac_high_framework/wlan_mac_event_log.o
                0x0001feb8                event_log_get_next_empty_entry
 .text.print_event_log_size
                0x0001ff74       0xe8 ./wlan_mac_high_framework/wlan_mac_event_log.o
                0x0001ff74                print_event_log_size
 .text.wlan_mac_high_uart_rx_callback
                0x0002005c       0x24 ./wlan_mac_high_framework/wlan_mac_high.o
                0x0002005c                wlan_mac_high_uart_rx_callback
 .text.wlan_mac_high_interrupt_restore_state
                0x00020080       0x70 ./wlan_mac_high_framework/wlan_mac_high.o
                0x00020080                wlan_mac_high_interrupt_restore_state
 .text.wlan_mac_high_interrupt_stop
                0x000200f0       0x68 ./wlan_mac_high_framework/wlan_mac_high.o
                0x000200f0                wlan_mac_high_interrupt_stop
 .text.wlan_mac_high_userio_inputs_callback
                0x00020158       0xd4 ./wlan_mac_high_framework/wlan_mac_high.o
                0x00020158                wlan_mac_high_userio_inputs_callback
 .text.wlan_mac_high_set_press_pb_0_callback
                0x0002022c       0x10 ./wlan_mac_high_framework/wlan_mac_high.o
                0x0002022c                wlan_mac_high_set_press_pb_0_callback
 .text.wlan_mac_high_set_release_pb_0_callback
                0x0002023c       0x10 ./wlan_mac_high_framework/wlan_mac_high.o
                0x0002023c                wlan_mac_high_set_release_pb_0_callback
 .text.wlan_mac_high_set_uart_rx_callback
                0x0002024c       0x10 ./wlan_mac_high_framework/wlan_mac_high.o
                0x0002024c                wlan_mac_high_set_uart_rx_callback
 .text.wlan_mac_high_set_mpdu_rx_callback
                0x0002025c       0x10 ./wlan_mac_high_framework/wlan_mac_high.o
                0x0002025c                wlan_mac_high_set_mpdu_rx_callback
 .text.wlan_mac_high_set_poll_tx_queues_callback
                0x0002026c       0x10 ./wlan_mac_high_framework/wlan_mac_high.o
                0x0002026c                wlan_mac_high_set_poll_tx_queues_callback
 .text.wlan_mac_high_set_mpdu_dequeue_callback
                0x0002027c       0x10 ./wlan_mac_high_framework/wlan_mac_high.o
                0x0002027c                wlan_mac_high_set_mpdu_dequeue_callback
 .text.wlan_mac_high_set_cpu_low_reboot_callback
                0x0002028c       0x10 ./wlan_mac_high_framework/wlan_mac_high.o
                0x0002028c                wlan_mac_high_set_cpu_low_reboot_callback
 .text.wlan_mac_high_display_mallinfo
                0x0002029c      0x110 ./wlan_mac_high_framework/wlan_mac_high.o
                0x0002029c                wlan_mac_high_display_mallinfo
 .text.wlan_mac_high_malloc
                0x000203ac       0x60 ./wlan_mac_high_framework/wlan_mac_high.o
                0x000203ac                wlan_mac_high_malloc
 .text.wlan_mac_high_realloc
                0x0002040c       0x60 ./wlan_mac_high_framework/wlan_mac_high.o
                0x0002040c                wlan_mac_high_realloc
 .text.wlan_mac_high_free
                0x0002046c       0x34 ./wlan_mac_high_framework/wlan_mac_high.o
                0x0002046c                wlan_mac_high_free
 .text.wlan_mac_high_memory_test
                0x000204a0      0x304 ./wlan_mac_high_framework/wlan_mac_high.o
                0x000204a0                wlan_mac_high_memory_test
 .text.wlan_mac_high_init
                0x000207a4      0xb0c ./wlan_mac_high_framework/wlan_mac_high.o
                0x000207a4                wlan_mac_high_init
 .text.wlan_mac_high_cdma_start_transfer
                0x000212b0      0x1b0 ./wlan_mac_high_framework/wlan_mac_high.o
                0x000212b0                wlan_mac_high_cdma_start_transfer
 .text.wlan_mac_high_cdma_finish_transfer
                0x00021460       0x2c ./wlan_mac_high_framework/wlan_mac_high.o
                0x00021460                wlan_mac_high_cdma_finish_transfer
 .text.wlan_mac_high_mpdu_transmit
                0x0002148c      0x2f4 ./wlan_mac_high_framework/wlan_mac_high.o
                0x0002148c                wlan_mac_high_mpdu_transmit
 .text.wlan_mac_high_setup_tx_header
                0x00021780        0xc ./wlan_mac_high_framework/wlan_mac_high.o
                0x00021780                wlan_mac_high_setup_tx_header
 .text.wlan_mac_high_process_ipc_msg
                0x0002178c      0x83c ./wlan_mac_high_framework/wlan_mac_high.o
                0x0002178c                wlan_mac_high_process_ipc_msg
 .text.wlan_mac_high_set_srand
                0x00021fc8       0x48 ./wlan_mac_high_framework/wlan_mac_high.o
                0x00021fc8                wlan_mac_high_set_srand
 .text.wlan_mac_high_bss_channel_spec_to_radio_chan
                0x00022010        0xc ./wlan_mac_high_framework/wlan_mac_high.o
                0x00022010                wlan_mac_high_bss_channel_spec_to_radio_chan
 .text.wlan_mac_high_set_radio_channel
                0x0002201c       0x80 ./wlan_mac_high_framework/wlan_mac_high.o
                0x0002201c                wlan_mac_high_set_radio_channel
 .text.wlan_mac_high_enable_mcast_buffering
                0x0002209c       0x30 ./wlan_mac_high_framework/wlan_mac_high.o
                0x0002209c                wlan_mac_high_enable_mcast_buffering
 .text.wlan_mac_high_config_txrx_beacon
                0x000220cc       0x34 ./wlan_mac_high_framework/wlan_mac_high.o
                0x000220cc                wlan_mac_high_config_txrx_beacon
 .text.wlan_mac_high_set_rx_ant_mode
                0x00022100       0x74 ./wlan_mac_high_framework/wlan_mac_high.o
                0x00022100                wlan_mac_high_set_rx_ant_mode
 .text.wlan_mac_high_set_tx_ctrl_power
                0x00022174       0x48 ./wlan_mac_high_framework/wlan_mac_high.o
                0x00022174                wlan_mac_high_set_tx_ctrl_power
 .text.wlan_mac_high_set_radio_tx_power
                0x000221bc       0x48 ./wlan_mac_high_framework/wlan_mac_high.o
                0x000221bc                wlan_mac_high_set_radio_tx_power
 .text.wlan_mac_high_set_rx_filter_mode
                0x00022204       0x48 ./wlan_mac_high_framework/wlan_mac_high.o
                0x00022204                wlan_mac_high_set_rx_filter_mode
 .text.wlan_mac_high_write_low_mem
                0x0002224c       0x50 ./wlan_mac_high_framework/wlan_mac_high.o
                0x0002224c                wlan_mac_high_write_low_mem
 .text.wlan_mac_high_read_low_mem
                0x0002229c      0x140 ./wlan_mac_high_framework/wlan_mac_high.o
                0x0002229c                wlan_mac_high_read_low_mem
 .text.wlan_mac_high_write_low_param
                0x000223dc       0x50 ./wlan_mac_high_framework/wlan_mac_high.o
                0x000223dc                wlan_mac_high_write_low_param
 .text.wlan_mac_high_set_dsss
                0x0002242c       0x48 ./wlan_mac_high_framework/wlan_mac_high.o
                0x0002242c                wlan_mac_high_set_dsss
 .text.wlan_mac_num_tx_pkt_buf_available
                0x00022474      0x2b4 ./wlan_mac_high_framework/wlan_mac_high.o
                0x00022474                wlan_mac_num_tx_pkt_buf_available
 .text.wlan_mac_high_get_empty_tx_packet_buffer
                0x00022728       0x88 ./wlan_mac_high_framework/wlan_mac_high.o
                0x00022728                wlan_mac_high_get_empty_tx_packet_buffer
 .text.wlan_mac_high_is_pkt_ltg
                0x000227b0       0x48 ./wlan_mac_high_framework/wlan_mac_high.o
                0x000227b0                wlan_mac_high_is_pkt_ltg
 .text.wlan_mac_high_configure_beacon_tx_template
                0x000227f8      0x178 ./wlan_mac_high_framework/wlan_mac_high.o
                0x000227f8                wlan_mac_high_configure_beacon_tx_template
 .text.wlan_mac_high_update_beacon_tx_params
                0x00022970       0xc8 ./wlan_mac_high_framework/wlan_mac_high.o
                0x00022970                wlan_mac_high_update_beacon_tx_params
 .text._mailbox_rx_watchdog
                0x00022a38       0x4c ./wlan_mac_high_framework/wlan_mac_high_mailbox_util.o
                0x00022a38                _mailbox_rx_watchdog
 .text.mailbox_int_handler
                0x00022a84       0xa8 ./wlan_mac_high_framework/wlan_mac_high_mailbox_util.o
                0x00022a84                mailbox_int_handler
 .text.wlan_mac_high_init_mailbox
                0x00022b2c      0x108 ./wlan_mac_high_framework/wlan_mac_high_mailbox_util.o
                0x00022b2c                wlan_mac_high_init_mailbox
 .text.setup_mailbox_interrupt
                0x00022c34       0xe0 ./wlan_mac_high_framework/wlan_mac_high_mailbox_util.o
                0x00022c34                setup_mailbox_interrupt
 .text.ltg_sched_check
                0x00022d14      0x2f4 ./wlan_mac_high_framework/wlan_mac_ltg.o
                0x00022d14                ltg_sched_check
 .text.wlan_mac_ltg_sched_set_callback
                0x00023008       0x10 ./wlan_mac_high_framework/wlan_mac_ltg.o
                0x00023008                wlan_mac_ltg_sched_set_callback
 .text.ltg_sched_create
                0x00023018      0x310 ./wlan_mac_high_framework/wlan_mac_ltg.o
                0x00023018                ltg_sched_create
 .text.ltg_sched_start_l
                0x00023328      0x230 ./wlan_mac_high_framework/wlan_mac_ltg.o
                0x00023328                ltg_sched_start_l
 .text.ltg_sched_start
                0x00023558      0x148 ./wlan_mac_high_framework/wlan_mac_ltg.o
                0x00023558                ltg_sched_start
 .text.ltg_sched_stop
                0x000236a0      0x20c ./wlan_mac_high_framework/wlan_mac_ltg.o
                0x000236a0                ltg_sched_stop
 .text.ltg_sched_remove_all
                0x000238ac      0x164 ./wlan_mac_high_framework/wlan_mac_ltg.o
                0x000238ac                ltg_sched_remove_all
 .text.ltg_sched_remove
                0x00023a10      0x1bc ./wlan_mac_high_framework/wlan_mac_ltg.o
                0x00023a10                ltg_sched_remove
 .text.wlan_mac_ltg_sched_init
                0x00023bcc       0x74 ./wlan_mac_high_framework/wlan_mac_ltg.o
                0x00023bcc                wlan_mac_ltg_sched_init
 .text.ltg_sched_find_tg_schedule
                0x00023c40       0x6c ./wlan_mac_high_framework/wlan_mac_ltg.o
                0x00023c40                ltg_sched_find_tg_schedule
 .text.wlan_create_ltg_frame
                0x00023cac       0x74 ./wlan_mac_high_framework/wlan_mac_ltg.o
                0x00023cac                wlan_create_ltg_frame
 .text.ltg_sched_deserialize
                0x00023d20      0x2ac ./wlan_mac_high_framework/wlan_mac_ltg.o
                0x00023d20                ltg_sched_deserialize
 .text.ltg_payload_deserialize
                0x00023fcc      0x29c ./wlan_mac_high_framework/wlan_mac_ltg.o
                0x00023fcc                ltg_payload_deserialize
 .text.network_info_timestamp_check
                0x00024268      0x20c ./wlan_mac_high_framework/wlan_mac_network_info.o
                0x00024268                network_info_timestamp_check
 .text.network_info_init
                0x00024474       0xf4 ./wlan_mac_high_framework/wlan_mac_network_info.o
                0x00024474                network_info_init
 .text.network_info_init_finish
                0x00024568       0x34 ./wlan_mac_high_framework/wlan_mac_network_info.o
                0x00024568                network_info_init_finish
 .text.network_info_rx_process
                0x0002459c      0x564 ./wlan_mac_high_framework/wlan_mac_network_info.o
                0x0002459c                network_info_rx_process
 .text.print_network_info
                0x00024b00      0x2d4 ./wlan_mac_high_framework/wlan_mac_network_info.o
                0x00024b00                print_network_info
 .text.network_info_checkin
                0x00024dd4       0x2c ./wlan_mac_high_framework/wlan_mac_network_info.o
                0x00024dd4                network_info_checkin
 .text.wlan_mac_high_find_network_info_BSSID
                0x00024e00       0xa4 ./wlan_mac_high_framework/wlan_mac_network_info.o
                0x00024e00                wlan_mac_high_find_network_info_BSSID
 .text.wlan_mac_high_create_network_info
                0x00024ea4      0x374 ./wlan_mac_high_framework/wlan_mac_network_info.o
                0x00024ea4                wlan_mac_high_create_network_info
 .text.wlan_mac_high_reset_network_list
                0x00025218      0x1b8 ./wlan_mac_high_framework/wlan_mac_network_info.o
                0x00025218                wlan_mac_high_reset_network_list
 .text.wlan_mac_high_clear_network_info
                0x000253d0      0x13c ./wlan_mac_high_framework/wlan_mac_network_info.o
                0x000253d0                wlan_mac_high_clear_network_info
 .text.wlan_mac_high_get_network_info_list
                0x0002550c       0x10 ./wlan_mac_high_framework/wlan_mac_network_info.o
                0x0002550c                wlan_mac_high_get_network_info_list
 .text.wlan_create_beacon_probe_resp_frame
                0x0002551c      0x420 ./wlan_mac_high_framework/wlan_mac_packet_types.o
                0x0002551c                wlan_create_beacon_probe_resp_frame
 .text.wlan_create_auth_frame
                0x0002593c       0xc4 ./wlan_mac_high_framework/wlan_mac_packet_types.o
                0x0002593c                wlan_create_auth_frame
 .text.wlan_create_deauth_disassoc_frame
                0x00025a00       0xb8 ./wlan_mac_high_framework/wlan_mac_packet_types.o
                0x00025a00                wlan_create_deauth_disassoc_frame
 .text.wlan_create_association_response_frame
                0x00025ab8      0x36c ./wlan_mac_high_framework/wlan_mac_packet_types.o
                0x00025ab8                wlan_create_association_response_frame
 .text.wlan_create_data_frame
                0x00025e24       0xb8 ./wlan_mac_high_framework/wlan_mac_packet_types.o
                0x00025e24                wlan_create_data_frame
 .text.wlan_create_rts_frame
                0x00025edc       0x78 ./wlan_mac_high_framework/wlan_mac_packet_types.o
                0x00025edc                wlan_create_rts_frame
 .text.wlan_create_cts_frame
                0x00025f54       0x48 ./wlan_mac_high_framework/wlan_mac_packet_types.o
                0x00025f54                wlan_create_cts_frame
 .text.wlan_create_ack_frame
                0x00025f9c       0x48 ./wlan_mac_high_framework/wlan_mac_packet_types.o
                0x00025f9c                wlan_create_ack_frame
 .text.queue_init
                0x00025fe4      0x118 ./wlan_mac_high_framework/wlan_mac_queue.o
                0x00025fe4                queue_init
 .text.queue_num_free
                0x000260fc       0x10 ./wlan_mac_high_framework/wlan_mac_queue.o
                0x000260fc                queue_num_free
 .text.queue_num_queued
                0x0002610c       0x30 ./wlan_mac_high_framework/wlan_mac_queue.o
                0x0002610c                queue_num_queued
 .text.purge_queue
                0x0002613c      0x180 ./wlan_mac_high_framework/wlan_mac_queue.o
                0x0002613c                purge_queue
 .text.enqueue_after_tail
                0x000262bc      0x1b4 ./wlan_mac_high_framework/wlan_mac_queue.o
                0x000262bc                enqueue_after_tail
 .text.dequeue_from_head
                0x00026470       0xb0 ./wlan_mac_high_framework/wlan_mac_queue.o
                0x00026470                dequeue_from_head
 .text.queue_checkout
                0x00026520       0x50 ./wlan_mac_high_framework/wlan_mac_queue.o
                0x00026520                queue_checkout
 .text.queue_checkin
                0x00026570       0x3c ./wlan_mac_high_framework/wlan_mac_queue.o
                0x00026570                queue_checkin
 .text.queue_checkout_list
                0x000265ac       0x30 ./wlan_mac_high_framework/wlan_mac_queue.o
                0x000265ac                queue_checkout_list
 .text.queue_checkin_list
                0x000265dc       0x28 ./wlan_mac_high_framework/wlan_mac_queue.o
                0x000265dc                queue_checkin_list
 .text.transmit_checkin
                0x00026604       0x90 ./wlan_mac_high_framework/wlan_mac_queue.o
                0x00026604                transmit_checkin
 .text.queue_set_state_change_callback
                0x00026694       0x10 ./wlan_mac_high_framework/wlan_mac_queue.o
                0x00026694                queue_set_state_change_callback
 .text.wlan_mac_scan_state_transition
                0x000266a4      0x13c ./wlan_mac_high_framework/wlan_mac_scan.o
                0x000266a4                wlan_mac_scan_state_transition
 .text.wlan_mac_scan_init
                0x000267e0      0x17c ./wlan_mac_high_framework/wlan_mac_scan.o
                0x000267e0                wlan_mac_scan_init
 .text.wlan_mac_scan_set_state_change_callback
                0x0002695c       0x10 ./wlan_mac_high_framework/wlan_mac_scan.o
                0x0002695c                wlan_mac_scan_set_state_change_callback
 .text.wlan_mac_scan_get_parameters
                0x0002696c       0x10 ./wlan_mac_high_framework/wlan_mac_scan.o
                0x0002696c                wlan_mac_scan_get_parameters
 .text.wlan_mac_scan_start
                0x0002697c       0x64 ./wlan_mac_high_framework/wlan_mac_scan.o
                0x0002697c                wlan_mac_scan_start
 .text.wlan_mac_scan_stop
                0x000269e0       0xe4 ./wlan_mac_high_framework/wlan_mac_scan.o
                0x000269e0                wlan_mac_scan_stop
 .text.wlan_mac_scan_is_scanning
                0x00026ac4       0x24 ./wlan_mac_high_framework/wlan_mac_scan.o
                0x00026ac4                wlan_mac_scan_is_scanning
 .text.timer_interrupt_handler
                0x00026ae8       0xec ./wlan_mac_high_framework/wlan_mac_schedule.o
                0x00026ae8                timer_interrupt_handler
 .text.wlan_mac_schedule_init
                0x00026bd4      0x154 ./wlan_mac_high_framework/wlan_mac_schedule.o
                0x00026bd4                wlan_mac_schedule_init
 .text.wlan_mac_schedule_setup_interrupt
                0x00026d28       0x64 ./wlan_mac_high_framework/wlan_mac_schedule.o
                0x00026d28                wlan_mac_schedule_setup_interrupt
 .text.wlan_mac_schedule_event_repeated
                0x00026d8c      0x348 ./wlan_mac_high_framework/wlan_mac_schedule.o
                0x00026d8c                wlan_mac_schedule_event_repeated
 .text.wlan_mac_schedule_disable_id
                0x000270d4      0x140 ./wlan_mac_high_framework/wlan_mac_schedule.o
                0x000270d4                wlan_mac_schedule_disable_id
 .text.wlan_mac_schedule_enable
                0x00027214      0x16c ./wlan_mac_high_framework/wlan_mac_schedule.o
                0x00027214                wlan_mac_schedule_enable
 .text.wlan_mac_remove_schedule
                0x00027380      0x1ac ./wlan_mac_high_framework/wlan_mac_schedule.o
                0x00027380                wlan_mac_remove_schedule
 .text.schedule_handler
                0x0002752c      0x1b8 ./wlan_mac_high_framework/wlan_mac_schedule.o
                0x0002752c                schedule_handler
 .text.station_info_init
                0x000276e4      0x17c ./wlan_mac_high_framework/wlan_mac_station_info.o
                0x000276e4                station_info_init
 .text.station_info_rx_process_counts
                0x00027860       0xb4 ./wlan_mac_high_framework/wlan_mac_station_info.o
                0x00027860                station_info_rx_process_counts
 .text.station_info_print
                0x00027914      0x3a4 ./wlan_mac_high_framework/wlan_mac_station_info.o
                0x00027914                station_info_print
 .text.station_info_find_by_addr
                0x00027cb8       0xb0 ./wlan_mac_high_framework/wlan_mac_station_info.o
                0x00027cb8                station_info_find_by_addr
 .text.station_info_create
                0x00027d68      0x280 ./wlan_mac_high_framework/wlan_mac_station_info.o
                0x00027d68                station_info_create
 .text.station_info_postrx_process
                0x00027fe8       0xb4 ./wlan_mac_high_framework/wlan_mac_station_info.o
                0x00027fe8                station_info_postrx_process
 .text.station_info_posttx_process
                0x0002809c       0xb8 ./wlan_mac_high_framework/wlan_mac_station_info.o
                0x0002809c                station_info_posttx_process
 .text.station_info_txreport_process
                0x00028154       0xd4 ./wlan_mac_high_framework/wlan_mac_station_info.o
                0x00028154                station_info_txreport_process
 .text.txrx_counts_zero_all
                0x00028228       0x7c ./wlan_mac_high_framework/wlan_mac_station_info.o
                0x00028228                txrx_counts_zero_all
 .text.station_info_get_list
                0x000282a4       0x10 ./wlan_mac_high_framework/wlan_mac_station_info.o
                0x000282a4                station_info_get_list
 .text.station_info_add
                0x000282b4      0x3ac ./wlan_mac_high_framework/wlan_mac_station_info.o
                0x000282b4                station_info_add
 .text.station_info_remove
                0x00028660       0xf8 ./wlan_mac_high_framework/wlan_mac_station_info.o
                0x00028660                station_info_remove
 .text.station_info_is_member
                0x00028758       0x6c ./wlan_mac_high_framework/wlan_mac_station_info.o
                0x00028758                station_info_is_member
 .text.wlan_mac_get_default_tx_params
                0x000287c4      0x1c0 ./wlan_mac_high_framework/wlan_mac_station_info.o
                0x000287c4                wlan_mac_get_default_tx_params
 .text.wlan_mac_set_default_tx_params
                0x00028984       0xd0 ./wlan_mac_high_framework/wlan_mac_station_info.o
                0x00028984                wlan_mac_set_default_tx_params
 .text.wlan_mac_reapply_default_tx_params
                0x00028a54       0xdc ./wlan_mac_high_framework/wlan_mac_station_info.o
                0x00028a54                wlan_mac_reapply_default_tx_params
 .text.eth_init_device_info
                0x00028b30      0x290 ./wlan_mac_high_framework/wlan_exp_ip_udp/wlan_exp_ip_udp_config.o
                0x00028b30                eth_init_device_info
 .text.eth_null_interrupt_callback
                0x00028dc0        0x8 ./wlan_mac_high_framework/wlan_exp_ip_udp/wlan_exp_ip_udp_eth.o
                0x00028dc0                eth_null_interrupt_callback
 .text.eth_set_interrupt_enable_callback
                0x00028dc8       0x10 ./wlan_mac_high_framework/wlan_exp_ip_udp/wlan_exp_ip_udp_eth.o
                0x00028dc8                eth_set_interrupt_enable_callback
 .text.eth_set_interrupt_disable_callback
                0x00028dd8       0x10 ./wlan_mac_high_framework/wlan_exp_ip_udp/wlan_exp_ip_udp_eth.o
                0x00028dd8                eth_set_interrupt_disable_callback
 .text.eth_init_header
                0x00028de8       0x78 ./wlan_mac_high_framework/wlan_exp_ip_udp/wlan_exp_ip_udp_eth.o
                0x00028de8                eth_init_header
 .text.eth_update_header
                0x00028e60       0x94 ./wlan_mac_high_framework/wlan_exp_ip_udp/wlan_exp_ip_udp_eth.o
                0x00028e60                eth_update_header
 .text.eth_print_err_msg
                0x00028ef4      0x148 ./wlan_mac_high_framework/wlan_exp_ip_udp/wlan_exp_ip_udp_eth.o
                0x00028ef4                eth_print_err_msg
 .text.eth_check_dma
                0x0002903c      0x100 ./wlan_mac_high_framework/wlan_exp_ip_udp/wlan_exp_ip_udp_eth.o
                0x0002903c                eth_check_dma
 .text.eth_init_device
                0x0002913c      0x13c ./wlan_mac_high_framework/wlan_exp_ip_udp/wlan_exp_ip_udp_eth.o
                0x0002913c                eth_init_device
 .text.eth_init_dma
                0x00029278      0x30c ./wlan_mac_high_framework/wlan_exp_ip_udp/wlan_exp_ip_udp_eth.o
                0x00029278                eth_init_dma
 .text.eth_free_recv_buffers.part.1.constprop.3
                0x00029584      0x134 ./wlan_mac_high_framework/wlan_exp_ip_udp/wlan_exp_ip_udp_eth.o
 .text.eth_start_device
                0x000296b8       0xf8 ./wlan_mac_high_framework/wlan_exp_ip_udp/wlan_exp_ip_udp_eth.o
                0x000296b8                eth_start_device
 .text.eth_set_ip_addr
                0x000297b0      0x100 ./wlan_mac_high_framework/wlan_exp_ip_udp/wlan_exp_ip_udp_eth.o
                0x000297b0                eth_set_ip_addr
 .text.eth_set_mac_operating_speed
                0x000298b0       0xa4 ./wlan_mac_high_framework/wlan_exp_ip_udp/wlan_exp_ip_udp_eth.o
                0x000298b0                eth_set_mac_operating_speed
 .text.eth_write_phy_reg
                0x00029954       0xa4 ./wlan_mac_high_framework/wlan_exp_ip_udp/wlan_exp_ip_udp_eth.o
                0x00029954                eth_write_phy_reg
 .text.eth_read_phy_reg
                0x000299f8       0xa4 ./wlan_mac_high_framework/wlan_exp_ip_udp/wlan_exp_ip_udp_eth.o
                0x000299f8                eth_read_phy_reg
 .text.eth_free_recv_buffers
                0x00029a9c      0x1b0 ./wlan_mac_high_framework/wlan_exp_ip_udp/wlan_exp_ip_udp_eth.o
                0x00029a9c                eth_free_recv_buffers
 .text.eth_init
                0x00029c4c      0x29c ./wlan_mac_high_framework/wlan_exp_ip_udp/wlan_exp_ip_udp_eth.o
                0x00029c4c                eth_init
 .text.eth_recv_frame
                0x00029ee8      0x2dc ./wlan_mac_high_framework/wlan_exp_ip_udp/wlan_exp_ip_udp_eth.o
                0x00029ee8                eth_recv_frame
 .text.eth_send_frame
                0x0002a1c4      0x630 ./wlan_mac_high_framework/wlan_exp_ip_udp/wlan_exp_ip_udp_eth.o
                0x0002a1c4                eth_send_frame
 .text.wlan_exp_ip_udp_init
                0x0002a7f4      0x1fc ./wlan_mac_high_framework/wlan_exp_ip_udp/wlan_exp_ip_udp_init.o
                0x0002a7f4                wlan_exp_ip_udp_init
 .text.ipv4_init
                0x0002a9f0       0x10 ./wlan_mac_high_framework/wlan_exp_ip_udp/wlan_exp_ip_udp_ip_udp.o
                0x0002a9f0                ipv4_init
 .text.ipv4_init_header
                0x0002aa00       0x48 ./wlan_mac_high_framework/wlan_exp_ip_udp/wlan_exp_ip_udp_ip_udp.o
                0x0002aa00                ipv4_init_header
 .text.ipv4_update_header
                0x0002aa48      0x1c4 ./wlan_mac_high_framework/wlan_exp_ip_udp/wlan_exp_ip_udp_ip_udp.o
                0x0002aa48                ipv4_update_header
 .text.udp_init_header
                0x0002ac0c       0x30 ./wlan_mac_high_framework/wlan_exp_ip_udp/wlan_exp_ip_udp_ip_udp.o
                0x0002ac0c                udp_init_header
 .text.udp_update_header
                0x0002ac3c       0x38 ./wlan_mac_high_framework/wlan_exp_ip_udp/wlan_exp_ip_udp_ip_udp.o
                0x0002ac3c                udp_update_header
 .text.arp_reply
                0x0002ac74      0x338 ./wlan_mac_high_framework/wlan_exp_ip_udp/wlan_exp_ip_udp_ip_udp.o
                0x0002ac74                arp_reply
 .text.arp_get_hw_addr
                0x0002afac      0x548 ./wlan_mac_high_framework/wlan_exp_ip_udp/wlan_exp_ip_udp_ip_udp.o
                0x0002afac                arp_get_hw_addr
 .text.arp_update_cache
                0x0002b4f4      0x7a0 ./wlan_mac_high_framework/wlan_exp_ip_udp/wlan_exp_ip_udp_ip_udp.o
                0x0002b4f4                arp_update_cache
 .text.arp_process_packet
                0x0002bc94      0x100 ./wlan_mac_high_framework/wlan_exp_ip_udp/wlan_exp_ip_udp_ip_udp.o
                0x0002bc94                arp_process_packet
 .text.imcp_echo_reply
                0x0002bd94      0x400 ./wlan_mac_high_framework/wlan_exp_ip_udp/wlan_exp_ip_udp_ip_udp.o
                0x0002bd94                imcp_echo_reply
 .text.ipv4_process_packet
                0x0002c194      0x1a4 ./wlan_mac_high_framework/wlan_exp_ip_udp/wlan_exp_ip_udp_ip_udp.o
                0x0002c194                ipv4_process_packet
 .text.socket_socket
                0x0002c338       0x9c ./wlan_mac_high_framework/wlan_exp_ip_udp/wlan_exp_ip_udp_socket.o
                0x0002c338                socket_socket
 .text.socket_bind_eth
                0x0002c3d4       0xf8 ./wlan_mac_high_framework/wlan_exp_ip_udp/wlan_exp_ip_udp_socket.o
                0x0002c3d4                socket_bind_eth
 .text.socket_close
                0x0002c4cc       0x3c ./wlan_mac_high_framework/wlan_exp_ip_udp/wlan_exp_ip_udp_socket.o
                0x0002c4cc                socket_close
 .text.socket_sendto
                0x0002c508      0x15c ./wlan_mac_high_framework/wlan_exp_ip_udp/wlan_exp_ip_udp_socket.o
                0x0002c508                socket_sendto
 .text.socket_sendto_raw
                0x0002c664       0x64 ./wlan_mac_high_framework/wlan_exp_ip_udp/wlan_exp_ip_udp_socket.o
                0x0002c664                socket_sendto_raw
 .text.socket_recvfrom_eth
                0x0002c6c8      0x214 ./wlan_mac_high_framework/wlan_exp_ip_udp/wlan_exp_ip_udp_socket.o
                0x0002c6c8                socket_recvfrom_eth
 .text.socket_alloc_send_buffer
                0x0002c8dc       0xa4 ./wlan_mac_high_framework/wlan_exp_ip_udp/wlan_exp_ip_udp_socket.o
                0x0002c8dc                socket_alloc_send_buffer
 .text.socket_free_send_buffer
                0x0002c980       0x24 ./wlan_mac_high_framework/wlan_exp_ip_udp/wlan_exp_ip_udp_socket.o
                0x0002c980                socket_free_send_buffer
 .text.socket_free_recv_buffer
                0x0002c9a4       0x54 ./wlan_mac_high_framework/wlan_exp_ip_udp/wlan_exp_ip_udp_socket.o
                0x0002c9a4                socket_free_recv_buffer
 .text.socket_find_index_by_eth
                0x0002c9f8      0x124 ./wlan_mac_high_framework/wlan_exp_ip_udp/wlan_exp_ip_udp_socket.o
                0x0002c9f8                socket_find_index_by_eth
 .text.socket_get_eth_dev_num
                0x0002cb1c       0x38 ./wlan_mac_high_framework/wlan_exp_ip_udp/wlan_exp_ip_udp_socket.o
                0x0002cb1c                socket_get_eth_dev_num
 .text.socket_get_wlan_exp_ip_udp_header
                0x0002cb54       0x34 ./wlan_mac_high_framework/wlan_exp_ip_udp/wlan_exp_ip_udp_socket.o
                0x0002cb54                socket_get_wlan_exp_ip_udp_header
 .text.wlan_mac_common_malloc_init
                0x0002cb88       0x70 ./wlan_mac_common_framework/wlan_mac_common.o
                0x0002cb88                wlan_mac_common_malloc_init
 .text.wlan_null_callback
                0x0002cbf8        0x8 ./wlan_mac_common_framework/wlan_mac_common.o
                0x0002cbf8                wlan_null_callback
 .text.wlan_verify_channel
                0x0002cc00       0x28 ./wlan_mac_common_framework/wlan_mac_common.o
                0x0002cc00                wlan_verify_channel
 .text.init_mac_hw_info
                0x0002cc28       0x60 ./wlan_mac_common_framework/wlan_mac_common.o
                0x0002cc28                init_mac_hw_info
 .text.wlan_mac_time_to_hr_min_sec
                0x0002cc88       0xe8 ./wlan_mac_common_framework/wlan_mac_common.o
                0x0002cc88                wlan_mac_time_to_hr_min_sec
 .text.get_mac_hw_info
                0x0002cd70       0x10 ./wlan_mac_common_framework/wlan_mac_common.o
                0x0002cd70                get_mac_hw_info
 .text.get_mac_hw_addr_wlan
                0x0002cd80       0x10 ./wlan_mac_common_framework/wlan_mac_common.o
                0x0002cd80                get_mac_hw_addr_wlan
 .text.dl_list_init
                0x0002cd90       0x44 ./wlan_mac_common_framework/wlan_mac_dl_list.o
                0x0002cd90                dl_list_init
 .text.dl_entry_insertBefore
                0x0002cdd4       0x64 ./wlan_mac_common_framework/wlan_mac_dl_list.o
                0x0002cdd4                dl_entry_insertBefore
 .text.dl_entry_insertBeginning
                0x0002ce38       0x94 ./wlan_mac_common_framework/wlan_mac_dl_list.o
                0x0002ce38                dl_entry_insertBeginning
 .text.dl_entry_insertEnd
                0x0002cecc       0xc8 ./wlan_mac_common_framework/wlan_mac_dl_list.o
                0x0002cecc                dl_entry_insertEnd
 .text.dl_entry_move
                0x0002cf94       0xac ./wlan_mac_common_framework/wlan_mac_dl_list.o
                0x0002cf94                dl_entry_move
 .text.dl_entry_remove
                0x0002d040       0x98 ./wlan_mac_common_framework/wlan_mac_dl_list.o