
**** Build of configuration Debug for project wlan_mac_low_dcf ****

make -j all 
Building file: C:/Users/SOYO/Mango_802.11_RefDes_v1.7.1/EDK_Projects/Mango_802.11_RefDes_v1.7.1/SDK_Workspace/svn_src/wlan_w3_low/w3_low.c
Building file: C:/Users/SOYO/Mango_802.11_RefDes_v1.7.1/EDK_Projects/Mango_802.11_RefDes_v1.7.1/SDK_Workspace/svn_src/wlan_w3_low/w3_phy_util.c
Building file: C:/Users/SOYO/Mango_802.11_RefDes_v1.7.1/EDK_Projects/Mango_802.11_RefDes_v1.7.1/SDK_Workspace/svn_src/wlan_w3_common/w3_common.c
Building file: C:/Users/SOYO/Mango_802.11_RefDes_v1.7.1/EDK_Projects/Mango_802.11_RefDes_v1.7.1/SDK_Workspace/svn_src/wlan_w3_common/w3_mac_time_util.c
Building file: C:/Users/SOYO/Mango_802.11_RefDes_v1.7.1/EDK_Projects/Mango_802.11_RefDes_v1.7.1/SDK_Workspace/svn_src/wlan_w3_common/w3_sysmon_util.c
Building file: C:/Users/SOYO/Mango_802.11_RefDes_v1.7.1/EDK_Projects/Mango_802.11_RefDes_v1.7.1/SDK_Workspace/svn_src/wlan_w3_common/w3_userio_util.c
Building file: C:/Users/SOYO/Mango_802.11_RefDes_v1.7.1/EDK_Projects/Mango_802.11_RefDes_v1.7.1/SDK_Workspace/svn_src/wlan_mac_low_framework/wlan_mac_low.c
Building file: C:/Users/SOYO/Mango_802.11_RefDes_v1.7.1/EDK_Projects/Mango_802.11_RefDes_v1.7.1/SDK_Workspace/svn_src/wlan_mac_low_framework/wlan_phy_util.c
Building file: C:/Users/SOYO/Mango_802.11_RefDes_v1.7.1/EDK_Projects/Mango_802.11_RefDes_v1.7.1/SDK_Workspace/svn_src/wlan_mac_common_framework/wlan_mac_common.c
Building file: C:/Users/SOYO/Mango_802.11_RefDes_v1.7.1/EDK_Projects/Mango_802.11_RefDes_v1.7.1/SDK_Workspace/svn_src/wlan_mac_common_framework/wlan_mac_dl_list.c
Building file: C:/Users/SOYO/Mango_802.11_RefDes_v1.7.1/EDK_Projects/Mango_802.11_RefDes_v1.7.1/SDK_Workspace/svn_src/wlan_mac_common_framework/wlan_mac_mailbox_util.c
Building file: C:/Users/SOYO/Mango_802.11_RefDes_v1.7.1/EDK_Projects/Mango_802.11_RefDes_v1.7.1/SDK_Workspace/svn_src/wlan_mac_common_framework/wlan_mac_pkt_buf_util.c
Building file: C:/Users/SOYO/Mango_802.11_RefDes_v1.7.1/EDK_Projects/Mango_802.11_RefDes_v1.7.1/SDK_Workspace/svn_src/wlan_mac_low_dcf/wlan_mac_dcf.c
Invoking: MicroBlaze gcc compiler
Invoking: MicroBlaze gcc compiler
Invoking: MicroBlaze gcc compiler
Invoking: MicroBlaze gcc compiler
Invoking: MicroBlaze gcc compiler
Invoking: MicroBlaze gcc compiler
Invoking: MicroBlaze gcc compiler
Invoking: MicroBlaze gcc compiler
Invoking: MicroBlaze gcc compiler
Invoking: MicroBlaze gcc compiler
Invoking: MicroBlaze gcc compiler
Invoking: MicroBlaze gcc compiler
mb-gcc -Wall -O3 -g -I"C:\Users\SOYO\Mango_802.11_RefDes_v1.7.1\EDK_Projects\Mango_802.11_RefDes_v1.7.1\SDK_Workspace\svn_src\wlan_mac_low_dcf\include" -I"C:\Users\SOYO\Mango_802.11_RefDes_v1.7.1\EDK_Projects\Mango_802.11_RefDes_v1.7.1\SDK_Workspace\svn_src\wlan_w3_common\include" -I"C:\Users\SOYO\Mango_802.11_RefDes_v1.7.1\EDK_Projects\Mango_802.11_RefDes_v1.7.1\SDK_Workspace\svn_src\wlan_w3_low\include" -I"C:\Users\SOYO\Mango_802.11_RefDes_v1.7.1\EDK_Projects\Mango_802.11_RefDes_v1.7.1\SDK_Workspace\svn_src\wlan_mac_common_framework\include" -I"C:\Users\SOYO\Mango_802.11_RefDes_v1.7.1\EDK_Projects\Mango_802.11_RefDes_v1.7.1\SDK_Workspace\svn_src\wlan_mac_low_framework\include" -I../../wlan_bsp_cpu_low/mb_low/include -fdata-sections -ffunction-sections  -c -fmessage-length=0 -Wclobbered -Wempty-body -Wmissing-field-initializers -Wmissing-parameter-type -Wold-style-declaration -Woverride-init -Wtype-limits -Wuninitialized -Wunused-but-set-parameter -Wformat -Wstrict-aliasing -Wshadow -Wl,--no-relax -I../../wlan_bsp_cpu_low/mb_low/include -mlittle-endian -mxl-barrel-shift -mxl-pattern-compare -mno-xl-soft-div -mcpu=v8.40.b -mno-xl-soft-mul -MMD -MP -MF"wlan_platform_low/w3_low.d" -MT"wlan_platform_low/w3_low.d" -o"wlan_platform_low/w3_low.o" "C:/Users/SOYO/Mango_802.11_RefDes_v1.7.1/EDK_Projects/Mango_802.11_RefDes_v1.7.1/SDK_Workspace/svn_src/wlan_w3_low/w3_low.c"
Invoking: MicroBlaze gcc compiler
mb-gcc -Wall -O3 -g -I"C:\Users\SOYO\Mango_802.11_RefDes_v1.7.1\EDK_Projects\Mango_802.11_RefDes_v1.7.1\SDK_Workspace\svn_src\wlan_mac_low_dcf\include" -I"C:\Users\SOYO\Mango_802.11_RefDes_v1.7.1\EDK_Projects\Mango_802.11_RefDes_v1.7.1\SDK_Workspace\svn_src\wlan_w3_common\include" -I"C:\Users\SOYO\Mango_802.11_RefDes_v1.7.1\EDK_Projects\Mango_802.11_RefDes_v1.7.1\SDK_Workspace\svn_src\wlan_w3_low\include" -I"C:\Users\SOYO\Mango_802.11_RefDes_v1.7.1\EDK_Projects\Mango_802.11_RefDes_v1.7.1\SDK_Workspace\svn_src\wlan_mac_common_framework\include" -I"C:\Users\SOYO\Mango_802.11_RefDes_v1.7.1\EDK_Projects\Mango_802.11_RefDes_v1.7.1\SDK_Workspace\svn_src\wlan_mac_low_framework\include" -I../../wlan_bsp_cpu_low/mb_low/include -fdata-sections -ffunction-sections  -c -fmessage-length=0 -Wclobbered -Wempty-body -Wmissing-field-initializers -Wmissing-parameter-type -Wold-style-declaration -Woverride-init -Wtype-limits -Wuninitialized -Wunused-but-set-parameter -Wformat -Wstrict-aliasing -Wshadow -Wl,--no-relax -I../../wlan_bsp_cpu_low/mb_low/include -mlittle-endian -mxl-barrel-shift -mxl-pattern-compare -mno-xl-soft-div -mcpu=v8.40.b -mno-xl-soft-mul -MMD -MP -MF"wlan_platform_low/w3_phy_util.d" -MT"wlan_platform_low/w3_phy_util.d" -o"wlan_platform_low/w3_phy_util.o" "C:/Users/SOYO/Mango_802.11_RefDes_v1.7.1/EDK_Projects/Mango_802.11_RefDes_v1.7.1/SDK_Workspace/svn_src/wlan_w3_low/w3_phy_util.c"
mb-gcc -Wall -O3 -g -I"C:\Users\SOYO\Mango_802.11_RefDes_v1.7.1\EDK_Projects\Mango_802.11_RefDes_v1.7.1\SDK_Workspace\svn_src\wlan_mac_low_dcf\include" -I"C:\Users\SOYO\Mango_802.11_RefDes_v1.7.1\EDK_Projects\Mango_802.11_RefDes_v1.7.1\SDK_Workspace\svn_src\wlan_w3_common\include" -I"C:\Users\SOYO\Mango_802.11_RefDes_v1.7.1\EDK_Projects\Mango_802.11_RefDes_v1.7.1\SDK_Workspace\svn_src\wlan_w3_low\include" -I"C:\Users\SOYO\Mango_802.11_RefDes_v1.7.1\EDK_Projects\Mango_802.11_RefDes_v1.7.1\SDK_Workspace\svn_src\wlan_mac_common_framework\include" -I"C:\Users\SOYO\Mango_802.11_RefDes_v1.7.1\EDK_Projects\Mango_802.11_RefDes_v1.7.1\SDK_Workspace\svn_src\wlan_mac_low_framework\include" -I../../wlan_bsp_cpu_low/mb_low/include -fdata-sections -ffunction-sections  -c -fmessage-length=0 -Wclobbered -Wempty-body -Wmissing-field-initializers -Wmissing-parameter-type -Wold-style-declaration -Woverride-init -Wtype-limits -Wuninitialized -Wunused-but-set-parameter -Wformat -Wstrict-aliasing -Wshadow -Wl,--no-relax -I../../wlan_bsp_cpu_low/mb_low/include -mlittle-endian -mxl-barrel-shift -mxl-pattern-compare -mno-xl-soft-div -mcpu=v8.40.b -mno-xl-soft-mul -MMD -MP -MF"wlan_platform_common/w3_common.d" -MT"wlan_platform_common/w3_common.d" -o"wlan_platform_common/w3_common.o" "C:/Users/SOYO/Mango_802.11_RefDes_v1.7.1/EDK_Projects/Mango_802.11_RefDes_v1.7.1/SDK_Workspace/svn_src/wlan_w3_common/w3_common.c"
mb-gcc -Wall -O3 -g -I"C:\Users\SOYO\Mango_802.11_RefDes_v1.7.1\EDK_Projects\Mango_802.11_RefDes_v1.7.1\SDK_Workspace\svn_src\wlan_mac_low_dcf\include" -I"C:\Users\SOYO\Mango_802.11_RefDes_v1.7.1\EDK_Projects\Mango_802.11_RefDes_v1.7.1\SDK_Workspace\svn_src\wlan_w3_common\include" -I"C:\Users\SOYO\Mango_802.11_RefDes_v1.7.1\EDK_Projects\Mango_802.11_RefDes_v1.7.1\SDK_Workspace\svn_src\wlan_w3_low\include" -I"C:\Users\SOYO\Mango_802.11_RefDes_v1.7.1\EDK_Projects\Mango_802.11_RefDes_v1.7.1\SDK_Workspace\svn_src\wlan_mac_common_framework\include" -I"C:\Users\SOYO\Mango_802.11_RefDes_v1.7.1\EDK_Projects\Mango_802.11_RefDes_v1.7.1\SDK_Workspace\svn_src\wlan_mac_low_framework\include" -I../../wlan_bsp_cpu_low/mb_low/include -fdata-sections -ffunction-sections  -c -fmessage-length=0 -Wclobbered -Wempty-body -Wmissing-field-initializers -Wmissing-parameter-type -Wold-style-declaration -Woverride-init -Wtype-limits -Wuninitialized -Wunused-but-set-parameter -Wformat -Wstrict-aliasing -Wshadow -Wl,--no-relax -I../../wlan_bsp_cpu_low/mb_low/include -mlittle-endian -mxl-barrel-shift -mxl-pattern-compare -mno-xl-soft-div -mcpu=v8.40.b -mno-xl-soft-mul -MMD -MP -MF"wlan_platform_common/w3_mac_time_util.d" -MT"wlan_platform_common/w3_mac_time_util.d" -o"wlan_platform_common/w3_mac_time_util.o" "C:/Users/SOYO/Mango_802.11_RefDes_v1.7.1/EDK_Projects/Mango_802.11_RefDes_v1.7.1/SDK_Workspace/svn_src/wlan_w3_common/w3_mac_time_util.c"
mb-gcc -Wall -O3 -g -I"C:\Users\SOYO\Mango_802.11_RefDes_v1.7.1\EDK_Projects\Mango_802.11_RefDes_v1.7.1\SDK_Workspace\svn_src\wlan_mac_low_dcf\include" -I"C:\Users\SOYO\Mango_802.11_RefDes_v1.7.1\EDK_Projects\Mango_802.11_RefDes_v1.7.1\SDK_Workspace\svn_src\wlan_w3_common\include" -I"C:\Users\SOYO\Mango_802.11_RefDes_v1.7.1\EDK_Projects\Mango_802.11_RefDes_v1.7.1\SDK_Workspace\svn_src\wlan_w3_low\include" -I"C:\Users\SOYO\Mango_802.11_RefDes_v1.7.1\EDK_Projects\Mango_802.11_RefDes_v1.7.1\SDK_Workspace\svn_src\wlan_mac_common_framework\include" -I"C:\Users\SOYO\Mango_802.11_RefDes_v1.7.1\EDK_Projects\Mango_802.11_RefDes_v1.7.1\SDK_Workspace\svn_src\wlan_mac_low_framework\include" -I../../wlan_bsp_cpu_low/mb_low/include -fdata-sections -ffunction-sections  -c -fmessage-length=0 -Wclobbered -Wempty-body -Wmissing-field-initializers -Wmissing-parameter-type -Wold-style-declaration -Woverride-init -Wtype-limits -Wuninitialized -Wunused-but-set-parameter -Wformat -Wstrict-aliasing -Wshadow -Wl,--no-relax -I../../wlan_bsp_cpu_low/mb_low/include -mlittle-endian -mxl-barrel-shift -mxl-pattern-compare -mno-xl-soft-div -mcpu=v8.40.b -mno-xl-soft-mul -MMD -MP -MF"wlan_platform_common/w3_sysmon_util.d" -MT"wlan_platform_common/w3_sysmon_util.d" -o"wlan_platform_common/w3_sysmon_util.o" "C:/Users/SOYO/Mango_802.11_RefDes_v1.7.1/EDK_Projects/Mango_802.11_RefDes_v1.7.1/SDK_Workspace/svn_src/wlan_w3_common/w3_sysmon_util.c"
mb-gcc -Wall -O3 -g -I"C:\Users\SOYO\Mango_802.11_RefDes_v1.7.1\EDK_Projects\Mango_802.11_RefDes_v1.7.1\SDK_Workspace\svn_src\wlan_mac_low_dcf\include" -I"C:\Users\SOYO\Mango_802.11_RefDes_v1.7.1\EDK_Projects\Mango_802.11_RefDes_v1.7.1\SDK_Workspace\svn_src\wlan_w3_common\include" -I"C:\Users\SOYO\Mango_802.11_RefDes_v1.7.1\EDK_Projects\Mango_802.11_RefDes_v1.7.1\SDK_Workspace\svn_src\wlan_w3_low\include" -I"C:\Users\SOYO\Mango_802.11_RefDes_v1.7.1\EDK_Projects\Mango_802.11_RefDes_v1.7.1\SDK_Workspace\svn_src\wlan_mac_common_framework\include" -I"C:\Users\SOYO\Mango_802.11_RefDes_v1.7.1\EDK_Projects\Mango_802.11_RefDes_v1.7.1\SDK_Workspace\svn_src\wlan_mac_low_framework\include" -I../../wlan_bsp_cpu_low/mb_low/include -fdata-sections -ffunction-sections  -c -fmessage-length=0 -Wclobbered -Wempty-body -Wmissing-field-initializers -Wmissing-parameter-type -Wold-style-declaration -Woverride-init -Wtype-limits -Wuninitialized -Wunused-but-set-parameter -Wformat -Wstrict-aliasing -Wshadow -Wl,--no-relax -I../../wlan_bsp_cpu_low/mb_low/include -mlittle-endian -mxl-barrel-shift -mxl-pattern-compare -mno-xl-soft-div -mcpu=v8.40.b -mno-xl-soft-mul -MMD -MP -MF"wlan_platform_common/w3_userio_util.d" -MT"wlan_platform_common/w3_userio_util.d" -o"wlan_platform_common/w3_userio_util.o" "C:/Users/SOYO/Mango_802.11_RefDes_v1.7.1/EDK_Projects/Mango_802.11_RefDes_v1.7.1/SDK_Workspace/svn_src/wlan_w3_common/w3_userio_util.c"
mb-gcc -Wall -O3 -g -I"C:\Users\SOYO\Mango_802.11_RefDes_v1.7.1\EDK_Projects\Mango_802.11_RefDes_v1.7.1\SDK_Workspace\svn_src\wlan_mac_low_dcf\include" -I"C:\Users\SOYO\Mango_802.11_RefDes_v1.7.1\EDK_Projects\Mango_802.11_RefDes_v1.7.1\SDK_Workspace\svn_src\wlan_w3_common\include" -I"C:\Users\SOYO\Mango_802.11_RefDes_v1.7.1\EDK_Projects\Mango_802.11_RefDes_v1.7.1\SDK_Workspace\svn_src\wlan_w3_low\include" -I"C:\Users\SOYO\Mango_802.11_RefDes_v1.7.1\EDK_Projects\Mango_802.11_RefDes_v1.7.1\SDK_Workspace\svn_src\wlan_mac_common_framework\include" -I"C:\Users\SOYO\Mango_802.11_RefDes_v1.7.1\EDK_Projects\Mango_802.11_RefDes_v1.7.1\SDK_Workspace\svn_src\wlan_mac_low_framework\include" -I../../wlan_bsp_cpu_low/mb_low/include -fdata-sections -ffunction-sections  -c -fmessage-length=0 -Wclobbered -Wempty-body -Wmissing-field-initializers -Wmissing-parameter-type -Wold-style-declaration -Woverride-init -Wtype-limits -Wuninitialized -Wunused-but-set-parameter -Wformat -Wstrict-aliasing -Wshadow -Wl,--no-relax -I../../wlan_bsp_cpu_low/mb_low/include -mlittle-endian -mxl-barrel-shift -mxl-pattern-compare -mno-xl-soft-div -mcpu=v8.40.b -mno-xl-soft-mul -MMD -MP -MF"wlan_mac_low_framework/wlan_mac_low.d" -MT"wlan_mac_low_framework/wlan_mac_low.d" -o"wlan_mac_low_framework/wlan_mac_low.o" "C:/Users/SOYO/Mango_802.11_RefDes_v1.7.1/EDK_Projects/Mango_802.11_RefDes_v1.7.1/SDK_Workspace/svn_src/wlan_mac_low_framework/wlan_mac_low.c"
mb-gcc -Wall -O3 -g -I"C:\Users\SOYO\Mango_802.11_RefDes_v1.7.1\EDK_Projects\Mango_802.11_RefDes_v1.7.1\SDK_Workspace\svn_src\wlan_mac_low_dcf\include" -I"C:\Users\SOYO\Mango_802.11_RefDes_v1.7.1\EDK_Projects\Mango_802.11_RefDes_v1.7.1\SDK_Workspace\svn_src\wlan_w3_common\include" -I"C:\Users\SOYO\Mango_802.11_RefDes_v1.7.1\EDK_Projects\Mango_802.11_RefDes_v1.7.1\SDK_Workspace\svn_src\wlan_w3_low\include" -I"C:\Users\SOYO\Mango_802.11_RefDes_v1.7.1\EDK_Projects\Mango_802.11_RefDes_v1.7.1\SDK_Workspace\svn_src\wlan_mac_common_framework\include" -I"C:\Users\SOYO\Mango_802.11_RefDes_v1.7.1\EDK_Projects\Mango_802.11_RefDes_v1.7.1\SDK_Workspace\svn_src\wlan_mac_low_framework\include" -I../../wlan_bsp_cpu_low/mb_low/include -fdata-sections -ffunction-sections  -c -fmessage-length=0 -Wclobbered -Wempty-body -Wmissing-field-initializers -Wmissing-parameter-type -Wold-style-declaration -Woverride-init -Wtype-limits -Wuninitialized -Wunused-but-set-parameter -Wformat -Wstrict-aliasing -Wshadow -Wl,--no-relax -I../../wlan_bsp_cpu_low/mb_low/include -mlittle-endian -mxl-barrel-shift -mxl-pattern-compare -mno-xl-soft-div -mcpu=v8.40.b -mno-xl-soft-mul -MMD -MP -MF"wlan_mac_low_framework/wlan_phy_util.d" -MT"wlan_mac_low_framework/wlan_phy_util.d" -o"wlan_mac_low_framework/wlan_phy_util.o" "C:/Users/SOYO/Mango_802.11_RefDes_v1.7.1/EDK_Projects/Mango_802.11_RefDes_v1.7.1/SDK_Workspace/svn_src/wlan_mac_low_framework/wlan_phy_util.c"
mb-gcc -Wall -O3 -g -I"C:\Users\SOYO\Mango_802.11_RefDes_v1.7.1\EDK_Projects\Mango_802.11_RefDes_v1.7.1\SDK_Workspace\svn_src\wlan_mac_low_dcf\include" -I"C:\Users\SOYO\Mango_802.11_RefDes_v1.7.1\EDK_Projects\Mango_802.11_RefDes_v1.7.1\SDK_Workspace\svn_src\wlan_w3_common\include" -I"C:\Users\SOYO\Mango_802.11_RefDes_v1.7.1\EDK_Projects\Mango_802.11_RefDes_v1.7.1\SDK_Workspace\svn_src\wlan_w3_low\include" -I"C:\Users\SOYO\Mango_802.11_RefDes_v1.7.1\EDK_Projects\Mango_802.11_RefDes_v1.7.1\SDK_Workspace\svn_src\wlan_mac_common_framework\include" -I"C:\Users\SOYO\Mango_802.11_RefDes_v1.7.1\EDK_Projects\Mango_802.11_RefDes_v1.7.1\SDK_Workspace\svn_src\wlan_mac_low_framework\include" -I../../wlan_bsp_cpu_low/mb_low/include -fdata-sections -ffunction-sections  -c -fmessage-length=0 -Wclobbered -Wempty-body -Wmissing-field-initializers -Wmissing-parameter-type -Wold-style-declaration -Woverride-init -Wtype-limits -Wuninitialized -Wunused-but-set-parameter -Wformat -Wstrict-aliasing -Wshadow -Wl,--no-relax -I../../wlan_bsp_cpu_low/mb_low/include -mlittle-endian -mxl-barrel-shift -mxl-pattern-compare -mno-xl-soft-div -mcpu=v8.40.b -mno-xl-soft-mul -MMD -MP -MF"wlan_mac_common_framework/wlan_mac_common.d" -MT"wlan_mac_common_framework/wlan_mac_common.d" -o"wlan_mac_common_framework/wlan_mac_common.o" "C:/Users/SOYO/Mango_802.11_RefDes_v1.7.1/EDK_Projects/Mango_802.11_RefDes_v1.7.1/SDK_Workspace/svn_src/wlan_mac_common_framework/wlan_mac_common.c"
mb-gcc -Wall -O3 -g -I"C:\Users\SOYO\Mango_802.11_RefDes_v1.7.1\EDK_Projects\Mango_802.11_RefDes_v1.7.1\SDK_Workspace\svn_src\wlan_mac_low_dcf\include" -I"C:\Users\SOYO\Mango_802.11_RefDes_v1.7.1\EDK_Projects\Mango_802.11_RefDes_v1.7.1\SDK_Workspace\svn_src\wlan_w3_common\include" -I"C:\Users\SOYO\Mango_802.11_RefDes_v1.7.1\EDK_Projects\Mango_802.11_RefDes_v1.7.1\SDK_Workspace\svn_src\wlan_w3_low\include" -I"C:\Users\SOYO\Mango_802.11_RefDes_v1.7.1\EDK_Projects\Mango_802.11_RefDes_v1.7.1\SDK_Workspace\svn_src\wlan_mac_common_framework\include" -I"C:\Users\SOYO\Mango_802.11_RefDes_v1.7.1\EDK_Projects\Mango_802.11_RefDes_v1.7.1\SDK_Workspace\svn_src\wlan_mac_low_framework\include" -I../../wlan_bsp_cpu_low/mb_low/include -fdata-sections -ffunction-sections  -c -fmessage-length=0 -Wclobbered -Wempty-body -Wmissing-field-initializers -Wmissing-parameter-type -Wold-style-declaration -Woverride-init -Wtype-limits -Wuninitialized -Wunused-but-set-parameter -Wformat -Wstrict-aliasing -Wshadow -Wl,--no-relax -I../../wlan_bsp_cpu_low/mb_low/include -mlittle-endian -mxl-barrel-shift -mxl-pattern-compare -mno-xl-soft-div -mcpu=v8.40.b -mno-xl-soft-mul -MMD -MP -MF"wlan_mac_common_framework/wlan_mac_dl_list.d" -MT"wlan_mac_common_framework/wlan_mac_dl_list.d" -o"wlan_mac_common_framework/wlan_mac_dl_list.o" "C:/Users/SOYO/Mango_802.11_RefDes_v1.7.1/EDK_Projects/Mango_802.11_RefDes_v1.7.1/SDK_Workspace/svn_src/wlan_mac_common_framework/wlan_mac_dl_list.c"
mb-gcc -Wall -O3 -g -I"C:\Users\SOYO\Mango_802.11_RefDes_v1.7.1\EDK_Projects\Mango_802.11_RefDes_v1.7.1\SDK_Workspace\svn_src\wlan_mac_low_dcf\include" -I"C:\Users\SOYO\Mango_802.11_RefDes_v1.7.1\EDK_Projects\Mango_802.11_RefDes_v1.7.1\SDK_Workspace\svn_src\wlan_w3_common\include" -I"C:\Users\SOYO\Mango_802.11_RefDes_v1.7.1\EDK_Projects\Mango_802.11_RefDes_v1.7.1\SDK_Workspace\svn_src\wlan_w3_low\include" -I"C:\Users\SOYO\Mango_802.11_RefDes_v1.7.1\EDK_Projects\Mango_802.11_RefDes_v1.7.1\SDK_Workspace\svn_src\wlan_mac_common_framework\include" -I"C:\Users\SOYO\Mango_802.11_RefDes_v1.7.1\EDK_Projects\Mango_802.11_RefDes_v1.7.1\SDK_Workspace\svn_src\wlan_mac_low_framework\include" -I../../wlan_bsp_cpu_low/mb_low/include -fdata-sections -ffunction-sections  -c -fmessage-length=0 -Wclobbered -Wempty-body -Wmissing-field-initializers -Wmissing-parameter-type -Wold-style-declaration -Woverride-init -Wtype-limits -Wuninitialized -Wunused-but-set-parameter -Wformat -Wstrict-aliasing -Wshadow -Wl,--no-relax -I../../wlan_bsp_cpu_low/mb_low/include -mlittle-endian -mxl-barrel-shift -mxl-pattern-compare -mno-xl-soft-div -mcpu=v8.40.b -mno-xl-soft-mul -MMD -MP -MF"wlan_mac_common_framework/wlan_mac_mailbox_util.d" -MT"wlan_mac_common_framework/wlan_mac_mailbox_util.d" -o"wlan_mac_common_framework/wlan_mac_mailbox_util.o" "C:/Users/SOYO/Mango_802.11_RefDes_v1.7.1/EDK_Projects/Mango_802.11_RefDes_v1.7.1/SDK_Workspace/svn_src/wlan_mac_common_framework/wlan_mac_mailbox_util.c"
mb-gcc -Wall -O3 -g -I"C:\Users\SOYO\Mango_802.11_RefDes_v1.7.1\EDK_Projects\Mango_802.11_RefDes_v1.7.1\SDK_Workspace\svn_src\wlan_mac_low_dcf\include" -I"C:\Users\SOYO\Mango_802.11_RefDes_v1.7.1\EDK_Projects\Mango_802.11_RefDes_v1.7.1\SDK_Workspace\svn_src\wlan_w3_common\include" -I"C:\Users\SOYO\Mango_802.11_RefDes_v1.7.1\EDK_Projects\Mango_802.11_RefDes_v1.7.1\SDK_Workspace\svn_src\wlan_w3_low\include" -I"C:\Users\SOYO\Mango_802.11_RefDes_v1.7.1\EDK_Projects\Mango_802.11_RefDes_v1.7.1\SDK_Workspace\svn_src\wlan_mac_common_framework\include" -I"C:\Users\SOYO\Mango_802.11_RefDes_v1.7.1\EDK_Projects\Mango_802.11_RefDes_v1.7.1\SDK_Workspace\svn_src\wlan_mac_low_framework\include" -I../../wlan_bsp_cpu_low/mb_low/include -fdata-sections -ffunction-sections  -c -fmessage-length=0 -Wclobbered -Wempty-body -Wmissing-field-initializers -Wmissing-parameter-type -Wold-style-declaration -Woverride-init -Wtype-limits -Wuninitialized -Wunused-but-set-parameter -Wformat -Wstrict-aliasing -Wshadow -Wl,--no-relax -I../../wlan_bsp_cpu_low/mb_low/include -mlittle-endian -mxl-barrel-shift -mxl-pattern-compare -mno-xl-soft-div -mcpu=v8.40.b -mno-xl-soft-mul -MMD -MP -MF"wlan_mac_common_framework/wlan_mac_pkt_buf_util.d" -MT"wlan_mac_common_framework/wlan_mac_pkt_buf_util.d" -o"wlan_mac_common_framework/wlan_mac_pkt_buf_util.o" "C:/Users/SOYO/Mango_802.11_RefDes_v1.7.1/EDK_Projects/Mango_802.11_RefDes_v1.7.1/SDK_Workspace/svn_src/wlan_mac_common_framework/wlan_mac_pkt_buf_util.c"
mb-gcc -Wall -O3 -g -I"C:\Users\SOYO\Mango_802.11_RefDes_v1.7.1\EDK_Projects\Mango_802.11_RefDes_v1.7.1\SDK_Workspace\svn_src\wlan_mac_low_dcf\include" -I"C:\Users\SOYO\Mango_802.11_RefDes_v1.7.1\EDK_Projects\Mango_802.11_RefDes_v1.7.1\SDK_Workspace\svn_src\wlan_w3_common\include" -I"C:\Users\SOYO\Mango_802.11_RefDes_v1.7.1\EDK_Projects\Mango_802.11_RefDes_v1.7.1\SDK_Workspace\svn_src\wlan_w3_low\include" -I"C:\Users\SOYO\Mango_802.11_RefDes_v1.7.1\EDK_Projects\Mango_802.11_RefDes_v1.7.1\SDK_Workspace\svn_src\wlan_mac_common_framework\include" -I"C:\Users\SOYO\Mango_802.11_RefDes_v1.7.1\EDK_Projects\Mango_802.11_RefDes_v1.7.1\SDK_Workspace\svn_src\wlan_mac_low_framework\include" -I../../wlan_bsp_cpu_low/mb_low/include -fdata-sections -ffunction-sections  -c -fmessage-length=0 -Wclobbered -Wempty-body -Wmissing-field-initializers -Wmissing-parameter-type -Wold-style-declaration -Woverride-init -Wtype-limits -Wuninitialized -Wunused-but-set-parameter -Wformat -Wstrict-aliasing -Wshadow -Wl,--no-relax -I../../wlan_bsp_cpu_low/mb_low/include -mlittle-endian -mxl-barrel-shift -mxl-pattern-compare -mno-xl-soft-div -mcpu=v8.40.b -mno-xl-soft-mul -MMD -MP -MF"src/wlan_mac_dcf.d" -MT"src/wlan_mac_dcf.d" -o"src/wlan_mac_dcf.o" "C:/Users/SOYO/Mango_802.11_RefDes_v1.7.1/EDK_Projects/Mango_802.11_RefDes_v1.7.1/SDK_Workspace/svn_src/wlan_mac_low_dcf/wlan_mac_dcf.c"
Finished building: C:/Users/SOYO/Mango_802.11_RefDes_v1.7.1/EDK_Projects/Mango_802.11_RefDes_v1.7.1/SDK_Workspace/svn_src/wlan_w3_common/w3_mac_time_util.c
Finished building: C:/Users/SOYO/Mango_802.11_RefDes_v1.7.1/EDK_Projects/Mango_802.11_RefDes_v1.7.1/SDK_Workspace/svn_src/wlan_w3_common/w3_common.c
Finished building: C:/Users/SOYO/Mango_802.11_RefDes_v1.7.1/EDK_Projects/Mango_802.11_RefDes_v1.7.1/SDK_Workspace/svn_src/wlan_w3_low/w3_phy_util.c
Finished building: C:/Users/SOYO/Mango_802.11_RefDes_v1.7.1/EDK_Projects/Mango_802.11_RefDes_v1.7.1/SDK_Workspace/svn_src/wlan_w3_common/w3_userio_util.c
' '
' '
Finished building: C:/Users/SOYO/Mango_802.11_RefDes_v1.7.1/EDK_Projects/Mango_802.11_RefDes_v1.7.1/SDK_Workspace/svn_src/wlan_w3_low/w3_low.c
Finished building: C:/Users/SOYO/Mango_802.11_RefDes_v1.7.1/EDK_Projects/Mango_802.11_RefDes_v1.7.1/SDK_Workspace/svn_src/wlan_w3_common/w3_sysmon_util.c
Finished building: C:/Users/SOYO/Mango_802.11_RefDes_v1.7.1/EDK_Projects/Mango_802.11_RefDes_v1.7.1/SDK_Workspace/svn_src/wlan_mac_common_framework/wlan_mac_common.c
Finished building: C:/Users/SOYO/Mango_802.11_RefDes_v1.7.1/EDK_Projects/Mango_802.11_RefDes_v1.7.1/SDK_Workspace/svn_src/wlan_mac_common_framework/wlan_mac_dl_list.c
Finished building: C:/Users/SOYO/Mango_802.11_RefDes_v1.7.1/EDK_Projects/Mango_802.11_RefDes_v1.7.1/SDK_Workspace/svn_src/wlan_mac_common_framework/wlan_mac_mailbox_util.c
' '
' '
Finished building: C:/Users/SOYO/Mango_802.11_RefDes_v1.7.1/EDK_Projects/Mango_802.11_RefDes_v1.7.1/SDK_Workspace/svn_src/wlan_mac_low_framework/wlan_phy_util.c
' '
Finished building: C:/Users/SOYO/Mango_802.11_RefDes_v1.7.1/EDK_Projects/Mango_802.11_RefDes_v1.7.1/SDK_Workspace/svn_src/wlan_mac_common_framework/wlan_mac_pkt_buf_util.c
' '
' '
' '
' '
' '
' '
Finished building: C:/Users/SOYO/Mango_802.11_RefDes_v1.7.1/EDK_Projects/Mango_802.11_RefDes_v1.7.1/SDK_Workspace/svn_src/wlan_mac_low_framework/wlan_mac_low.c
' '
Finished building: C:/Users/SOYO/Mango_802.11_RefDes_v1.7.1/EDK_Projects/Mango_802.11_RefDes_v1.7.1/SDK_Workspace/svn_src/wlan_mac_low_dcf/wlan_mac_dcf.c
' '
Building target: wlan_mac_low_dcf.elf
Invoking: MicroBlaze gcc linker
mb-gcc -Wl,--no-relax -Wl,-Map=executable.map,--gc-sections -Wl,-T -Wl,../../svn_src/wlan_w3_low/lscript.ld -L../../wlan_bsp_cpu_low/mb_low/lib -mlittle-endian -mxl-barrel-shift -mxl-pattern-compare -mno-xl-soft-div -mcpu=v8.40.b -mno-xl-soft-mul -o"wlan_mac_low_dcf.elf"  ./wlan_platform_low/w3_low.o ./wlan_platform_low/w3_phy_util.o  ./wlan_platform_common/w3_common.o ./wlan_platform_common/w3_mac_time_util.o ./wlan_platform_common/w3_sysmon_util.o ./wlan_platform_common/w3_userio_util.o  ./wlan_mac_low_framework/wlan_mac_low.o ./wlan_mac_low_framework/wlan_phy_util.o  ./wlan_mac_common_framework/wlan_mac_common.o ./wlan_mac_common_framework/wlan_mac_dl_list.o ./wlan_mac_common_framework/wlan_mac_mailbox_util.o ./wlan_mac_common_framework/wlan_mac_pkt_buf_util.o  ./src/wlan_mac_dcf.o   -Wl,--start-group,-lxil,-lgcc,-lc,--end-group
Finished building target: wlan_mac_low_dcf.elf
' '
Invoking: MicroBlaze Print Size
mb-size wlan_mac_low_dcf.elf  |tee "wlan_mac_low_dcf.elf.size"
Invoking: Xilinx ELF Check
elfcheck wlan_mac_low_dcf.elf -hw ../../Mango_802.11_RefDes_v1.7.1_hw_platform/system.xml -pe mb_low  |tee "wlan_mac_low_dcf.elf.elfcheck"
   text	   data	    bss	    dec	    hex	filename
  78229	   1336	   2024	  81589	  13eb5	wlan_mac_low_dcf.elf
Finished building: wlan_mac_low_dcf.elf.size
' '
elfcheck
Xilinx EDK 14.4 Build EDK_P.49d
Copyright (c) 1995-2012 Xilinx, Inc.  All rights reserved.

Command Line: elfcheck -hw
../../Mango_802.11_RefDes_v1.7.1_hw_platform/system.xml -pe mb_low
wlan_mac_low_dcf.elf 

ELF file	: wlan_mac_low_dcf.elf
elfcheck passed.
Finished building: wlan_mac_low_dcf.elf.elfcheck
' '
