
**** Build of configuration Debug for project wlan_mac_high_sta ****

make -j all 
Building file: C:/Users/SOYO/Mango_802.11_RefDes_v1.7.1/EDK_Projects/Mango_802.11_RefDes_v1.7.1/SDK_Workspace/svn_src/wlan_w3_high/w3_eth.c
Building file: C:/Users/SOYO/Mango_802.11_RefDes_v1.7.1/EDK_Projects/Mango_802.11_RefDes_v1.7.1/SDK_Workspace/svn_src/wlan_w3_high/w3_high.c
Building file: C:/Users/SOYO/Mango_802.11_RefDes_v1.7.1/EDK_Projects/Mango_802.11_RefDes_v1.7.1/SDK_Workspace/svn_src/wlan_w3_high/w3_high_userio.c
Building file: C:/Users/SOYO/Mango_802.11_RefDes_v1.7.1/EDK_Projects/Mango_802.11_RefDes_v1.7.1/SDK_Workspace/svn_src/wlan_w3_high/w3_uart.c
Building file: C:/Users/SOYO/Mango_802.11_RefDes_v1.7.1/EDK_Projects/Mango_802.11_RefDes_v1.7.1/SDK_Workspace/svn_src/wlan_w3_common/w3_common.c
Building file: C:/Users/SOYO/Mango_802.11_RefDes_v1.7.1/EDK_Projects/Mango_802.11_RefDes_v1.7.1/SDK_Workspace/svn_src/wlan_w3_common/w3_mac_time_util.c
Building file: C:/Users/SOYO/Mango_802.11_RefDes_v1.7.1/EDK_Projects/Mango_802.11_RefDes_v1.7.1/SDK_Workspace/svn_src/wlan_w3_common/w3_sysmon_util.c
Building file: C:/Users/SOYO/Mango_802.11_RefDes_v1.7.1/EDK_Projects/Mango_802.11_RefDes_v1.7.1/SDK_Workspace/svn_src/wlan_w3_common/w3_userio_util.c
Building file: C:/Users/SOYO/Mango_802.11_RefDes_v1.7.1/EDK_Projects/Mango_802.11_RefDes_v1.7.1/SDK_Workspace/svn_src/wlan_mac_high_framework/wlan_exp_common.c
Building file: C:/Users/SOYO/Mango_802.11_RefDes_v1.7.1/EDK_Projects/Mango_802.11_RefDes_v1.7.1/SDK_Workspace/svn_src/wlan_mac_high_framework/wlan_exp_node.c
Building file: C:/Users/SOYO/Mango_802.11_RefDes_v1.7.1/EDK_Projects/Mango_802.11_RefDes_v1.7.1/SDK_Workspace/svn_src/wlan_mac_high_framework/wlan_exp_transport.c
Building file: C:/Users/SOYO/Mango_802.11_RefDes_v1.7.1/EDK_Projects/Mango_802.11_RefDes_v1.7.1/SDK_Workspace/svn_src/wlan_mac_high_framework/wlan_exp_user.c
Building file: C:/Users/SOYO/Mango_802.11_RefDes_v1.7.1/EDK_Projects/Mango_802.11_RefDes_v1.7.1/SDK_Workspace/svn_src/wlan_mac_high_framework/wlan_mac_addr_filter.c
Building file: C:/Users/SOYO/Mango_802.11_RefDes_v1.7.1/EDK_Projects/Mango_802.11_RefDes_v1.7.1/SDK_Workspace/svn_src/wlan_mac_high_framework/wlan_mac_entries.c
Building file: C:/Users/SOYO/Mango_802.11_RefDes_v1.7.1/EDK_Projects/Mango_802.11_RefDes_v1.7.1/SDK_Workspace/svn_src/wlan_mac_high_framework/wlan_mac_eth_util.c
Building file: C:/Users/SOYO/Mango_802.11_RefDes_v1.7.1/EDK_Projects/Mango_802.11_RefDes_v1.7.1/SDK_Workspace/svn_src/wlan_mac_high_framework/wlan_mac_event_log.c
Building file: C:/Users/SOYO/Mango_802.11_RefDes_v1.7.1/EDK_Projects/Mango_802.11_RefDes_v1.7.1/SDK_Workspace/svn_src/wlan_mac_high_framework/wlan_mac_high.c
Building file: C:/Users/SOYO/Mango_802.11_RefDes_v1.7.1/EDK_Projects/Mango_802.11_RefDes_v1.7.1/SDK_Workspace/svn_src/wlan_mac_high_framework/wlan_mac_high_mailbox_util.c
Building file: C:/Users/SOYO/Mango_802.11_RefDes_v1.7.1/EDK_Projects/Mango_802.11_RefDes_v1.7.1/SDK_Workspace/svn_src/wlan_mac_high_framework/wlan_mac_ltg.c
Building file: C:/Users/SOYO/Mango_802.11_RefDes_v1.7.1/EDK_Projects/Mango_802.11_RefDes_v1.7.1/SDK_Workspace/svn_src/wlan_mac_high_framework/wlan_mac_network_info.c
Building file: C:/Users/SOYO/Mango_802.11_RefDes_v1.7.1/EDK_Projects/Mango_802.11_RefDes_v1.7.1/SDK_Workspace/svn_src/wlan_mac_high_framework/wlan_mac_packet_types.c
Building file: C:/Users/SOYO/Mango_802.11_RefDes_v1.7.1/EDK_Projects/Mango_802.11_RefDes_v1.7.1/SDK_Workspace/svn_src/wlan_mac_high_framework/wlan_mac_queue.c
Building file: C:/Users/SOYO/Mango_802.11_RefDes_v1.7.1/EDK_Projects/Mango_802.11_RefDes_v1.7.1/SDK_Workspace/svn_src/wlan_mac_high_framework/wlan_mac_scan.c
Building file: C:/Users/SOYO/Mango_802.11_RefDes_v1.7.1/EDK_Projects/Mango_802.11_RefDes_v1.7.1/SDK_Workspace/svn_src/wlan_mac_high_framework/wlan_mac_schedule.c
Building file: C:/Users/SOYO/Mango_802.11_RefDes_v1.7.1/EDK_Projects/Mango_802.11_RefDes_v1.7.1/SDK_Workspace/svn_src/wlan_mac_high_framework/wlan_mac_station_info.c
Building file: C:/Users/SOYO/Mango_802.11_RefDes_v1.7.1/EDK_Projects/Mango_802.11_RefDes_v1.7.1/SDK_Workspace/svn_src/wlan_mac_high_framework/wlan_exp_ip_udp/wlan_exp_ip_udp_config.c
Building file: C:/Users/SOYO/Mango_802.11_RefDes_v1.7.1/EDK_Projects/Mango_802.11_RefDes_v1.7.1/SDK_Workspace/svn_src/wlan_mac_high_framework/wlan_exp_ip_udp/wlan_exp_ip_udp_eth.c
Building file: C:/Users/SOYO/Mango_802.11_RefDes_v1.7.1/EDK_Projects/Mango_802.11_RefDes_v1.7.1/SDK_Workspace/svn_src/wlan_mac_high_framework/wlan_exp_ip_udp/wlan_exp_ip_udp_init.c
Building file: C:/Users/SOYO/Mango_802.11_RefDes_v1.7.1/EDK_Projects/Mango_802.11_RefDes_v1.7.1/SDK_Workspace/svn_src/wlan_mac_high_framework/wlan_exp_ip_udp/wlan_exp_ip_udp_ip_udp.c
Building file: C:/Users/SOYO/Mango_802.11_RefDes_v1.7.1/EDK_Projects/Mango_802.11_RefDes_v1.7.1/SDK_Workspace/svn_src/wlan_mac_high_framework/wlan_exp_ip_udp/wlan_exp_ip_udp_socket.c
Building file: C:/Users/SOYO/Mango_802.11_RefDes_v1.7.1/EDK_Projects/Mango_802.11_RefDes_v1.7.1/SDK_Workspace/svn_src/wlan_mac_common_framework/wlan_mac_common.c
Building file: C:/Users/SOYO/Mango_802.11_RefDes_v1.7.1/EDK_Projects/Mango_802.11_RefDes_v1.7.1/SDK_Workspace/svn_src/wlan_mac_common_framework/wlan_mac_dl_list.c
Building file: C:/Users/SOYO/Mango_802.11_RefDes_v1.7.1/EDK_Projects/Mango_802.11_RefDes_v1.7.1/SDK_Workspace/svn_src/wlan_mac_common_framework/wlan_mac_mailbox_util.c
Building file: C:/Users/SOYO/Mango_802.11_RefDes_v1.7.1/EDK_Projects/Mango_802.11_RefDes_v1.7.1/SDK_Workspace/svn_src/wlan_mac_common_framework/wlan_mac_pkt_buf_util.c
Building file: C:/Users/SOYO/Mango_802.11_RefDes_v1.7.1/EDK_Projects/Mango_802.11_RefDes_v1.7.1/SDK_Workspace/svn_src/wlan_mac_high_sta/wlan_exp_node_sta.c
Building file: C:/Users/SOYO/Mango_802.11_RefDes_v1.7.1/EDK_Projects/Mango_802.11_RefDes_v1.7.1/SDK_Workspace/svn_src/wlan_mac_high_sta/wlan_mac_sta.c
Building file: C:/Users/SOYO/Mango_802.11_RefDes_v1.7.1/EDK_Projects/Mango_802.11_RefDes_v1.7.1/SDK_Workspace/svn_src/wlan_mac_high_sta/wlan_mac_sta_join.c
Building file: C:/Users/SOYO/Mango_802.11_RefDes_v1.7.1/EDK_Projects/Mango_802.11_RefDes_v1.7.1/SDK_Workspace/svn_src/wlan_mac_high_sta/wlan_mac_sta_uart_menu.c
Invoking: MicroBlaze gcc compiler
Invoking: MicroBlaze gcc compiler
Invoking: MicroBlaze gcc compiler
Invoking: MicroBlaze gcc compiler
Invoking: MicroBlaze gcc compiler
Invoking: MicroBlaze gcc compiler
Invoking: MicroBlaze gcc compiler
Invoking: MicroBlaze gcc compiler
Invoking: MicroBlaze gcc compiler
Invoking: MicroBlaze gcc compiler
Invoking: MicroBlaze gcc compiler
Invoking: MicroBlaze gcc compiler
Invoking: MicroBlaze gcc compiler
Invoking: MicroBlaze gcc compiler
Invoking: MicroBlaze gcc compiler
Invoking: MicroBlaze gcc compiler
Invoking: MicroBlaze gcc compiler
Invoking: MicroBlaze gcc compiler
Invoking: MicroBlaze gcc compiler
Invoking: MicroBlaze gcc compiler
Invoking: MicroBlaze gcc compiler
Invoking: MicroBlaze gcc compiler
Invoking: MicroBlaze gcc compiler
Invoking: MicroBlaze gcc compiler
Invoking: MicroBlaze gcc compiler
Invoking: MicroBlaze gcc compiler
Invoking: MicroBlaze gcc compiler
Invoking: MicroBlaze gcc compiler
Invoking: MicroBlaze gcc compiler
Invoking: MicroBlaze gcc compiler
Invoking: MicroBlaze gcc compiler
Invoking: MicroBlaze gcc compiler
Invoking: MicroBlaze gcc compiler
Invoking: MicroBlaze gcc compiler
Invoking: MicroBlaze gcc compiler
Invoking: MicroBlaze gcc compiler
Invoking: MicroBlaze gcc compiler
mb-gcc -Wall -O3 -I"C:\Users\SOYO\Mango_802.11_RefDes_v1.7.1\EDK_Projects\Mango_802.11_RefDes_v1.7.1\SDK_Workspace\svn_src\wlan_w3_common\include" -I"C:\Users\SOYO\Mango_802.11_RefDes_v1.7.1\EDK_Projects\Mango_802.11_RefDes_v1.7.1\SDK_Workspace\svn_src\wlan_mac_high_framework\wlan_exp_ip_udp" -I"C:\Users\SOYO\Mango_802.11_RefDes_v1.7.1\EDK_Projects\Mango_802.11_RefDes_v1.7.1\SDK_Workspace\svn_src\wlan_w3_high\include" -I"C:\Users\SOYO\Mango_802.11_RefDes_v1.7.1\EDK_Projects\Mango_802.11_RefDes_v1.7.1\SDK_Workspace\svn_src\wlan_mac_high_sta\include" -I"C:\Users\SOYO\Mango_802.11_RefDes_v1.7.1\EDK_Projects\Mango_802.11_RefDes_v1.7.1\SDK_Workspace\svn_src\wlan_mac_common_framework\include" -I"C:\Users\SOYO\Mango_802.11_RefDes_v1.7.1\EDK_Projects\Mango_802.11_RefDes_v1.7.1\SDK_Workspace\svn_src\wlan_mac_high_framework\include" -I../../wlan_bsp_cpu_high/mb_high/include -fdata-sections -ffunction-sections -c -fmessage-length=0 -Wclobbered -Wempty-body -Wmissing-field-initializers -Wmissing-parameter-type -Wold-style-declaration -Woverride-init -Wtype-limits -Wuninitialized -Wunused-but-set-parameter -Wformat -Wstrict-aliasing -Wshadow -Wl,--no-relax -I../../wlan_bsp_cpu_high/mb_high/include -mlittle-endian -mxl-barrel-shift -mxl-pattern-compare -mcpu=v8.40.b -mno-xl-soft-mul -MMD -MP -MF"wlan_platform_high/w3_eth.d" -MT"wlan_platform_high/w3_eth.d" -o"wlan_platform_high/w3_eth.o" "C:/Users/SOYO/Mango_802.11_RefDes_v1.7.1/EDK_Projects/Mango_802.11_RefDes_v1.7.1/SDK_Workspace/svn_src/wlan_w3_high/w3_eth.c"
Invoking: MicroBlaze gcc compiler
mb-gcc -Wall -O3 -I"C:\Users\SOYO\Mango_802.11_RefDes_v1.7.1\EDK_Projects\Mango_802.11_RefDes_v1.7.1\SDK_Workspace\svn_src\wlan_w3_common\include" -I"C:\Users\SOYO\Mango_802.11_RefDes_v1.7.1\EDK_Projects\Mango_802.11_RefDes_v1.7.1\SDK_Workspace\svn_src\wlan_mac_high_framework\wlan_exp_ip_udp" -I"C:\Users\SOYO\Mango_802.11_RefDes_v1.7.1\EDK_Projects\Mango_802.11_RefDes_v1.7.1\SDK_Workspace\svn_src\wlan_w3_high\include" -I"C:\Users\SOYO\Mango_802.11_RefDes_v1.7.1\EDK_Projects\Mango_802.11_RefDes_v1.7.1\SDK_Workspace\svn_src\wlan_mac_high_sta\include" -I"C:\Users\SOYO\Mango_802.11_RefDes_v1.7.1\EDK_Projects\Mango_802.11_RefDes_v1.7.1\SDK_Workspace\svn_src\wlan_mac_common_framework\include" -I"C:\Users\SOYO\Mango_802.11_RefDes_v1.7.1\EDK_Projects\Mango_802.11_RefDes_v1.7.1\SDK_Workspace\svn_src\wlan_mac_high_framework\include" -I../../wlan_bsp_cpu_high/mb_high/include -fdata-sections -ffunction-sections -c -fmessage-length=0 -Wclobbered -Wempty-body -Wmissing-field-initializers -Wmissing-parameter-type -Wold-style-declaration -Woverride-init -Wtype-limits -Wuninitialized -Wunused-but-set-parameter -Wformat -Wstrict-aliasing -Wshadow -Wl,--no-relax -I../../wlan_bsp_cpu_high/mb_high/include -mlittle-endian -mxl-barrel-shift -mxl-pattern-compare -mcpu=v8.40.b -mno-xl-soft-mul -MMD -MP -MF"wlan_platform_high/w3_high.d" -MT"wlan_platform_high/w3_high.d" -o"wlan_platform_high/w3_high.o" "C:/Users/SOYO/Mango_802.11_RefDes_v1.7.1/EDK_Projects/Mango_802.11_RefDes_v1.7.1/SDK_Workspace/svn_src/wlan_w3_high/w3_high.c"
mb-gcc -Wall -O3 -I"C:\Users\SOYO\Mango_802.11_RefDes_v1.7.1\EDK_Projects\Mango_802.11_RefDes_v1.7.1\SDK_Workspace\svn_src\wlan_w3_common\include" -I"C:\Users\SOYO\Mango_802.11_RefDes_v1.7.1\EDK_Projects\Mango_802.11_RefDes_v1.7.1\SDK_Workspace\svn_src\wlan_mac_high_framework\wlan_exp_ip_udp" -I"C:\Users\SOYO\Mango_802.11_RefDes_v1.7.1\EDK_Projects\Mango_802.11_RefDes_v1.7.1\SDK_Workspace\svn_src\wlan_w3_high\include" -I"C:\Users\SOYO\Mango_802.11_RefDes_v1.7.1\EDK_Projects\Mango_802.11_RefDes_v1.7.1\SDK_Workspace\svn_src\wlan_mac_high_sta\include" -I"C:\Users\SOYO\Mango_802.11_RefDes_v1.7.1\EDK_Projects\Mango_802.11_RefDes_v1.7.1\SDK_Workspace\svn_src\wlan_mac_common_framework\include" -I"C:\Users\SOYO\Mango_802.11_RefDes_v1.7.1\EDK_Projects\Mango_802.11_RefDes_v1.7.1\SDK_Workspace\svn_src\wlan_mac_high_framework\include" -I../../wlan_bsp_cpu_high/mb_high/include -fdata-sections -ffunction-sections -c -fmessage-length=0 -Wclobbered -Wempty-body -Wmissing-field-initializers -Wmissing-parameter-type -Wold-style-declaration -Woverride-init -Wtype-limits -Wuninitialized -Wunused-but-set-parameter -Wformat -Wstrict-aliasing -Wshadow -Wl,--no-relax -I../../wlan_bsp_cpu_high/mb_high/include -mlittle-endian -mxl-barrel-shift -mxl-pattern-compare -mcpu=v8.40.b -mno-xl-soft-mul -MMD -MP -MF"wlan_platform_high/w3_high_userio.d" -MT"wlan_platform_high/w3_high_userio.d" -o"wlan_platform_high/w3_high_userio.o" "C:/Users/SOYO/Mango_802.11_RefDes_v1.7.1/EDK_Projects/Mango_802.11_RefDes_v1.7.1/SDK_Workspace/svn_src/wlan_w3_high/w3_high_userio.c"
mb-gcc -Wall -O3 -I"C:\Users\SOYO\Mango_802.11_RefDes_v1.7.1\EDK_Projects\Mango_802.11_RefDes_v1.7.1\SDK_Workspace\svn_src\wlan_w3_common\include" -I"C:\Users\SOYO\Mango_802.11_RefDes_v1.7.1\EDK_Projects\Mango_802.11_RefDes_v1.7.1\SDK_Workspace\svn_src\wlan_mac_high_framework\wlan_exp_ip_udp" -I"C:\Users\SOYO\Mango_802.11_RefDes_v1.7.1\EDK_Projects\Mango_802.11_RefDes_v1.7.1\SDK_Workspace\svn_src\wlan_w3_high\include" -I"C:\Users\SOYO\Mango_802.11_RefDes_v1.7.1\EDK_Projects\Mango_802.11_RefDes_v1.7.1\SDK_Workspace\svn_src\wlan_mac_high_sta\include" -I"C:\Users\SOYO\Mango_802.11_RefDes_v1.7.1\EDK_Projects\Mango_802.11_RefDes_v1.7.1\SDK_Workspace\svn_src\wlan_mac_common_framework\include" -I"C:\Users\SOYO\Mango_802.11_RefDes_v1.7.1\EDK_Projects\Mango_802.11_RefDes_v1.7.1\SDK_Workspace\svn_src\wlan_mac_high_framework\include" -I../../wlan_bsp_cpu_high/mb_high/include -fdata-sections -ffunction-sections -c -fmessage-length=0 -Wclobbered -Wempty-body -Wmissing-field-initializers -Wmissing-parameter-type -Wold-style-declaration -Woverride-init -Wtype-limits -Wuninitialized -Wunused-but-set-parameter -Wformat -Wstrict-aliasing -Wshadow -Wl,--no-relax -I../../wlan_bsp_cpu_high/mb_high/include -mlittle-endian -mxl-barrel-shift -mxl-pattern-compare -mcpu=v8.40.b -mno-xl-soft-mul -MMD -MP -MF"wlan_platform_high/w3_uart.d" -MT"wlan_platform_high/w3_uart.d" -o"wlan_platform_high/w3_uart.o" "C:/Users/SOYO/Mango_802.11_RefDes_v1.7.1/EDK_Projects/Mango_802.11_RefDes_v1.7.1/SDK_Workspace/svn_src/wlan_w3_high/w3_uart.c"
mb-gcc -Wall -O3 -I"C:\Users\SOYO\Mango_802.11_RefDes_v1.7.1\EDK_Projects\Mango_802.11_RefDes_v1.7.1\SDK_Workspace\svn_src\wlan_w3_common\include" -I"C:\Users\SOYO\Mango_802.11_RefDes_v1.7.1\EDK_Projects\Mango_802.11_RefDes_v1.7.1\SDK_Workspace\svn_src\wlan_mac_high_framework\wlan_exp_ip_udp" -I"C:\Users\SOYO\Mango_802.11_RefDes_v1.7.1\EDK_Projects\Mango_802.11_RefDes_v1.7.1\SDK_Workspace\svn_src\wlan_w3_high\include" -I"C:\Users\SOYO\Mango_802.11_RefDes_v1.7.1\EDK_Projects\Mango_802.11_RefDes_v1.7.1\SDK_Workspace\svn_src\wlan_mac_high_sta\include" -I"C:\Users\SOYO\Mango_802.11_RefDes_v1.7.1\EDK_Projects\Mango_802.11_RefDes_v1.7.1\SDK_Workspace\svn_src\wlan_mac_common_framework\include" -I"C:\Users\SOYO\Mango_802.11_RefDes_v1.7.1\EDK_Projects\Mango_802.11_RefDes_v1.7.1\SDK_Workspace\svn_src\wlan_mac_high_framework\include" -I../../wlan_bsp_cpu_high/mb_high/include -fdata-sections -ffunction-sections -c -fmessage-length=0 -Wclobbered -Wempty-body -Wmissing-field-initializers -Wmissing-parameter-type -Wold-style-declaration -Woverride-init -Wtype-limits -Wuninitialized -Wunused-but-set-parameter -Wformat -Wstrict-aliasing -Wshadow -Wl,--no-relax -I../../wlan_bsp_cpu_high/mb_high/include -mlittle-endian -mxl-barrel-shift -mxl-pattern-compare -mcpu=v8.40.b -mno-xl-soft-mul -MMD -MP -MF"wlan_platform_common/w3_common.d" -MT"wlan_platform_common/w3_common.d" -o"wlan_platform_common/w3_common.o" "C:/Users/SOYO/Mango_802.11_RefDes_v1.7.1/EDK_Projects/Mango_802.11_RefDes_v1.7.1/SDK_Workspace/svn_src/wlan_w3_common/w3_common.c"
mb-gcc -Wall -O3 -I"C:\Users\SOYO\Mango_802.11_RefDes_v1.7.1\EDK_Projects\Mango_802.11_RefDes_v1.7.1\SDK_Workspace\svn_src\wlan_w3_common\include" -I"C:\Users\SOYO\Mango_802.11_RefDes_v1.7.1\EDK_Projects\Mango_802.11_RefDes_v1.7.1\SDK_Workspace\svn_src\wlan_mac_high_framework\wlan_exp_ip_udp" -I"C:\Users\SOYO\Mango_802.11_RefDes_v1.7.1\EDK_Projects\Mango_802.11_RefDes_v1.7.1\SDK_Workspace\svn_src\wlan_w3_high\include" -I"C:\Users\SOYO\Mango_802.11_RefDes_v1.7.1\EDK_Projects\Mango_802.11_RefDes_v1.7.1\SDK_Workspace\svn_src\wlan_mac_high_sta\include" -I"C:\Users\SOYO\Mango_802.11_RefDes_v1.7.1\EDK_Projects\Mango_802.11_RefDes_v1.7.1\SDK_Workspace\svn_src\wlan_mac_common_framework\include" -I"C:\Users\SOYO\Mango_802.11_RefDes_v1.7.1\EDK_Projects\Mango_802.11_RefDes_v1.7.1\SDK_Workspace\svn_src\wlan_mac_high_framework\include" -I../../wlan_bsp_cpu_high/mb_high/include -fdata-sections -ffunction-sections -c -fmessage-length=0 -Wclobbered -Wempty-body -Wmissing-field-initializers -Wmissing-parameter-type -Wold-style-declaration -Woverride-init -Wtype-limits -Wuninitialized -Wunused-but-set-parameter -Wformat -Wstrict-aliasing -Wshadow -Wl,--no-relax -I../../wlan_bsp_cpu_high/mb_high/include -mlittle-endian -mxl-barrel-shift -mxl-pattern-compare -mcpu=v8.40.b -mno-xl-soft-mul -MMD -MP -MF"wlan_platform_common/w3_mac_time_util.d" -MT"wlan_platform_common/w3_mac_time_util.d" -o"wlan_platform_common/w3_mac_time_util.o" "C:/Users/SOYO/Mango_802.11_RefDes_v1.7.1/EDK_Projects/Mango_802.11_RefDes_v1.7.1/SDK_Workspace/svn_src/wlan_w3_common/w3_mac_time_util.c"
mb-gcc -Wall -O3 -I"C:\Users\SOYO\Mango_802.11_RefDes_v1.7.1\EDK_Projects\Mango_802.11_RefDes_v1.7.1\SDK_Workspace\svn_src\wlan_w3_common\include" -I"C:\Users\SOYO\Mango_802.11_RefDes_v1.7.1\EDK_Projects\Mango_802.11_RefDes_v1.7.1\SDK_Workspace\svn_src\wlan_mac_high_framework\wlan_exp_ip_udp" -I"C:\Users\SOYO\Mango_802.11_RefDes_v1.7.1\EDK_Projects\Mango_802.11_RefDes_v1.7.1\SDK_Workspace\svn_src\wlan_w3_high\include" -I"C:\Users\SOYO\Mango_802.11_RefDes_v1.7.1\EDK_Projects\Mango_802.11_RefDes_v1.7.1\SDK_Workspace\svn_src\wlan_mac_high_sta\include" -I"C:\Users\SOYO\Mango_802.11_RefDes_v1.7.1\EDK_Projects\Mango_802.11_RefDes_v1.7.1\SDK_Workspace\svn_src\wlan_mac_common_framework\include" -I"C:\Users\SOYO\Mango_802.11_RefDes_v1.7.1\EDK_Projects\Mango_802.11_RefDes_v1.7.1\SDK_Workspace\svn_src\wlan_mac_high_framework\include" -I../../wlan_bsp_cpu_high/mb_high/include -fdata-sections -ffunction-sections -c -fmessage-length=0 -Wclobbered -Wempty-body -Wmissing-field-initializers -Wmissing-parameter-type -Wold-style-declaration -Woverride-init -Wtype-limits -Wuninitialized -Wunused-but-set-parameter -Wformat -Wstrict-aliasing -Wshadow -Wl,--no-relax -I../../wlan_bsp_cpu_high/mb_high/include -mlittle-endian -mxl-barrel-shift -mxl-pattern-compare -mcpu=v8.40.b -mno-xl-soft-mul -MMD -MP -MF"wlan_platform_common/w3_sysmon_util.d" -MT"wlan_platform_common/w3_sysmon_util.d" -o"wlan_platform_common/w3_sysmon_util.o" "C:/Users/SOYO/Mango_802.11_RefDes_v1.7.1/EDK_Projects/Mango_802.11_RefDes_v1.7.1/SDK_Workspace/svn_src/wlan_w3_common/w3_sysmon_util.c"
mb-gcc -Wall -O3 -I"C:\Users\SOYO\Mango_802.11_RefDes_v1.7.1\EDK_Projects\Mango_802.11_RefDes_v1.7.1\SDK_Workspace\svn_src\wlan_w3_common\include" -I"C:\Users\SOYO\Mango_802.11_RefDes_v1.7.1\EDK_Projects\Mango_802.11_RefDes_v1.7.1\SDK_Workspace\svn_src\wlan_mac_high_framework\wlan_exp_ip_udp" -I"C:\Users\SOYO\Mango_802.11_RefDes_v1.7.1\EDK_Projects\Mango_802.11_RefDes_v1.7.1\SDK_Workspace\svn_src\wlan_w3_high\include" -I"C:\Users\SOYO\Mango_802.11_RefDes_v1.7.1\EDK_Projects\Mango_802.11_RefDes_v1.7.1\SDK_Workspace\svn_src\wlan_mac_high_sta\include" -I"C:\Users\SOYO\Mango_802.11_RefDes_v1.7.1\EDK_Projects\Mango_802.11_RefDes_v1.7.1\SDK_Workspace\svn_src\wlan_mac_common_framework\include" -I"C:\Users\SOYO\Mango_802.11_RefDes_v1.7.1\EDK_Projects\Mango_802.11_RefDes_v1.7.1\SDK_Workspace\svn_src\wlan_mac_high_framework\include" -I../../wlan_bsp_cpu_high/mb_high/include -fdata-sections -ffunction-sections -c -fmessage-length=0 -Wclobbered -Wempty-body -Wmissing-field-initializers -Wmissing-parameter-type -Wold-style-declaration -Woverride-init -Wtype-limits -Wuninitialized -Wunused-but-set-parameter -Wformat -Wstrict-aliasing -Wshadow -Wl,--no-relax -I../../wlan_bsp_cpu_high/mb_high/include -mlittle-endian -mxl-barrel-shift -mxl-pattern-compare -mcpu=v8.40.b -mno-xl-soft-mul -MMD -MP -MF"wlan_platform_common/w3_userio_util.d" -MT"wlan_platform_common/w3_userio_util.d" -o"wlan_platform_common/w3_userio_util.o" "C:/Users/SOYO/Mango_802.11_RefDes_v1.7.1/EDK_Projects/Mango_802.11_RefDes_v1.7.1/SDK_Workspace/svn_src/wlan_w3_common/w3_userio_util.c"
mb-gcc -Wall -O3 -I"C:\Users\SOYO\Mango_802.11_RefDes_v1.7.1\EDK_Projects\Mango_802.11_RefDes_v1.7.1\SDK_Workspace\svn_src\wlan_w3_common\include" -I"C:\Users\SOYO\Mango_802.11_RefDes_v1.7.1\EDK_Projects\Mango_802.11_RefDes_v1.7.1\SDK_Workspace\svn_src\wlan_mac_high_framework\wlan_exp_ip_udp" -I"C:\Users\SOYO\Mango_802.11_RefDes_v1.7.1\EDK_Projects\Mango_802.11_RefDes_v1.7.1\SDK_Workspace\svn_src\wlan_w3_high\include" -I"C:\Users\SOYO\Mango_802.11_RefDes_v1.7.1\EDK_Projects\Mango_802.11_RefDes_v1.7.1\SDK_Workspace\svn_src\wlan_mac_high_sta\include" -I"C:\Users\SOYO\Mango_802.11_RefDes_v1.7.1\EDK_Projects\Mango_802.11_RefDes_v1.7.1\SDK_Workspace\svn_src\wlan_mac_common_framework\include" -I"C:\Users\SOYO\Mango_802.11_RefDes_v1.7.1\EDK_Projects\Mango_802.11_RefDes_v1.7.1\SDK_Workspace\svn_src\wlan_mac_high_framework\include" -I../../wlan_bsp_cpu_high/mb_high/include -fdata-sections -ffunction-sections -c -fmessage-length=0 -Wclobbered -Wempty-body -Wmissing-field-initializers -Wmissing-parameter-type -Wold-style-declaration -Woverride-init -Wtype-limits -Wuninitialized -Wunused-but-set-parameter -Wformat -Wstrict-aliasing -Wshadow -Wl,--no-relax -I../../wlan_bsp_cpu_high/mb_high/include -mlittle-endian -mxl-barrel-shift -mxl-pattern-compare -mcpu=v8.40.b -mno-xl-soft-mul -MMD -MP -MF"wlan_mac_high_framework/wlan_exp_common.d" -MT"wlan_mac_high_framework/wlan_exp_common.d" -o"wlan_mac_high_framework/wlan_exp_common.o" "C:/Users/SOYO/Mango_802.11_RefDes_v1.7.1/EDK_Projects/Mango_802.11_RefDes_v1.7.1/SDK_Workspace/svn_src/wlan_mac_high_framework/wlan_exp_common.c"
mb-gcc -Wall -O3 -I"C:\Users\SOYO\Mango_802.11_RefDes_v1.7.1\EDK_Projects\Mango_802.11_RefDes_v1.7.1\SDK_Workspace\svn_src\wlan_w3_common\include" -I"C:\Users\SOYO\Mango_802.11_RefDes_v1.7.1\EDK_Projects\Mango_802.11_RefDes_v1.7.1\SDK_Workspace\svn_src\wlan_mac_high_framework\wlan_exp_ip_udp" -I"C:\Users\SOYO\Mango_802.11_RefDes_v1.7.1\EDK_Projects\Mango_802.11_RefDes_v1.7.1\SDK_Workspace\svn_src\wlan_w3_high\include" -I"C:\Users\SOYO\Mango_802.11_RefDes_v1.7.1\EDK_Projects\Mango_802.11_RefDes_v1.7.1\SDK_Workspace\svn_src\wlan_mac_high_sta\include" -I"C:\Users\SOYO\Mango_802.11_RefDes_v1.7.1\EDK_Projects\Mango_802.11_RefDes_v1.7.1\SDK_Workspace\svn_src\wlan_mac_common_framework\include" -I"C:\Users\SOYO\Mango_802.11_RefDes_v1.7.1\EDK_Projects\Mango_802.11_RefDes_v1.7.1\SDK_Workspace\svn_src\wlan_mac_high_framework\include" -I../../wlan_bsp_cpu_high/mb_high/include -fdata-sections -ffunction-sections -c -fmessage-length=0 -Wclobbered -Wempty-body -Wmissing-field-initializers -Wmissing-parameter-type -Wold-style-declaration -Woverride-init -Wtype-limits -Wuninitialized -Wunused-but-set-parameter -Wformat -Wstrict-aliasing -Wshadow -Wl,--no-relax -I../../wlan_bsp_cpu_high/mb_high/include -mlittle-endian -mxl-barrel-shift -mxl-pattern-compare -mcpu=v8.40.b -mno-xl-soft-mul -MMD -MP -MF"wlan_mac_high_framework/wlan_exp_node.d" -MT"wlan_mac_high_framework/wlan_exp_node.d" -o"wlan_mac_high_framework/wlan_exp_node.o" "C:/Users/SOYO/Mango_802.11_RefDes_v1.7.1/EDK_Projects/Mango_802.11_RefDes_v1.7.1/SDK_Workspace/svn_src/wlan_mac_high_framework/wlan_exp_node.c"
mb-gcc -Wall -O3 -I"C:\Users\SOYO\Mango_802.11_RefDes_v1.7.1\EDK_Projects\Mango_802.11_RefDes_v1.7.1\SDK_Workspace\svn_src\wlan_w3_common\include" -I"C:\Users\SOYO\Mango_802.11_RefDes_v1.7.1\EDK_Projects\Mango_802.11_RefDes_v1.7.1\SDK_Workspace\svn_src\wlan_mac_high_framework\wlan_exp_ip_udp" -I"C:\Users\SOYO\Mango_802.11_RefDes_v1.7.1\EDK_Projects\Mango_802.11_RefDes_v1.7.1\SDK_Workspace\svn_src\wlan_w3_high\include" -I"C:\Users\SOYO\Mango_802.11_RefDes_v1.7.1\EDK_Projects\Mango_802.11_RefDes_v1.7.1\SDK_Workspace\svn_src\wlan_mac_high_sta\include" -I"C:\Users\SOYO\Mango_802.11_RefDes_v1.7.1\EDK_Projects\Mango_802.11_RefDes_v1.7.1\SDK_Workspace\svn_src\wlan_mac_common_framework\include" -I"C:\Users\SOYO\Mango_802.11_RefDes_v1.7.1\EDK_Projects\Mango_802.11_RefDes_v1.7.1\SDK_Workspace\svn_src\wlan_mac_high_framework\include" -I../../wlan_bsp_cpu_high/mb_high/include -fdata-sections -ffunction-sections -c -fmessage-length=0 -Wclobbered -Wempty-body -Wmissing-field-initializers -Wmissing-parameter-type -Wold-style-declaration -Woverride-init -Wtype-limits -Wuninitialized -Wunused-but-set-parameter -Wformat -Wstrict-aliasing -Wshadow -Wl,--no-relax -I../../wlan_bsp_cpu_high/mb_high/include -mlittle-endian -mxl-barrel-shift -mxl-pattern-compare -mcpu=v8.40.b -mno-xl-soft-mul -MMD -MP -MF"wlan_mac_high_framework/wlan_exp_transport.d" -MT"wlan_mac_high_framework/wlan_exp_transport.d" -o"wlan_mac_high_framework/wlan_exp_transport.o" "C:/Users/SOYO/Mango_802.11_RefDes_v1.7.1/EDK_Projects/Mango_802.11_RefDes_v1.7.1/SDK_Workspace/svn_src/wlan_mac_high_framework/wlan_exp_transport.c"
mb-gcc -Wall -O3 -I"C:\Users\SOYO\Mango_802.11_RefDes_v1.7.1\EDK_Projects\Mango_802.11_RefDes_v1.7.1\SDK_Workspace\svn_src\wlan_w3_common\include" -I"C:\Users\SOYO\Mango_802.11_RefDes_v1.7.1\EDK_Projects\Mango_802.11_RefDes_v1.7.1\SDK_Workspace\svn_src\wlan_mac_high_framework\wlan_exp_ip_udp" -I"C:\Users\SOYO\Mango_802.11_RefDes_v1.7.1\EDK_Projects\Mango_802.11_RefDes_v1.7.1\SDK_Workspace\svn_src\wlan_w3_high\include" -I"C:\Users\SOYO\Mango_802.11_RefDes_v1.7.1\EDK_Projects\Mango_802.11_RefDes_v1.7.1\SDK_Workspace\svn_src\wlan_mac_high_sta\include" -I"C:\Users\SOYO\Mango_802.11_RefDes_v1.7.1\EDK_Projects\Mango_802.11_RefDes_v1.7.1\SDK_Workspace\svn_src\wlan_mac_common_framework\include" -I"C:\Users\SOYO\Mango_802.11_RefDes_v1.7.1\EDK_Projects\Mango_802.11_RefDes_v1.7.1\SDK_Workspace\svn_src\wlan_mac_high_framework\include" -I../../wlan_bsp_cpu_high/mb_high/include -fdata-sections -ffunction-sections -c -fmessage-length=0 -Wclobbered -Wempty-body -Wmissing-field-initializers -Wmissing-parameter-type -Wold-style-declaration -Woverride-init -Wtype-limits -Wuninitialized -Wunused-but-set-parameter -Wformat -Wstrict-aliasing -Wshadow -Wl,--no-relax -I../../wlan_bsp_cpu_high/mb_high/include -mlittle-endian -mxl-barrel-shift -mxl-pattern-compare -mcpu=v8.40.b -mno-xl-soft-mul -MMD -MP -MF"wlan_mac_high_framework/wlan_exp_user.d" -MT"wlan_mac_high_framework/wlan_exp_user.d" -o"wlan_mac_high_framework/wlan_exp_user.o" "C:/Users/SOYO/Mango_802.11_RefDes_v1.7.1/EDK_Projects/Mango_802.11_RefDes_v1.7.1/SDK_Workspace/svn_src/wlan_mac_high_framework/wlan_exp_user.c"
mb-gcc -Wall -O3 -I"C:\Users\SOYO\Mango_802.11_RefDes_v1.7.1\EDK_Projects\Mango_802.11_RefDes_v1.7.1\SDK_Workspace\svn_src\wlan_w3_common\include" -I"C:\Users\SOYO\Mango_802.11_RefDes_v1.7.1\EDK_Projects\Mango_802.11_RefDes_v1.7.1\SDK_Workspace\svn_src\wlan_mac_high_framework\wlan_exp_ip_udp" -I"C:\Users\SOYO\Mango_802.11_RefDes_v1.7.1\EDK_Projects\Mango_802.11_RefDes_v1.7.1\SDK_Workspace\svn_src\wlan_w3_high\include" -I"C:\Users\SOYO\Mango_802.11_RefDes_v1.7.1\EDK_Projects\Mango_802.11_RefDes_v1.7.1\SDK_Workspace\svn_src\wlan_mac_high_sta\include" -I"C:\Users\SOYO\Mango_802.11_RefDes_v1.7.1\EDK_Projects\Mango_802.11_RefDes_v1.7.1\SDK_Workspace\svn_src\wlan_mac_common_framework\include" -I"C:\Users\SOYO\Mango_802.11_RefDes_v1.7.1\EDK_Projects\Mango_802.11_RefDes_v1.7.1\SDK_Workspace\svn_src\wlan_mac_high_framework\include" -I../../wlan_bsp_cpu_high/mb_high/include -fdata-sections -ffunction-sections -c -fmessage-length=0 -Wclobbered -Wempty-body -Wmissing-field-initializers -Wmissing-parameter-type -Wold-style-declaration -Woverride-init -Wtype-limits -Wuninitialized -Wunused-but-set-parameter -Wformat -Wstrict-aliasing -Wshadow -Wl,--no-relax -I../../wlan_bsp_cpu_high/mb_high/include -mlittle-endian -mxl-barrel-shift -mxl-pattern-compare -mcpu=v8.40.b -mno-xl-soft-mul -MMD -MP -MF"wlan_mac_high_framework/wlan_mac_addr_filter.d" -MT"wlan_mac_high_framework/wlan_mac_addr_filter.d" -o"wlan_mac_high_framework/wlan_mac_addr_filter.o" "C:/Users/SOYO/Mango_802.11_RefDes_v1.7.1/EDK_Projects/Mango_802.11_RefDes_v1.7.1/SDK_Workspace/svn_src/wlan_mac_high_framework/wlan_mac_addr_filter.c"
mb-gcc -Wall -O3 -I"C:\Users\SOYO\Mango_802.11_RefDes_v1.7.1\EDK_Projects\Mango_802.11_RefDes_v1.7.1\SDK_Workspace\svn_src\wlan_w3_common\include" -I"C:\Users\SOYO\Mango_802.11_RefDes_v1.7.1\EDK_Projects\Mango_802.11_RefDes_v1.7.1\SDK_Workspace\svn_src\wlan_mac_high_framework\wlan_exp_ip_udp" -I"C:\Users\SOYO\Mango_802.11_RefDes_v1.7.1\EDK_Projects\Mango_802.11_RefDes_v1.7.1\SDK_Workspace\svn_src\wlan_w3_high\include" -I"C:\Users\SOYO\Mango_802.11_RefDes_v1.7.1\EDK_Projects\Mango_802.11_RefDes_v1.7.1\SDK_Workspace\svn_src\wlan_mac_high_sta\include" -I"C:\Users\SOYO\Mango_802.11_RefDes_v1.7.1\EDK_Projects\Mango_802.11_RefDes_v1.7.1\SDK_Workspace\svn_src\wlan_mac_common_framework\include" -I"C:\Users\SOYO\Mango_802.11_RefDes_v1.7.1\EDK_Projects\Mango_802.11_RefDes_v1.7.1\SDK_Workspace\svn_src\wlan_mac_high_framework\include" -I../../wlan_bsp_cpu_high/mb_high/include -fdata-sections -ffunction-sections -c -fmessage-length=0 -Wclobbered -Wempty-body -Wmissing-field-initializers -Wmissing-parameter-type -Wold-style-declaration -Woverride-init -Wtype-limits -Wuninitialized -Wunused-but-set-parameter -Wformat -Wstrict-aliasing -Wshadow -Wl,--no-relax -I../../wlan_bsp_cpu_high/mb_high/include -mlittle-endian -mxl-barrel-shift -mxl-pattern-compare -mcpu=v8.40.b -mno-xl-soft-mul -MMD -MP -MF"wlan_mac_high_framework/wlan_mac_entries.d" -MT"wlan_mac_high_framework/wlan_mac_entries.d" -o"wlan_mac_high_framework/wlan_mac_entries.o" "C:/Users/SOYO/Mango_802.11_RefDes_v1.7.1/EDK_Projects/Mango_802.11_RefDes_v1.7.1/SDK_Workspace/svn_src/wlan_mac_high_framework/wlan_mac_entries.c"
mb-gcc -Wall -O3 -I"C:\Users\SOYO\Mango_802.11_RefDes_v1.7.1\EDK_Projects\Mango_802.11_RefDes_v1.7.1\SDK_Workspace\svn_src\wlan_w3_common\include" -I"C:\Users\SOYO\Mango_802.11_RefDes_v1.7.1\EDK_Projects\Mango_802.11_RefDes_v1.7.1\SDK_Workspace\svn_src\wlan_mac_high_framework\wlan_exp_ip_udp" -I"C:\Users\SOYO\Mango_802.11_RefDes_v1.7.1\EDK_Projects\Mango_802.11_RefDes_v1.7.1\SDK_Workspace\svn_src\wlan_w3_high\include" -I"C:\Users\SOYO\Mango_802.11_RefDes_v1.7.1\EDK_Projects\Mango_802.11_RefDes_v1.7.1\SDK_Workspace\svn_src\wlan_mac_high_sta\include" -I"C:\Users\SOYO\Mango_802.11_RefDes_v1.7.1\EDK_Projects\Mango_802.11_RefDes_v1.7.1\SDK_Workspace\svn_src\wlan_mac_common_framework\include" -I"C:\Users\SOYO\Mango_802.11_RefDes_v1.7.1\EDK_Projects\Mango_802.11_RefDes_v1.7.1\SDK_Workspace\svn_src\wlan_mac_high_framework\include" -I../../wlan_bsp_cpu_high/mb_high/include -fdata-sections -ffunction-sections -c -fmessage-length=0 -Wclobbered -Wempty-body -Wmissing-field-initializers -Wmissing-parameter-type -Wold-style-declaration -Woverride-init -Wtype-limits -Wuninitialized -Wunused-but-set-parameter -Wformat -Wstrict-aliasing -Wshadow -Wl,--no-relax -I../../wlan_bsp_cpu_high/mb_high/include -mlittle-endian -mxl-barrel-shift -mxl-pattern-compare -mcpu=v8.40.b -mno-xl-soft-mul -MMD -MP -MF"wlan_mac_high_framework/wlan_mac_eth_util.d" -MT"wlan_mac_high_framework/wlan_mac_eth_util.d" -o"wlan_mac_high_framework/wlan_mac_eth_util.o" "C:/Users/SOYO/Mango_802.11_RefDes_v1.7.1/EDK_Projects/Mango_802.11_RefDes_v1.7.1/SDK_Workspace/svn_src/wlan_mac_high_framework/wlan_mac_eth_util.c"
mb-gcc -Wall -O3 -I"C:\Users\SOYO\Mango_802.11_RefDes_v1.7.1\EDK_Projects\Mango_802.11_RefDes_v1.7.1\SDK_Workspace\svn_src\wlan_w3_common\include" -I"C:\Users\SOYO\Mango_802.11_RefDes_v1.7.1\EDK_Projects\Mango_802.11_RefDes_v1.7.1\SDK_Workspace\svn_src\wlan_mac_high_framework\wlan_exp_ip_udp" -I"C:\Users\SOYO\Mango_802.11_RefDes_v1.7.1\EDK_Projects\Mango_802.11_RefDes_v1.7.1\SDK_Workspace\svn_src\wlan_w3_high\include" -I"C:\Users\SOYO\Mango_802.11_RefDes_v1.7.1\EDK_Projects\Mango_802.11_RefDes_v1.7.1\SDK_Workspace\svn_src\wlan_mac_high_sta\include" -I"C:\Users\SOYO\Mango_802.11_RefDes_v1.7.1\EDK_Projects\Mango_802.11_RefDes_v1.7.1\SDK_Workspace\svn_src\wlan_mac_common_framework\include" -I"C:\Users\SOYO\Mango_802.11_RefDes_v1.7.1\EDK_Projects\Mango_802.11_RefDes_v1.7.1\SDK_Workspace\svn_src\wlan_mac_high_framework\include" -I../../wlan_bsp_cpu_high/mb_high/include -fdata-sections -ffunction-sections -c -fmessage-length=0 -Wclobbered -Wempty-body -Wmissing-field-initializers -Wmissing-parameter-type -Wold-style-declaration -Woverride-init -Wtype-limits -Wuninitialized -Wunused-but-set-parameter -Wformat -Wstrict-aliasing -Wshadow -Wl,--no-relax -I../../wlan_bsp_cpu_high/mb_high/include -mlittle-endian -mxl-barrel-shift -mxl-pattern-compare -mcpu=v8.40.b -mno-xl-soft-mul -MMD -MP -MF"wlan_mac_high_framework/wlan_mac_event_log.d" -MT"wlan_mac_high_framework/wlan_mac_event_log.d" -o"wlan_mac_high_framework/wlan_mac_event_log.o" "C:/Users/SOYO/Mango_802.11_RefDes_v1.7.1/EDK_Projects/Mango_802.11_RefDes_v1.7.1/SDK_Workspace/svn_src/wlan_mac_high_framework/wlan_mac_event_log.c"
mb-gcc -Wall -O3 -I"C:\Users\SOYO\Mango_802.11_RefDes_v1.7.1\EDK_Projects\Mango_802.11_RefDes_v1.7.1\SDK_Workspace\svn_src\wlan_w3_common\include" -I"C:\Users\SOYO\Mango_802.11_RefDes_v1.7.1\EDK_Projects\Mango_802.11_RefDes_v1.7.1\SDK_Workspace\svn_src\wlan_mac_high_framework\wlan_exp_ip_udp" -I"C:\Users\SOYO\Mango_802.11_RefDes_v1.7.1\EDK_Projects\Mango_802.11_RefDes_v1.7.1\SDK_Workspace\svn_src\wlan_w3_high\include" -I"C:\Users\SOYO\Mango_802.11_RefDes_v1.7.1\EDK_Projects\Mango_802.11_RefDes_v1.7.1\SDK_Workspace\svn_src\wlan_mac_high_sta\include" -I"C:\Users\SOYO\Mango_802.11_RefDes_v1.7.1\EDK_Projects\Mango_802.11_RefDes_v1.7.1\SDK_Workspace\svn_src\wlan_mac_common_framework\include" -I"C:\Users\SOYO\Mango_802.11_RefDes_v1.7.1\EDK_Projects\Mango_802.11_RefDes_v1.7.1\SDK_Workspace\svn_src\wlan_mac_high_framework\include" -I../../wlan_bsp_cpu_high/mb_high/include -fdata-sections -ffunction-sections -c -fmessage-length=0 -Wclobbered -Wempty-body -Wmissing-field-initializers -Wmissing-parameter-type -Wold-style-declaration -Woverride-init -Wtype-limits -Wuninitialized -Wunused-but-set-parameter -Wformat -Wstrict-aliasing -Wshadow -Wl,--no-relax -I../../wlan_bsp_cpu_high/mb_high/include -mlittle-endian -mxl-barrel-shift -mxl-pattern-compare -mcpu=v8.40.b -mno-xl-soft-mul -MMD -MP -MF"wlan_mac_high_framework/wlan_mac_high.d" -MT"wlan_mac_high_framework/wlan_mac_high.d" -o"wlan_mac_high_framework/wlan_mac_high.o" "C:/Users/SOYO/Mango_802.11_RefDes_v1.7.1/EDK_Projects/Mango_802.11_RefDes_v1.7.1/SDK_Workspace/svn_src/wlan_mac_high_framework/wlan_mac_high.c"
mb-gcc -Wall -O3 -I"C:\Users\SOYO\Mango_802.11_RefDes_v1.7.1\EDK_Projects\Mango_802.11_RefDes_v1.7.1\SDK_Workspace\svn_src\wlan_w3_common\include" -I"C:\Users\SOYO\Mango_802.11_RefDes_v1.7.1\EDK_Projects\Mango_802.11_RefDes_v1.7.1\SDK_Workspace\svn_src\wlan_mac_high_framework\wlan_exp_ip_udp" -I"C:\Users\SOYO\Mango_802.11_RefDes_v1.7.1\EDK_Projects\Mango_802.11_RefDes_v1.7.1\SDK_Workspace\svn_src\wlan_w3_high\include" -I"C:\Users\SOYO\Mango_802.11_RefDes_v1.7.1\EDK_Projects\Mango_802.11_RefDes_v1.7.1\SDK_Workspace\svn_src\wlan_mac_high_sta\include" -I"C:\Users\SOYO\Mango_802.11_RefDes_v1.7.1\EDK_Projects\Mango_802.11_RefDes_v1.7.1\SDK_Workspace\svn_src\wlan_mac_common_framework\include" -I"C:\Users\SOYO\Mango_802.11_RefDes_v1.7.1\EDK_Projects\Mango_802.11_RefDes_v1.7.1\SDK_Workspace\svn_src\wlan_mac_high_framework\include" -I../../wlan_bsp_cpu_high/mb_high/include -fdata-sections -ffunction-sections -c -fmessage-length=0 -Wclobbered -Wempty-body -Wmissing-field-initializers -Wmissing-parameter-type -Wold-style-declaration -Woverride-init -Wtype-limits -Wuninitialized -Wunused-but-set-parameter -Wformat -Wstrict-aliasing -Wshadow -Wl,--no-relax -I../../wlan_bsp_cpu_high/mb_high/include -mlittle-endian -mxl-barrel-shift -mxl-pattern-compare -mcpu=v8.40.b -mno-xl-soft-mul -MMD -MP -MF"wlan_mac_high_framework/wlan_mac_high_mailbox_util.d" -MT"wlan_mac_high_framework/wlan_mac_high_mailbox_util.d" -o"wlan_mac_high_framework/wlan_mac_high_mailbox_util.o" "C:/Users/SOYO/Mango_802.11_RefDes_v1.7.1/EDK_Projects/Mango_802.11_RefDes_v1.7.1/SDK_Workspace/svn_src/wlan_mac_high_framework/wlan_mac_high_mailbox_util.c"
mb-gcc -Wall -O3 -I"C:\Users\SOYO\Mango_802.11_RefDes_v1.7.1\EDK_Projects\Mango_802.11_RefDes_v1.7.1\SDK_Workspace\svn_src\wlan_w3_common\include" -I"C:\Users\SOYO\Mango_802.11_RefDes_v1.7.1\EDK_Projects\Mango_802.11_RefDes_v1.7.1\SDK_Workspace\svn_src\wlan_mac_high_framework\wlan_exp_ip_udp" -I"C:\Users\SOYO\Mango_802.11_RefDes_v1.7.1\EDK_Projects\Mango_802.11_RefDes_v1.7.1\SDK_Workspace\svn_src\wlan_w3_high\include" -I"C:\Users\SOYO\Mango_802.11_RefDes_v1.7.1\EDK_Projects\Mango_802.11_RefDes_v1.7.1\SDK_Workspace\svn_src\wlan_mac_high_sta\include" -I"C:\Users\SOYO\Mango_802.11_RefDes_v1.7.1\EDK_Projects\Mango_802.11_RefDes_v1.7.1\SDK_Workspace\svn_src\wlan_mac_common_framework\include" -I"C:\Users\SOYO\Mango_802.11_RefDes_v1.7.1\EDK_Projects\Mango_802.11_RefDes_v1.7.1\SDK_Workspace\svn_src\wlan_mac_high_framework\include" -I../../wlan_bsp_cpu_high/mb_high/include -fdata-sections -ffunction-sections -c -fmessage-length=0 -Wclobbered -Wempty-body -Wmissing-field-initializers -Wmissing-parameter-type -Wold-style-declaration -Woverride-init -Wtype-limits -Wuninitialized -Wunused-but-set-parameter -Wformat -Wstrict-aliasing -Wshadow -Wl,--no-relax -I../../wlan_bsp_cpu_high/mb_high/include -mlittle-endian -mxl-barrel-shift -mxl-pattern-compare -mcpu=v8.40.b -mno-xl-soft-mul -MMD -MP -MF"wlan_mac_high_framework/wlan_mac_ltg.d" -MT"wlan_mac_high_framework/wlan_mac_ltg.d" -o"wlan_mac_high_framework/wlan_mac_ltg.o" "C:/Users/SOYO/Mango_802.11_RefDes_v1.7.1/EDK_Projects/Mango_802.11_RefDes_v1.7.1/SDK_Workspace/svn_src/wlan_mac_high_framework/wlan_mac_ltg.c"
mb-gcc -Wall -O3 -I"C:\Users\SOYO\Mango_802.11_RefDes_v1.7.1\EDK_Projects\Mango_802.11_RefDes_v1.7.1\SDK_Workspace\svn_src\wlan_w3_common\include" -I"C:\Users\SOYO\Mango_802.11_RefDes_v1.7.1\EDK_Projects\Mango_802.11_RefDes_v1.7.1\SDK_Workspace\svn_src\wlan_mac_high_framework\wlan_exp_ip_udp" -I"C:\Users\SOYO\Mango_802.11_RefDes_v1.7.1\EDK_Projects\Mango_802.11_RefDes_v1.7.1\SDK_Workspace\svn_src\wlan_w3_high\include" -I"C:\Users\SOYO\Mango_802.11_RefDes_v1.7.1\EDK_Projects\Mango_802.11_RefDes_v1.7.1\SDK_Workspace\svn_src\wlan_mac_high_sta\include" -I"C:\Users\SOYO\Mango_802.11_RefDes_v1.7.1\EDK_Projects\Mango_802.11_RefDes_v1.7.1\SDK_Workspace\svn_src\wlan_mac_common_framework\include" -I"C:\Users\SOYO\Mango_802.11_RefDes_v1.7.1\EDK_Projects\Mango_802.11_RefDes_v1.7.1\SDK_Workspace\svn_src\wlan_mac_high_framework\include" -I../../wlan_bsp_cpu_high/mb_high/include -fdata-sections -ffunction-sections -c -fmessage-length=0 -Wclobbered -Wempty-body -Wmissing-field-initializers -Wmissing-parameter-type -Wold-style-declaration -Woverride-init -Wtype-limits -Wuninitialized -Wunused-but-set-parameter -Wformat -Wstrict-aliasing -Wshadow -Wl,--no-relax -I../../wlan_bsp_cpu_high/mb_high/include -mlittle-endian -mxl-barrel-shift -mxl-pattern-compare -mcpu=v8.40.b -mno-xl-soft-mul -MMD -MP -MF"wlan_mac_high_framework/wlan_mac_network_info.d" -MT"wlan_mac_high_framework/wlan_mac_network_info.d" -o"wlan_mac_high_framework/wlan_mac_network_info.o" "C:/Users/SOYO/Mango_802.11_RefDes_v1.7.1/EDK_Projects/Mango_802.11_RefDes_v1.7.1/SDK_Workspace/svn_src/wlan_mac_high_framework/wlan_mac_network_info.c"
mb-gcc -Wall -O3 -I"C:\Users\SOYO\Mango_802.11_RefDes_v1.7.1\EDK_Projects\Mango_802.11_RefDes_v1.7.1\SDK_Workspace\svn_src\wlan_w3_common\include" -I"C:\Users\SOYO\Mango_802.11_RefDes_v1.7.1\EDK_Projects\Mango_802.11_RefDes_v1.7.1\SDK_Workspace\svn_src\wlan_mac_high_framework\wlan_exp_ip_udp" -I"C:\Users\SOYO\Mango_802.11_RefDes_v1.7.1\EDK_Projects\Mango_802.11_RefDes_v1.7.1\SDK_Workspace\svn_src\wlan_w3_high\include" -I"C:\Users\SOYO\Mango_802.11_RefDes_v1.7.1\EDK_Projects\Mango_802.11_RefDes_v1.7.1\SDK_Workspace\svn_src\wlan_mac_high_sta\include" -I"C:\Users\SOYO\Mango_802.11_RefDes_v1.7.1\EDK_Projects\Mango_802.11_RefDes_v1.7.1\SDK_Workspace\svn_src\wlan_mac_common_framework\include" -I"C:\Users\SOYO\Mango_802.11_RefDes_v1.7.1\EDK_Projects\Mango_802.11_RefDes_v1.7.1\SDK_Workspace\svn_src\wlan_mac_high_framework\include" -I../../wlan_bsp_cpu_high/mb_high/include -fdata-sections -ffunction-sections -c -fmessage-length=0 -Wclobbered -Wempty-body -Wmissing-field-initializers -Wmissing-parameter-type -Wold-style-declaration -Woverride-init -Wtype-limits -Wuninitialized -Wunused-but-set-parameter -Wformat -Wstrict-aliasing -Wshadow -Wl,--no-relax -I../../wlan_bsp_cpu_high/mb_high/include -mlittle-endian -mxl-barrel-shift -mxl-pattern-compare -mcpu=v8.40.b -mno-xl-soft-mul -MMD -MP -MF"wlan_mac_high_framework/wlan_mac_packet_types.d" -MT"wlan_mac_high_framework/wlan_mac_packet_types.d" -o"wlan_mac_high_framework/wlan_mac_packet_types.o" "C:/Users/SOYO/Mango_802.11_RefDes_v1.7.1/EDK_Projects/Mango_802.11_RefDes_v1.7.1/SDK_Workspace/svn_src/wlan_mac_high_framework/wlan_mac_packet_types.c"
mb-gcc -Wall -O3 -I"C:\Users\SOYO\Mango_802.11_RefDes_v1.7.1\EDK_Projects\Mango_802.11_RefDes_v1.7.1\SDK_Workspace\svn_src\wlan_w3_common\include" -I"C:\Users\SOYO\Mango_802.11_RefDes_v1.7.1\EDK_Projects\Mango_802.11_RefDes_v1.7.1\SDK_Workspace\svn_src\wlan_mac_high_framework\wlan_exp_ip_udp" -I"C:\Users\SOYO\Mango_802.11_RefDes_v1.7.1\EDK_Projects\Mango_802.11_RefDes_v1.7.1\SDK_Workspace\svn_src\wlan_w3_high\include" -I"C:\Users\SOYO\Mango_802.11_RefDes_v1.7.1\EDK_Projects\Mango_802.11_RefDes_v1.7.1\SDK_Workspace\svn_src\wlan_mac_high_sta\include" -I"C:\Users\SOYO\Mango_802.11_RefDes_v1.7.1\EDK_Projects\Mango_802.11_RefDes_v1.7.1\SDK_Workspace\svn_src\wlan_mac_common_framework\include" -I"C:\Users\SOYO\Mango_802.11_RefDes_v1.7.1\EDK_Projects\Mango_802.11_RefDes_v1.7.1\SDK_Workspace\svn_src\wlan_mac_high_framework\include" -I../../wlan_bsp_cpu_high/mb_high/include -fdata-sections -ffunction-sections -c -fmessage-length=0 -Wclobbered -Wempty-body -Wmissing-field-initializers -Wmissing-parameter-type -Wold-style-declaration -Woverride-init -Wtype-limits -Wuninitialized -Wunused-but-set-parameter -Wformat -Wstrict-aliasing -Wshadow -Wl,--no-relax -I../../wlan_bsp_cpu_high/mb_high/include -mlittle-endian -mxl-barrel-shift -mxl-pattern-compare -mcpu=v8.40.b -mno-xl-soft-mul -MMD -MP -MF"wlan_mac_high_framework/wlan_mac_queue.d" -MT"wlan_mac_high_framework/wlan_mac_queue.d" -o"wlan_mac_high_framework/wlan_mac_queue.o" "C:/Users/SOYO/Mango_802.11_RefDes_v1.7.1/EDK_Projects/Mango_802.11_RefDes_v1.7.1/SDK_Workspace/svn_src/wlan_mac_high_framework/wlan_mac_queue.c"
mb-gcc -Wall -O3 -I"C:\Users\SOYO\Mango_802.11_RefDes_v1.7.1\EDK_Projects\Mango_802.11_RefDes_v1.7.1\SDK_Workspace\svn_src\wlan_w3_common\include" -I"C:\Users\SOYO\Mango_802.11_RefDes_v1.7.1\EDK_Projects\Mango_802.11_RefDes_v1.7.1\SDK_Workspace\svn_src\wlan_mac_high_framework\wlan_exp_ip_udp" -I"C:\Users\SOYO\Mango_802.11_RefDes_v1.7.1\EDK_Projects\Mango_802.11_RefDes_v1.7.1\SDK_Workspace\svn_src\wlan_w3_high\include" -I"C:\Users\SOYO\Mango_802.11_RefDes_v1.7.1\EDK_Projects\Mango_802.11_RefDes_v1.7.1\SDK_Workspace\svn_src\wlan_mac_high_sta\include" -I"C:\Users\SOYO\Mango_802.11_RefDes_v1.7.1\EDK_Projects\Mango_802.11_RefDes_v1.7.1\SDK_Workspace\svn_src\wlan_mac_common_framework\include" -I"C:\Users\SOYO\Mango_802.11_RefDes_v1.7.1\EDK_Projects\Mango_802.11_RefDes_v1.7.1\SDK_Workspace\svn_src\wlan_mac_high_framework\include" -I../../wlan_bsp_cpu_high/mb_high/include -fdata-sections -ffunction-sections -c -fmessage-length=0 -Wclobbered -Wempty-body -Wmissing-field-initializers -Wmissing-parameter-type -Wold-style-declaration -Woverride-init -Wtype-limits -Wuninitialized -Wunused-but-set-parameter -Wformat -Wstrict-aliasing -Wshadow -Wl,--no-relax -I../../wlan_bsp_cpu_high/mb_high/include -mlittle-endian -mxl-barrel-shift -mxl-pattern-compare -mcpu=v8.40.b -mno-xl-soft-mul -MMD -MP -MF"wlan_mac_high_framework/wlan_mac_scan.d" -MT"wlan_mac_high_framework/wlan_mac_scan.d" -o"wlan_mac_high_framework/wlan_mac_scan.o" "C:/Users/SOYO/Mango_802.11_RefDes_v1.7.1/EDK_Projects/Mango_802.11_RefDes_v1.7.1/SDK_Workspace/svn_src/wlan_mac_high_framework/wlan_mac_scan.c"
mb-gcc -Wall -O3 -I"C:\Users\SOYO\Mango_802.11_RefDes_v1.7.1\EDK_Projects\Mango_802.11_RefDes_v1.7.1\SDK_Workspace\svn_src\wlan_w3_common\include" -I"C:\Users\SOYO\Mango_802.11_RefDes_v1.7.1\EDK_Projects\Mango_802.11_RefDes_v1.7.1\SDK_Workspace\svn_src\wlan_mac_high_framework\wlan_exp_ip_udp" -I"C:\Users\SOYO\Mango_802.11_RefDes_v1.7.1\EDK_Projects\Mango_802.11_RefDes_v1.7.1\SDK_Workspace\svn_src\wlan_w3_high\include" -I"C:\Users\SOYO\Mango_802.11_RefDes_v1.7.1\EDK_Projects\Mango_802.11_RefDes_v1.7.1\SDK_Workspace\svn_src\wlan_mac_high_sta\include" -I"C:\Users\SOYO\Mango_802.11_RefDes_v1.7.1\EDK_Projects\Mango_802.11_RefDes_v1.7.1\SDK_Workspace\svn_src\wlan_mac_common_framework\include" -I"C:\Users\SOYO\Mango_802.11_RefDes_v1.7.1\EDK_Projects\Mango_802.11_RefDes_v1.7.1\SDK_Workspace\svn_src\wlan_mac_high_framework\include" -I../../wlan_bsp_cpu_high/mb_high/include -fdata-sections -ffunction-sections -c -fmessage-length=0 -Wclobbered -Wempty-body -Wmissing-field-initializers -Wmissing-parameter-type -Wold-style-declaration -Woverride-init -Wtype-limits -Wuninitialized -Wunused-but-set-parameter -Wformat -Wstrict-aliasing -Wshadow -Wl,--no-relax -I../../wlan_bsp_cpu_high/mb_high/include -mlittle-endian -mxl-barrel-shift -mxl-pattern-compare -mcpu=v8.40.b -mno-xl-soft-mul -MMD -MP -MF"wlan_mac_high_framework/wlan_mac_schedule.d" -MT"wlan_mac_high_framework/wlan_mac_schedule.d" -o"wlan_mac_high_framework/wlan_mac_schedule.o" "C:/Users/SOYO/Mango_802.11_RefDes_v1.7.1/EDK_Projects/Mango_802.11_RefDes_v1.7.1/SDK_Workspace/svn_src/wlan_mac_high_framework/wlan_mac_schedule.c"
mb-gcc -Wall -O3 -I"C:\Users\SOYO\Mango_802.11_RefDes_v1.7.1\EDK_Projects\Mango_802.11_RefDes_v1.7.1\SDK_Workspace\svn_src\wlan_w3_common\include" -I"C:\Users\SOYO\Mango_802.11_RefDes_v1.7.1\EDK_Projects\Mango_802.11_RefDes_v1.7.1\SDK_Workspace\svn_src\wlan_mac_high_framework\wlan_exp_ip_udp" -I"C:\Users\SOYO\Mango_802.11_RefDes_v1.7.1\EDK_Projects\Mango_802.11_RefDes_v1.7.1\SDK_Workspace\svn_src\wlan_w3_high\include" -I"C:\Users\SOYO\Mango_802.11_RefDes_v1.7.1\EDK_Projects\Mango_802.11_RefDes_v1.7.1\SDK_Workspace\svn_src\wlan_mac_high_sta\include" -I"C:\Users\SOYO\Mango_802.11_RefDes_v1.7.1\EDK_Projects\Mango_802.11_RefDes_v1.7.1\SDK_Workspace\svn_src\wlan_mac_common_framework\include" -I"C:\Users\SOYO\Mango_802.11_RefDes_v1.7.1\EDK_Projects\Mango_802.11_RefDes_v1.7.1\SDK_Workspace\svn_src\wlan_mac_high_framework\include" -I../../wlan_bsp_cpu_high/mb_high/include -fdata-sections -ffunction-sections -c -fmessage-length=0 -Wclobbered -Wempty-body -Wmissing-field-initializers -Wmissing-parameter-type -Wold-style-declaration -Woverride-init -Wtype-limits -Wuninitialized -Wunused-but-set-parameter -Wformat -Wstrict-aliasing -Wshadow -Wl,--no-relax -I../../wlan_bsp_cpu_high/mb_high/include -mlittle-endian -mxl-barrel-shift -mxl-pattern-compare -mcpu=v8.40.b -mno-xl-soft-mul -MMD -MP -MF"wlan_mac_high_framework/wlan_mac_station_info.d" -MT"wlan_mac_high_framework/wlan_mac_station_info.d" -o"wlan_mac_high_framework/wlan_mac_station_info.o" "C:/Users/SOYO/Mango_802.11_RefDes_v1.7.1/EDK_Projects/Mango_802.11_RefDes_v1.7.1/SDK_Workspace/svn_src/wlan_mac_high_framework/wlan_mac_station_info.c"
mb-gcc -Wall -O3 -I"C:\Users\SOYO\Mango_802.11_RefDes_v1.7.1\EDK_Projects\Mango_802.11_RefDes_v1.7.1\SDK_Workspace\svn_src\wlan_w3_common\include" -I"C:\Users\SOYO\Mango_802.11_RefDes_v1.7.1\EDK_Projects\Mango_802.11_RefDes_v1.7.1\SDK_Workspace\svn_src\wlan_mac_high_framework\wlan_exp_ip_udp" -I"C:\Users\SOYO\Mango_802.11_RefDes_v1.7.1\EDK_Projects\Mango_802.11_RefDes_v1.7.1\SDK_Workspace\svn_src\wlan_w3_high\include" -I"C:\Users\SOYO\Mango_802.11_RefDes_v1.7.1\EDK_Projects\Mango_802.11_RefDes_v1.7.1\SDK_Workspace\svn_src\wlan_mac_high_sta\include" -I"C:\Users\SOYO\Mango_802.11_RefDes_v1.7.1\EDK_Projects\Mango_802.11_RefDes_v1.7.1\SDK_Workspace\svn_src\wlan_mac_common_framework\include" -I"C:\Users\SOYO\Mango_802.11_RefDes_v1.7.1\EDK_Projects\Mango_802.11_RefDes_v1.7.1\SDK_Workspace\svn_src\wlan_mac_high_framework\include" -I../../wlan_bsp_cpu_high/mb_high/include -fdata-sections -ffunction-sections -c -fmessage-length=0 -Wclobbered -Wempty-body -Wmissing-field-initializers -Wmissing-parameter-type -Wold-style-declaration -Woverride-init -Wtype-limits -Wuninitialized -Wunused-but-set-parameter -Wformat -Wstrict-aliasing -Wshadow -Wl,--no-relax -I../../wlan_bsp_cpu_high/mb_high/include -mlittle-endian -mxl-barrel-shift -mxl-pattern-compare -mcpu=v8.40.b -mno-xl-soft-mul -MMD -MP -MF"wlan_mac_high_framework/wlan_exp_ip_udp/wlan_exp_ip_udp_config.d" -MT"wlan_mac_high_framework/wlan_exp_ip_udp/wlan_exp_ip_udp_config.d" -o"wlan_mac_high_framework/wlan_exp_ip_udp/wlan_exp_ip_udp_config.o" "C:/Users/SOYO/Mango_802.11_RefDes_v1.7.1/EDK_Projects/Mango_802.11_RefDes_v1.7.1/SDK_Workspace/svn_src/wlan_mac_high_framework/wlan_exp_ip_udp/wlan_exp_ip_udp_config.c"
mb-gcc -Wall -O3 -I"C:\Users\SOYO\Mango_802.11_RefDes_v1.7.1\EDK_Projects\Mango_802.11_RefDes_v1.7.1\SDK_Workspace\svn_src\wlan_w3_common\include" -I"C:\Users\SOYO\Mango_802.11_RefDes_v1.7.1\EDK_Projects\Mango_802.11_RefDes_v1.7.1\SDK_Workspace\svn_src\wlan_mac_high_framework\wlan_exp_ip_udp" -I"C:\Users\SOYO\Mango_802.11_RefDes_v1.7.1\EDK_Projects\Mango_802.11_RefDes_v1.7.1\SDK_Workspace\svn_src\wlan_w3_high\include" -I"C:\Users\SOYO\Mango_802.11_RefDes_v1.7.1\EDK_Projects\Mango_802.11_RefDes_v1.7.1\SDK_Workspace\svn_src\wlan_mac_high_sta\include" -I"C:\Users\SOYO\Mango_802.11_RefDes_v1.7.1\EDK_Projects\Mango_802.11_RefDes_v1.7.1\SDK_Workspace\svn_src\wlan_mac_common_framework\include" -I"C:\Users\SOYO\Mango_802.11_RefDes_v1.7.1\EDK_Projects\Mango_802.11_RefDes_v1.7.1\SDK_Workspace\svn_src\wlan_mac_high_framework\include" -I../../wlan_bsp_cpu_high/mb_high/include -fdata-sections -ffunction-sections -c -fmessage-length=0 -Wclobbered -Wempty-body -Wmissing-field-initializers -Wmissing-parameter-type -Wold-style-declaration -Woverride-init -Wtype-limits -Wuninitialized -Wunused-but-set-parameter -Wformat -Wstrict-aliasing -Wshadow -Wl,--no-relax -I../../wlan_bsp_cpu_high/mb_high/include -mlittle-endian -mxl-barrel-shift -mxl-pattern-compare -mcpu=v8.40.b -mno-xl-soft-mul -MMD -MP -MF"wlan_mac_high_framework/wlan_exp_ip_udp/wlan_exp_ip_udp_eth.d" -MT"wlan_mac_high_framework/wlan_exp_ip_udp/wlan_exp_ip_udp_eth.d" -o"wlan_mac_high_framework/wlan_exp_ip_udp/wlan_exp_ip_udp_eth.o" "C:/Users/SOYO/Mango_802.11_RefDes_v1.7.1/EDK_Projects/Mango_802.11_RefDes_v1.7.1/SDK_Workspace/svn_src/wlan_mac_high_framework/wlan_exp_ip_udp/wlan_exp_ip_udp_eth.c"
mb-gcc -Wall -O3 -I"C:\Users\SOYO\Mango_802.11_RefDes_v1.7.1\EDK_Projects\Mango_802.11_RefDes_v1.7.1\SDK_Workspace\svn_src\wlan_w3_common\include" -I"C:\Users\SOYO\Mango_802.11_RefDes_v1.7.1\EDK_Projects\Mango_802.11_RefDes_v1.7.1\SDK_Workspace\svn_src\wlan_mac_high_framework\wlan_exp_ip_udp" -I"C:\Users\SOYO\Mango_802.11_RefDes_v1.7.1\EDK_Projects\Mango_802.11_RefDes_v1.7.1\SDK_Workspace\svn_src\wlan_w3_high\include" -I"C:\Users\SOYO\Mango_802.11_RefDes_v1.7.1\EDK_Projects\Mango_802.11_RefDes_v1.7.1\SDK_Workspace\svn_src\wlan_mac_high_sta\include" -I"C:\Users\SOYO\Mango_802.11_RefDes_v1.7.1\EDK_Projects\Mango_802.11_RefDes_v1.7.1\SDK_Workspace\svn_src\wlan_mac_common_framework\include" -I"C:\Users\SOYO\Mango_802.11_RefDes_v1.7.1\EDK_Projects\Mango_802.11_RefDes_v1.7.1\SDK_Workspace\svn_src\wlan_mac_high_framework\include" -I../../wlan_bsp_cpu_high/mb_high/include -fdata-sections -ffunction-sections -c -fmessage-length=0 -Wclobbered -Wempty-body -Wmissing-field-initializers -Wmissing-parameter-type -Wold-style-declaration -Woverride-init -Wtype-limits -Wuninitialized -Wunused-but-set-parameter -Wformat -Wstrict-aliasing -Wshadow -Wl,--no-relax -I../../wlan_bsp_cpu_high/mb_high/include -mlittle-endian -mxl-barrel-shift -mxl-pattern-compare -mcpu=v8.40.b -mno-xl-soft-mul -MMD -MP -MF"wlan_mac_high_framework/wlan_exp_ip_udp/wlan_exp_ip_udp_init.d" -MT"wlan_mac_high_framework/wlan_exp_ip_udp/wlan_exp_ip_udp_init.d" -o"wlan_mac_high_framework/wlan_exp_ip_udp/wlan_exp_ip_udp_init.o" "C:/Users/SOYO/Mango_802.11_RefDes_v1.7.1/EDK_Projects/Mango_802.11_RefDes_v1.7.1/SDK_Workspace/svn_src/wlan_mac_high_framework/wlan_exp_ip_udp/wlan_exp_ip_udp_init.c"
mb-gcc -Wall -O3 -I"C:\Users\SOYO\Mango_802.11_RefDes_v1.7.1\EDK_Projects\Mango_802.11_RefDes_v1.7.1\SDK_Workspace\svn_src\wlan_w3_common\include" -I"C:\Users\SOYO\Mango_802.11_RefDes_v1.7.1\EDK_Projects\Mango_802.11_RefDes_v1.7.1\SDK_Workspace\svn_src\wlan_mac_high_framework\wlan_exp_ip_udp" -I"C:\Users\SOYO\Mango_802.11_RefDes_v1.7.1\EDK_Projects\Mango_802.11_RefDes_v1.7.1\SDK_Workspace\svn_src\wlan_w3_high\include" -I"C:\Users\SOYO\Mango_802.11_RefDes_v1.7.1\EDK_Projects\Mango_802.11_RefDes_v1.7.1\SDK_Workspace\svn_src\wlan_mac_high_sta\include" -I"C:\Users\SOYO\Mango_802.11_RefDes_v1.7.1\EDK_Projects\Mango_802.11_RefDes_v1.7.1\SDK_Workspace\svn_src\wlan_mac_common_framework\include" -I"C:\Users\SOYO\Mango_802.11_RefDes_v1.7.1\EDK_Projects\Mango_802.11_RefDes_v1.7.1\SDK_Workspace\svn_src\wlan_mac_high_framework\include" -I../../wlan_bsp_cpu_high/mb_high/include -fdata-sections -ffunction-sections -c -fmessage-length=0 -Wclobbered -Wempty-body -Wmissing-field-initializers -Wmissing-parameter-type -Wold-style-declaration -Woverride-init -Wtype-limits -Wuninitialized -Wunused-but-set-parameter -Wformat -Wstrict-aliasing -Wshadow -Wl,--no-relax -I../../wlan_bsp_cpu_high/mb_high/include -mlittle-endian -mxl-barrel-shift -mxl-pattern-compare -mcpu=v8.40.b -mno-xl-soft-mul -MMD -MP -MF"wlan_mac_high_framework/wlan_exp_ip_udp/wlan_exp_ip_udp_ip_udp.d" -MT"wlan_mac_high_framework/wlan_exp_ip_udp/wlan_exp_ip_udp_ip_udp.d" -o"wlan_mac_high_framework/wlan_exp_ip_udp/wlan_exp_ip_udp_ip_udp.o" "C:/Users/SOYO/Mango_802.11_RefDes_v1.7.1/EDK_Projects/Mango_802.11_RefDes_v1.7.1/SDK_Workspace/svn_src/wlan_mac_high_framework/wlan_exp_ip_udp/wlan_exp_ip_udp_ip_udp.c"
mb-gcc -Wall -O3 -I"C:\Users\SOYO\Mango_802.11_RefDes_v1.7.1\EDK_Projects\Mango_802.11_RefDes_v1.7.1\SDK_Workspace\svn_src\wlan_w3_common\include" -I"C:\Users\SOYO\Mango_802.11_RefDes_v1.7.1\EDK_Projects\Mango_802.11_RefDes_v1.7.1\SDK_Workspace\svn_src\wlan_mac_high_framework\wlan_exp_ip_udp" -I"C:\Users\SOYO\Mango_802.11_RefDes_v1.7.1\EDK_Projects\Mango_802.11_RefDes_v1.7.1\SDK_Workspace\svn_src\wlan_w3_high\include" -I"C:\Users\SOYO\Mango_802.11_RefDes_v1.7.1\EDK_Projects\Mango_802.11_RefDes_v1.7.1\SDK_Workspace\svn_src\wlan_mac_high_sta\include" -I"C:\Users\SOYO\Mango_802.11_RefDes_v1.7.1\EDK_Projects\Mango_802.11_RefDes_v1.7.1\SDK_Workspace\svn_src\wlan_mac_common_framework\include" -I"C:\Users\SOYO\Mango_802.11_RefDes_v1.7.1\EDK_Projects\Mango_802.11_RefDes_v1.7.1\SDK_Workspace\svn_src\wlan_mac_high_framework\include" -I../../wlan_bsp_cpu_high/mb_high/include -fdata-sections -ffunction-sections -c -fmessage-length=0 -Wclobbered -Wempty-body -Wmissing-field-initializers -Wmissing-parameter-type -Wold-style-declaration -Woverride-init -Wtype-limits -Wuninitialized -Wunused-but-set-parameter -Wformat -Wstrict-aliasing -Wshadow -Wl,--no-relax -I../../wlan_bsp_cpu_high/mb_high/include -mlittle-endian -mxl-barrel-shift -mxl-pattern-compare -mcpu=v8.40.b -mno-xl-soft-mul -MMD -MP -MF"wlan_mac_high_framework/wlan_exp_ip_udp/wlan_exp_ip_udp_socket.d" -MT"wlan_mac_high_framework/wlan_exp_ip_udp/wlan_exp_ip_udp_socket.d" -o"wlan_mac_high_framework/wlan_exp_ip_udp/wlan_exp_ip_udp_socket.o" "C:/Users/SOYO/Mango_802.11_RefDes_v1.7.1/EDK_Projects/Mango_802.11_RefDes_v1.7.1/SDK_Workspace/svn_src/wlan_mac_high_framework/wlan_exp_ip_udp/wlan_exp_ip_udp_socket.c"
mb-gcc -Wall -O3 -I"C:\Users\SOYO\Mango_802.11_RefDes_v1.7.1\EDK_Projects\Mango_802.11_RefDes_v1.7.1\SDK_Workspace\svn_src\wlan_w3_common\include" -I"C:\Users\SOYO\Mango_802.11_RefDes_v1.7.1\EDK_Projects\Mango_802.11_RefDes_v1.7.1\SDK_Workspace\svn_src\wlan_mac_high_framework\wlan_exp_ip_udp" -I"C:\Users\SOYO\Mango_802.11_RefDes_v1.7.1\EDK_Projects\Mango_802.11_RefDes_v1.7.1\SDK_Workspace\svn_src\wlan_w3_high\include" -I"C:\Users\SOYO\Mango_802.11_RefDes_v1.7.1\EDK_Projects\Mango_802.11_RefDes_v1.7.1\SDK_Workspace\svn_src\wlan_mac_high_sta\include" -I"C:\Users\SOYO\Mango_802.11_RefDes_v1.7.1\EDK_Projects\Mango_802.11_RefDes_v1.7.1\SDK_Workspace\svn_src\wlan_mac_common_framework\include" -I"C:\Users\SOYO\Mango_802.11_RefDes_v1.7.1\EDK_Projects\Mango_802.11_RefDes_v1.7.1\SDK_Workspace\svn_src\wlan_mac_high_framework\include" -I../../wlan_bsp_cpu_high/mb_high/include -fdata-sections -ffunction-sections -c -fmessage-length=0 -Wclobbered -Wempty-body -Wmissing-field-initializers -Wmissing-parameter-type -Wold-style-declaration -Woverride-init -Wtype-limits -Wuninitialized -Wunused-but-set-parameter -Wformat -Wstrict-aliasing -Wshadow -Wl,--no-relax -I../../wlan_bsp_cpu_high/mb_high/include -mlittle-endian -mxl-barrel-shift -mxl-pattern-compare -mcpu=v8.40.b -mno-xl-soft-mul -MMD -MP -MF"wlan_mac_common_framework/wlan_mac_common.d" -MT"wlan_mac_common_framework/wlan_mac_common.d" -o"wlan_mac_common_framework/wlan_mac_common.o" "C:/Users/SOYO/Mango_802.11_RefDes_v1.7.1/EDK_Projects/Mango_802.11_RefDes_v1.7.1/SDK_Workspace/svn_src/wlan_mac_common_framework/wlan_mac_common.c"
mb-gcc -Wall -O3 -I"C:\Users\SOYO\Mango_802.11_RefDes_v1.7.1\EDK_Projects\Mango_802.11_RefDes_v1.7.1\SDK_Workspace\svn_src\wlan_w3_common\include" -I"C:\Users\SOYO\Mango_802.11_RefDes_v1.7.1\EDK_Projects\Mango_802.11_RefDes_v1.7.1\SDK_Workspace\svn_src\wlan_mac_high_framework\wlan_exp_ip_udp" -I"C:\Users\SOYO\Mango_802.11_RefDes_v1.7.1\EDK_Projects\Mango_802.11_RefDes_v1.7.1\SDK_Workspace\svn_src\wlan_w3_high\include" -I"C:\Users\SOYO\Mango_802.11_RefDes_v1.7.1\EDK_Projects\Mango_802.11_RefDes_v1.7.1\SDK_Workspace\svn_src\wlan_mac_high_sta\include" -I"C:\Users\SOYO\Mango_802.11_RefDes_v1.7.1\EDK_Projects\Mango_802.11_RefDes_v1.7.1\SDK_Workspace\svn_src\wlan_mac_common_framework\include" -I"C:\Users\SOYO\Mango_802.11_RefDes_v1.7.1\EDK_Projects\Mango_802.11_RefDes_v1.7.1\SDK_Workspace\svn_src\wlan_mac_high_framework\include" -I../../wlan_bsp_cpu_high/mb_high/include -fdata-sections -ffunction-sections -c -fmessage-length=0 -Wclobbered -Wempty-body -Wmissing-field-initializers -Wmissing-parameter-type -Wold-style-declaration -Woverride-init -Wtype-limits -Wuninitialized -Wunused-but-set-parameter -Wformat -Wstrict-aliasing -Wshadow -Wl,--no-relax -I../../wlan_bsp_cpu_high/mb_high/include -mlittle-endian -mxl-barrel-shift -mxl-pattern-compare -mcpu=v8.40.b -mno-xl-soft-mul -MMD -MP -MF"wlan_mac_common_framework/wlan_mac_dl_list.d" -MT"wlan_mac_common_framework/wlan_mac_dl_list.d" -o"wlan_mac_common_framework/wlan_mac_dl_list.o" "C:/Users/SOYO/Mango_802.11_RefDes_v1.7.1/EDK_Projects/Mango_802.11_RefDes_v1.7.1/SDK_Workspace/svn_src/wlan_mac_common_framework/wlan_mac_dl_list.c"
mb-gcc -Wall -O3 -I"C:\Users\SOYO\Mango_802.11_RefDes_v1.7.1\EDK_Projects\Mango_802.11_RefDes_v1.7.1\SDK_Workspace\svn_src\wlan_w3_common\include" -I"C:\Users\SOYO\Mango_802.11_RefDes_v1.7.1\EDK_Projects\Mango_802.11_RefDes_v1.7.1\SDK_Workspace\svn_src\wlan_mac_high_framework\wlan_exp_ip_udp" -I"C:\Users\SOYO\Mango_802.11_RefDes_v1.7.1\EDK_Projects\Mango_802.11_RefDes_v1.7.1\SDK_Workspace\svn_src\wlan_w3_high\include" -I"C:\Users\SOYO\Mango_802.11_RefDes_v1.7.1\EDK_Projects\Mango_802.11_RefDes_v1.7.1\SDK_Workspace\svn_src\wlan_mac_high_sta\include" -I"C:\Users\SOYO\Mango_802.11_RefDes_v1.7.1\EDK_Projects\Mango_802.11_RefDes_v1.7.1\SDK_Workspace\svn_src\wlan_mac_common_framework\include" -I"C:\Users\SOYO\Mango_802.11_RefDes_v1.7.1\EDK_Projects\Mango_802.11_RefDes_v1.7.1\SDK_Workspace\svn_src\wlan_mac_high_framework\include" -I../../wlan_bsp_cpu_high/mb_high/include -fdata-sections -ffunction-sections -c -fmessage-length=0 -Wclobbered -Wempty-body -Wmissing-field-initializers -Wmissing-parameter-type -Wold-style-declaration -Woverride-init -Wtype-limits -Wuninitialized -Wunused-but-set-parameter -Wformat -Wstrict-aliasing -Wshadow -Wl,--no-relax -I../../wlan_bsp_cpu_high/mb_high/include -mlittle-endian -mxl-barrel-shift -mxl-pattern-compare -mcpu=v8.40.b -mno-xl-soft-mul -MMD -MP -MF"wlan_mac_common_framework/wlan_mac_mailbox_util.d" -MT"wlan_mac_common_framework/wlan_mac_mailbox_util.d" -o"wlan_mac_common_framework/wlan_mac_mailbox_util.o" "C:/Users/SOYO/Mango_802.11_RefDes_v1.7.1/EDK_Projects/Mango_802.11_RefDes_v1.7.1/SDK_Workspace/svn_src/wlan_mac_common_framework/wlan_mac_mailbox_util.c"
mb-gcc -Wall -O3 -I"C:\Users\SOYO\Mango_802.11_RefDes_v1.7.1\EDK_Projects\Mango_802.11_RefDes_v1.7.1\SDK_Workspace\svn_src\wlan_w3_common\include" -I"C:\Users\SOYO\Mango_802.11_RefDes_v1.7.1\EDK_Projects\Mango_802.11_RefDes_v1.7.1\SDK_Workspace\svn_src\wlan_mac_high_framework\wlan_exp_ip_udp" -I"C:\Users\SOYO\Mango_802.11_RefDes_v1.7.1\EDK_Projects\Mango_802.11_RefDes_v1.7.1\SDK_Workspace\svn_src\wlan_w3_high\include" -I"C:\Users\SOYO\Mango_802.11_RefDes_v1.7.1\EDK_Projects\Mango_802.11_RefDes_v1.7.1\SDK_Workspace\svn_src\wlan_mac_high_sta\include" -I"C:\Users\SOYO\Mango_802.11_RefDes_v1.7.1\EDK_Projects\Mango_802.11_RefDes_v1.7.1\SDK_Workspace\svn_src\wlan_mac_common_framework\include" -I"C:\Users\SOYO\Mango_802.11_RefDes_v1.7.1\EDK_Projects\Mango_802.11_RefDes_v1.7.1\SDK_Workspace\svn_src\wlan_mac_high_framework\include" -I../../wlan_bsp_cpu_high/mb_high/include -fdata-sections -ffunction-sections -c -fmessage-length=0 -Wclobbered -Wempty-body -Wmissing-field-initializers -Wmissing-parameter-type -Wold-style-declaration -Woverride-init -Wtype-limits -Wuninitialized -Wunused-but-set-parameter -Wformat -Wstrict-aliasing -Wshadow -Wl,--no-relax -I../../wlan_bsp_cpu_high/mb_high/include -mlittle-endian -mxl-barrel-shift -mxl-pattern-compare -mcpu=v8.40.b -mno-xl-soft-mul -MMD -MP -MF"wlan_mac_common_framework/wlan_mac_pkt_buf_util.d" -MT"wlan_mac_common_framework/wlan_mac_pkt_buf_util.d" -o"wlan_mac_common_framework/wlan_mac_pkt_buf_util.o" "C:/Users/SOYO/Mango_802.11_RefDes_v1.7.1/EDK_Projects/Mango_802.11_RefDes_v1.7.1/SDK_Workspace/svn_src/wlan_mac_common_framework/wlan_mac_pkt_buf_util.c"
mb-gcc -Wall -O3 -I"C:\Users\SOYO\Mango_802.11_RefDes_v1.7.1\EDK_Projects\Mango_802.11_RefDes_v1.7.1\SDK_Workspace\svn_src\wlan_w3_common\include" -I"C:\Users\SOYO\Mango_802.11_RefDes_v1.7.1\EDK_Projects\Mango_802.11_RefDes_v1.7.1\SDK_Workspace\svn_src\wlan_mac_high_framework\wlan_exp_ip_udp" -I"C:\Users\SOYO\Mango_802.11_RefDes_v1.7.1\EDK_Projects\Mango_802.11_RefDes_v1.7.1\SDK_Workspace\svn_src\wlan_w3_high\include" -I"C:\Users\SOYO\Mango_802.11_RefDes_v1.7.1\EDK_Projects\Mango_802.11_RefDes_v1.7.1\SDK_Workspace\svn_src\wlan_mac_high_sta\include" -I"C:\Users\SOYO\Mango_802.11_RefDes_v1.7.1\EDK_Projects\Mango_802.11_RefDes_v1.7.1\SDK_Workspace\svn_src\wlan_mac_common_framework\include" -I"C:\Users\SOYO\Mango_802.11_RefDes_v1.7.1\EDK_Projects\Mango_802.11_RefDes_v1.7.1\SDK_Workspace\svn_src\wlan_mac_high_framework\include" -I../../wlan_bsp_cpu_high/mb_high/include -fdata-sections -ffunction-sections -c -fmessage-length=0 -Wclobbered -Wempty-body -Wmissing-field-initializers -Wmissing-parameter-type -Wold-style-declaration -Woverride-init -Wtype-limits -Wuninitialized -Wunused-but-set-parameter -Wformat -Wstrict-aliasing -Wshadow -Wl,--no-relax -I../../wlan_bsp_cpu_high/mb_high/include -mlittle-endian -mxl-barrel-shift -mxl-pattern-compare -mcpu=v8.40.b -mno-xl-soft-mul -MMD -MP -MF"src/wlan_exp_node_sta.d" -MT"src/wlan_exp_node_sta.d" -o"src/wlan_exp_node_sta.o" "C:/Users/SOYO/Mango_802.11_RefDes_v1.7.1/EDK_Projects/Mango_802.11_RefDes_v1.7.1/SDK_Workspace/svn_src/wlan_mac_high_sta/wlan_exp_node_sta.c"
mb-gcc -Wall -O3 -I"C:\Users\SOYO\Mango_802.11_RefDes_v1.7.1\EDK_Projects\Mango_802.11_RefDes_v1.7.1\SDK_Workspace\svn_src\wlan_w3_common\include" -I"C:\Users\SOYO\Mango_802.11_RefDes_v1.7.1\EDK_Projects\Mango_802.11_RefDes_v1.7.1\SDK_Workspace\svn_src\wlan_mac_high_framework\wlan_exp_ip_udp" -I"C:\Users\SOYO\Mango_802.11_RefDes_v1.7.1\EDK_Projects\Mango_802.11_RefDes_v1.7.1\SDK_Workspace\svn_src\wlan_w3_high\include" -I"C:\Users\SOYO\Mango_802.11_RefDes_v1.7.1\EDK_Projects\Mango_802.11_RefDes_v1.7.1\SDK_Workspace\svn_src\wlan_mac_high_sta\include" -I"C:\Users\SOYO\Mango_802.11_RefDes_v1.7.1\EDK_Projects\Mango_802.11_RefDes_v1.7.1\SDK_Workspace\svn_src\wlan_mac_common_framework\include" -I"C:\Users\SOYO\Mango_802.11_RefDes_v1.7.1\EDK_Projects\Mango_802.11_RefDes_v1.7.1\SDK_Workspace\svn_src\wlan_mac_high_framework\include" -I../../wlan_bsp_cpu_high/mb_high/include -fdata-sections -ffunction-sections -c -fmessage-length=0 -Wclobbered -Wempty-body -Wmissing-field-initializers -Wmissing-parameter-type -Wold-style-declaration -Woverride-init -Wtype-limits -Wuninitialized -Wunused-but-set-parameter -Wformat -Wstrict-aliasing -Wshadow -Wl,--no-relax -I../../wlan_bsp_cpu_high/mb_high/include -mlittle-endian -mxl-barrel-shift -mxl-pattern-compare -mcpu=v8.40.b -mno-xl-soft-mul -MMD -MP -MF"src/wlan_mac_sta.d" -MT"src/wlan_mac_sta.d" -o"src/wlan_mac_sta.o" "C:/Users/SOYO/Mango_802.11_RefDes_v1.7.1/EDK_Projects/Mango_802.11_RefDes_v1.7.1/SDK_Workspace/svn_src/wlan_mac_high_sta/wlan_mac_sta.c"
mb-gcc -Wall -O3 -I"C:\Users\SOYO\Mango_802.11_RefDes_v1.7.1\EDK_Projects\Mango_802.11_RefDes_v1.7.1\SDK_Workspace\svn_src\wlan_w3_common\include" -I"C:\Users\SOYO\Mango_802.11_RefDes_v1.7.1\EDK_Projects\Mango_802.11_RefDes_v1.7.1\SDK_Workspace\svn_src\wlan_mac_high_framework\wlan_exp_ip_udp" -I"C:\Users\SOYO\Mango_802.11_RefDes_v1.7.1\EDK_Projects\Mango_802.11_RefDes_v1.7.1\SDK_Workspace\svn_src\wlan_w3_high\include" -I"C:\Users\SOYO\Mango_802.11_RefDes_v1.7.1\EDK_Projects\Mango_802.11_RefDes_v1.7.1\SDK_Workspace\svn_src\wlan_mac_high_sta\include" -I"C:\Users\SOYO\Mango_802.11_RefDes_v1.7.1\EDK_Projects\Mango_802.11_RefDes_v1.7.1\SDK_Workspace\svn_src\wlan_mac_common_framework\include" -I"C:\Users\SOYO\Mango_802.11_RefDes_v1.7.1\EDK_Projects\Mango_802.11_RefDes_v1.7.1\SDK_Workspace\svn_src\wlan_mac_high_framework\include" -I../../wlan_bsp_cpu_high/mb_high/include -fdata-sections -ffunction-sections -c -fmessage-length=0 -Wclobbered -Wempty-body -Wmissing-field-initializers -Wmissing-parameter-type -Wold-style-declaration -Woverride-init -Wtype-limits -Wuninitialized -Wunused-but-set-parameter -Wformat -Wstrict-aliasing -Wshadow -Wl,--no-relax -I../../wlan_bsp_cpu_high/mb_high/include -mlittle-endian -mxl-barrel-shift -mxl-pattern-compare -mcpu=v8.40.b -mno-xl-soft-mul -MMD -MP -MF"src/wlan_mac_sta_join.d" -MT"src/wlan_mac_sta_join.d" -o"src/wlan_mac_sta_join.o" "C:/Users/SOYO/Mango_802.11_RefDes_v1.7.1/EDK_Projects/Mango_802.11_RefDes_v1.7.1/SDK_Workspace/svn_src/wlan_mac_high_sta/wlan_mac_sta_join.c"
mb-gcc -Wall -O3 -I"C:\Users\SOYO\Mango_802.11_RefDes_v1.7.1\EDK_Projects\Mango_802.11_RefDes_v1.7.1\SDK_Workspace\svn_src\wlan_w3_common\include" -I"C:\Users\SOYO\Mango_802.11_RefDes_v1.7.1\EDK_Projects\Mango_802.11_RefDes_v1.7.1\SDK_Workspace\svn_src\wlan_mac_high_framework\wlan_exp_ip_udp" -I"C:\Users\SOYO\Mango_802.11_RefDes_v1.7.1\EDK_Projects\Mango_802.11_RefDes_v1.7.1\SDK_Workspace\svn_src\wlan_w3_high\include" -I"C:\Users\SOYO\Mango_802.11_RefDes_v1.7.1\EDK_Projects\Mango_802.11_RefDes_v1.7.1\SDK_Workspace\svn_src\wlan_mac_high_sta\include" -I"C:\Users\SOYO\Mango_802.11_RefDes_v1.7.1\EDK_Projects\Mango_802.11_RefDes_v1.7.1\SDK_Workspace\svn_src\wlan_mac_common_framework\include" -I"C:\Users\SOYO\Mango_802.11_RefDes_v1.7.1\EDK_Projects\Mango_802.11_RefDes_v1.7.1\SDK_Workspace\svn_src\wlan_mac_high_framework\include" -I../../wlan_bsp_cpu_high/mb_high/include -fdata-sections -ffunction-sections -c -fmessage-length=0 -Wclobbered -Wempty-body -Wmissing-field-initializers -Wmissing-parameter-type -Wold-style-declaration -Woverride-init -Wtype-limits -Wuninitialized -Wunused-but-set-parameter -Wformat -Wstrict-aliasing -Wshadow -Wl,--no-relax -I../../wlan_bsp_cpu_high/mb_high/include -mlittle-endian -mxl-barrel-shift -mxl-pattern-compare -mcpu=v8.40.b -mno-xl-soft-mul -MMD -MP -MF"src/wlan_mac_sta_uart_menu.d" -MT"src/wlan_mac_sta_uart_menu.d" -o"src/wlan_mac_sta_uart_menu.o" "C:/Users/SOYO/Mango_802.11_RefDes_v1.7.1/EDK_Projects/Mango_802.11_RefDes_v1.7.1/SDK_Workspace/svn_src/wlan_mac_high_sta/wlan_mac_sta_uart_menu.c"
Finished building: C:/Users/SOYO/Mango_802.11_RefDes_v1.7.1/EDK_Projects/Mango_802.11_RefDes_v1.7.1/SDK_Workspace/svn_src/wlan_w3_common/w3_mac_time_util.c
Finished building: C:/Users/SOYO/Mango_802.11_RefDes_v1.7.1/EDK_Projects/Mango_802.11_RefDes_v1.7.1/SDK_Workspace/svn_src/wlan_w3_common/w3_common.c
Finished building: C:/Users/SOYO/Mango_802.11_RefDes_v1.7.1/EDK_Projects/Mango_802.11_RefDes_v1.7.1/SDK_Workspace/svn_src/wlan_w3_high/w3_high_userio.c
Finished building: C:/Users/SOYO/Mango_802.11_RefDes_v1.7.1/EDK_Projects/Mango_802.11_RefDes_v1.7.1/SDK_Workspace/svn_src/wlan_w3_common/w3_sysmon_util.c
Finished building: C:/Users/SOYO/Mango_802.11_RefDes_v1.7.1/EDK_Projects/Mango_802.11_RefDes_v1.7.1/SDK_Workspace/svn_src/wlan_mac_high_framework/wlan_mac_event_log.c
Finished building: C:/Users/SOYO/Mango_802.11_RefDes_v1.7.1/EDK_Projects/Mango_802.11_RefDes_v1.7.1/SDK_Workspace/svn_src/wlan_w3_common/w3_userio_util.c
Finished building: C:/Users/SOYO/Mango_802.11_RefDes_v1.7.1/EDK_Projects/Mango_802.11_RefDes_v1.7.1/SDK_Workspace/svn_src/wlan_mac_high_framework/wlan_exp_user.c
Finished building: C:/Users/SOYO/Mango_802.11_RefDes_v1.7.1/EDK_Projects/Mango_802.11_RefDes_v1.7.1/SDK_Workspace/svn_src/wlan_w3_high/w3_uart.c
Finished building: C:/Users/SOYO/Mango_802.11_RefDes_v1.7.1/EDK_Projects/Mango_802.11_RefDes_v1.7.1/SDK_Workspace/svn_src/wlan_mac_high_framework/wlan_exp_transport.c
Finished building: C:/Users/SOYO/Mango_802.11_RefDes_v1.7.1/EDK_Projects/Mango_802.11_RefDes_v1.7.1/SDK_Workspace/svn_src/wlan_mac_high_framework/wlan_exp_common.c
Finished building: C:/Users/SOYO/Mango_802.11_RefDes_v1.7.1/EDK_Projects/Mango_802.11_RefDes_v1.7.1/SDK_Workspace/svn_src/wlan_mac_high_framework/wlan_mac_packet_types.c
' '
' '
Finished building: C:/Users/SOYO/Mango_802.11_RefDes_v1.7.1/EDK_Projects/Mango_802.11_RefDes_v1.7.1/SDK_Workspace/svn_src/wlan_mac_high_framework/wlan_mac_network_info.c
Finished building: C:/Users/SOYO/Mango_802.11_RefDes_v1.7.1/EDK_Projects/Mango_802.11_RefDes_v1.7.1/SDK_Workspace/svn_src/wlan_mac_high_framework/wlan_exp_ip_udp/wlan_exp_ip_udp_init.c
' '
Finished building: C:/Users/SOYO/Mango_802.11_RefDes_v1.7.1/EDK_Projects/Mango_802.11_RefDes_v1.7.1/SDK_Workspace/svn_src/wlan_mac_high_framework/wlan_exp_ip_udp/wlan_exp_ip_udp_config.c
Finished building: C:/Users/SOYO/Mango_802.11_RefDes_v1.7.1/EDK_Projects/Mango_802.11_RefDes_v1.7.1/SDK_Workspace/svn_src/wlan_mac_high_framework/wlan_mac_scan.c
' '
Finished building: C:/Users/SOYO/Mango_802.11_RefDes_v1.7.1/EDK_Projects/Mango_802.11_RefDes_v1.7.1/SDK_Workspace/svn_src/wlan_mac_high_framework/wlan_exp_ip_udp/wlan_exp_ip_udp_socket.c
' '
Finished building: C:/Users/SOYO/Mango_802.11_RefDes_v1.7.1/EDK_Projects/Mango_802.11_RefDes_v1.7.1/SDK_Workspace/svn_src/wlan_w3_high/w3_eth.c
Finished building: C:/Users/SOYO/Mango_802.11_RefDes_v1.7.1/EDK_Projects/Mango_802.11_RefDes_v1.7.1/SDK_Workspace/svn_src/wlan_w3_high/w3_high.c
Finished building: C:/Users/SOYO/Mango_802.11_RefDes_v1.7.1/EDK_Projects/Mango_802.11_RefDes_v1.7.1/SDK_Workspace/svn_src/wlan_mac_high_framework/wlan_mac_ltg.c
Finished building: C:/Users/SOYO/Mango_802.11_RefDes_v1.7.1/EDK_Projects/Mango_802.11_RefDes_v1.7.1/SDK_Workspace/svn_src/wlan_mac_high_framework/wlan_mac_schedule.c
Finished building: C:/Users/SOYO/Mango_802.11_RefDes_v1.7.1/EDK_Projects/Mango_802.11_RefDes_v1.7.1/SDK_Workspace/svn_src/wlan_mac_high_framework/wlan_mac_high_mailbox_util.c
Finished building: C:/Users/SOYO/Mango_802.11_RefDes_v1.7.1/EDK_Projects/Mango_802.11_RefDes_v1.7.1/SDK_Workspace/svn_src/wlan_mac_high_framework/wlan_mac_eth_util.c
' '
Finished building: C:/Users/SOYO/Mango_802.11_RefDes_v1.7.1/EDK_Projects/Mango_802.11_RefDes_v1.7.1/SDK_Workspace/svn_src/wlan_mac_high_framework/wlan_mac_queue.c
' '
Finished building: C:/Users/SOYO/Mango_802.11_RefDes_v1.7.1/EDK_Projects/Mango_802.11_RefDes_v1.7.1/SDK_Workspace/svn_src/wlan_mac_high_sta/wlan_mac_sta_uart_menu.c
Finished building: C:/Users/SOYO/Mango_802.11_RefDes_v1.7.1/EDK_Projects/Mango_802.11_RefDes_v1.7.1/SDK_Workspace/svn_src/wlan_mac_high_framework/wlan_mac_station_info.c
' '
' '
' '
' '
' '
Finished building: C:/Users/SOYO/Mango_802.11_RefDes_v1.7.1/EDK_Projects/Mango_802.11_RefDes_v1.7.1/SDK_Workspace/svn_src/wlan_mac_high_framework/wlan_mac_high.c
Finished building: C:/Users/SOYO/Mango_802.11_RefDes_v1.7.1/EDK_Projects/Mango_802.11_RefDes_v1.7.1/SDK_Workspace/svn_src/wlan_mac_common_framework/wlan_mac_dl_list.c
' '
' '
' '
' '
' '
Finished building: C:/Users/SOYO/Mango_802.11_RefDes_v1.7.1/EDK_Projects/Mango_802.11_RefDes_v1.7.1/SDK_Workspace/svn_src/wlan_mac_high_framework/wlan_exp_node.c
' '
Finished building: C:/Users/SOYO/Mango_802.11_RefDes_v1.7.1/EDK_Projects/Mango_802.11_RefDes_v1.7.1/SDK_Workspace/svn_src/wlan_mac_high_framework/wlan_exp_ip_udp/wlan_exp_ip_udp_eth.c
Finished building: C:/Users/SOYO/Mango_802.11_RefDes_v1.7.1/EDK_Projects/Mango_802.11_RefDes_v1.7.1/SDK_Workspace/svn_src/wlan_mac_high_framework/wlan_exp_ip_udp/wlan_exp_ip_udp_ip_udp.c
Finished building: C:/Users/SOYO/Mango_802.11_RefDes_v1.7.1/EDK_Projects/Mango_802.11_RefDes_v1.7.1/SDK_Workspace/svn_src/wlan_mac_high_framework/wlan_mac_addr_filter.c
Finished building: C:/Users/SOYO/Mango_802.11_RefDes_v1.7.1/EDK_Projects/Mango_802.11_RefDes_v1.7.1/SDK_Workspace/svn_src/wlan_mac_high_framework/wlan_mac_entries.c
Finished building: C:/Users/SOYO/Mango_802.11_RefDes_v1.7.1/EDK_Projects/Mango_802.11_RefDes_v1.7.1/SDK_Workspace/svn_src/wlan_mac_common_framework/wlan_mac_common.c
Finished building: C:/Users/SOYO/Mango_802.11_RefDes_v1.7.1/EDK_Projects/Mango_802.11_RefDes_v1.7.1/SDK_Workspace/svn_src/wlan_mac_common_framework/wlan_mac_pkt_buf_util.c
Finished building: C:/Users/SOYO/Mango_802.11_RefDes_v1.7.1/EDK_Projects/Mango_802.11_RefDes_v1.7.1/SDK_Workspace/svn_src/wlan_mac_high_sta/wlan_exp_node_sta.c
Finished building: C:/Users/SOYO/Mango_802.11_RefDes_v1.7.1/EDK_Projects/Mango_802.11_RefDes_v1.7.1/SDK_Workspace/svn_src/wlan_mac_common_framework/wlan_mac_mailbox_util.c
Finished building: C:/Users/SOYO/Mango_802.11_RefDes_v1.7.1/EDK_Projects/Mango_802.11_RefDes_v1.7.1/SDK_Workspace/svn_src/wlan_mac_high_sta/wlan_mac_sta.c
Finished building: C:/Users/SOYO/Mango_802.11_RefDes_v1.7.1/EDK_Projects/Mango_802.11_RefDes_v1.7.1/SDK_Workspace/svn_src/wlan_mac_high_sta/wlan_mac_sta_join.c
' '
' '
' '
' '
' '
' '
' '
' '
' '
' '
' '
' '
' '
' '
' '
' '
' '
' '
' '
' '
Building target: wlan_mac_high_sta.elf
Invoking: MicroBlaze gcc linker
mb-gcc -Wl,--no-relax -Wl,-Map=executable.map,--gc-sections -Wl,-T -Wl,../../svn_src/wlan_w3_high/lscript.ld -L../../wlan_bsp_cpu_high/mb_high/lib -mlittle-endian -mxl-barrel-shift -mxl-pattern-compare -mcpu=v8.40.b -mno-xl-soft-mul -o"wlan_mac_high_sta.elf"  ./wlan_platform_high/w3_eth.o ./wlan_platform_high/w3_high.o ./wlan_platform_high/w3_high_userio.o ./wlan_platform_high/w3_uart.o  ./wlan_platform_common/w3_common.o ./wlan_platform_common/w3_mac_time_util.o ./wlan_platform_common/w3_sysmon_util.o ./wlan_platform_common/w3_userio_util.o  ./wlan_mac_high_framework/wlan_exp_common.o ./wlan_mac_high_framework/wlan_exp_node.o ./wlan_mac_high_framework/wlan_exp_transport.o ./wlan_mac_high_framework/wlan_exp_user.o ./wlan_mac_high_framework/wlan_mac_addr_filter.o ./wlan_mac_high_framework/wlan_mac_entries.o ./wlan_mac_high_framework/wlan_mac_eth_util.o ./wlan_mac_high_framework/wlan_mac_event_log.o ./wlan_mac_high_framework/wlan_mac_high.o ./wlan_mac_high_framework/wlan_mac_high_mailbox_util.o ./wlan_mac_high_framework/wlan_mac_ltg.o ./wlan_mac_high_framework/wlan_mac_network_info.o ./wlan_mac_high_framework/wlan_mac_packet_types.o ./wlan_mac_high_framework/wlan_mac_queue.o ./wlan_mac_high_framework/wlan_mac_scan.o ./wlan_mac_high_framework/wlan_mac_schedule.o ./wlan_mac_high_framework/wlan_mac_station_info.o  ./wlan_mac_high_framework/wlan_exp_ip_udp/wlan_exp_ip_udp_config.o ./wlan_mac_high_framework/wlan_exp_ip_udp/wlan_exp_ip_udp_eth.o ./wlan_mac_high_framework/wlan_exp_ip_udp/wlan_exp_ip_udp_init.o ./wlan_mac_high_framework/wlan_exp_ip_udp/wlan_exp_ip_udp_ip_udp.o ./wlan_mac_high_framework/wlan_exp_ip_udp/wlan_exp_ip_udp_socket.o  ./wlan_mac_common_framework/wlan_mac_common.o ./wlan_mac_common_framework/wlan_mac_dl_list.o ./wlan_mac_common_framework/wlan_mac_mailbox_util.o ./wlan_mac_common_framework/wlan_mac_pkt_buf_util.o  ./src/wlan_exp_node_sta.o ./src/wlan_mac_sta.o ./src/wlan_mac_sta_join.o ./src/wlan_mac_sta_uart_menu.o   -Wl,--start-group,-lxil,-lgcc,-lc,--end-group
Finished building target: wlan_mac_high_sta.elf
' '
Invoking: MicroBlaze Print Size
mb-size wlan_mac_high_sta.elf  |tee "wlan_mac_high_sta.elf.size"
Invoking: Xilinx ELF Check
elfcheck wlan_mac_high_sta.elf -hw ../../Mango_802.11_RefDes_v1.7.1_hw_platform/system.xml -pe mb_high  |tee "wlan_mac_high_sta.elf.elfcheck"
   text	   data	    bss	    dec	    hex	filename
 217976	   1973	  65955	 285904	  45cd0	wlan_mac_high_sta.elf
Finished building: wlan_mac_high_sta.elf.size
' '
elfcheck
Xilinx EDK 14.4 Build EDK_P.49d
Copyright (c) 1995-2012 Xilinx, Inc.  All rights reserved.

Command Line: elfcheck -hw
../../Mango_802.11_RefDes_v1.7.1_hw_platform/system.xml -pe mb_high
wlan_mac_high_sta.elf 

ELF file	: wlan_mac_high_sta.elf
elfcheck passed.
Finished building: wlan_mac_high_sta.elf.elfcheck
' '
